12-19 18:21:06.018 21444 21444 D ConnectivityManager: StackLog: [android.net.ConnectivityManager.sendRequestForNetwork(ConnectivityManager.java:4412)] [android.net.ConnectivityManager.registerDefaultNetworkCallbackForUid(ConnectivityManager.java:4976)] [android.net.ConnectivityManager.registerDefaultNetworkCallback(ConnectivityManager.java:4943)] [dz2.c(chromium-TrichromeChromeGoogle6432.aab-stable-677813533:43)] [gn3.n(chromium-TrichromeChromeGoogle6432.aab-stable-677813533:7)] [org.chromium.base.ApplicationStatus.f(chromium-TrichromeChromeGoogle6432.aab-stable-677813533:241)] [Yk.onActivityCreated(chromium-TrichromeChromeGoogle6432.aab-stable-677813533:40)] [android.app.Application.dispatchActivityCreated(Application.java:387)] [android.app.Activity.dispatchActivityCreated(Activity.java:1460)] [android.app.Activity.onCreate(Activity.java:1770)] [org.chromium.chrome.browser.document.ChromeLauncherActivity.onCreate(chromium-TrichromeChromeGoogle6432.aab-stable-677813533:7)] [android.app.Activity.performCreate(Activity.java:8975)] [android.app.Activity.performCreate(Activity.java:8944)] [android.app.Instrumentation.callActivityOnCreate(Instrumentation.java:1456)] [android.app.ActivityThread.performLaunchActivity(ActivityThread.java:4146)] [android.app.ActivityThread.handleLaunchActivity(ActivityThread.java:4322)] [android.app.servertransaction.LaunchActivityItem.execute(LaunchActivityItem.java:103)] [android.app.servertransaction.TransactionExecutor.executeCallbacks(TransactionExecutor.java:139)] [android.app.servertransaction.TransactionExecutor.execute(TransactionExecutor.java:96)] [android.app.ActivityThread$H.handleMessage(ActivityThread.java:2685)]
12-19 18:21:06.018 25639 25669 I ForwardSyncCache: reclaimMemory: Clearing caches
12-19 18:21:06.019  1237  1709 D ConnectivityService: requestNetwork for uid/pid:10231/21444 activeRequest: null callbackRequest: 10232 [NetworkRequest [ REQUEST id=10233, [ Capabilities: INTERNET&NOT_RESTRICTED&TRUSTED&NOT_VCN_MANAGED Uid: 10231 RequestorUid: 10231 RequestorPkg: com.android.chrome UnderlyingNetworks: Null] ]] callback flags: 0 order: 2147483647
12-19 18:21:06.019 25639 25669 W Bugle   : TextClassifierLibManagerImpl: Reclaiming memory at level: 40
12-19 18:21:06.020  1237  1508 D ConnectivityService:    accepting network in place of null for NetworkRequest [ REQUEST id=10233, [ Capabilities: INTERNET&NOT_RESTRICTED&TRUSTED&NOT_VCN_MANAGED Uid: 10231 RequestorUid: 10231 RequestorPkg: com.android.chrome UnderlyingNetworks: Null] ]
12-19 18:21:06.020  1237  1304 D PkgPredictorService-SecIpmManagerServiceImpl: onForegroundActivitiesChanged pid:21444 uid:10231
12-19 18:21:06.021 21444 21444 D ConnectivityManager: StackLog: [android.net.ConnectivityManager.sendRequestForNetwork(ConnectivityManager.java:4412)] [android.net.ConnectivityManager.sendRequestForNetwork(ConnectivityManager.java:4454)] [android.net.ConnectivityManager.registerNetworkCallback(ConnectivityManager.java:4836)] [dz2.c(chromium-TrichromeChromeGoogle6432.aab-stable-677813533:85)] [gn3.n(chromium-TrichromeChromeGoogle6432.aab-stable-677813533:7)] [org.chromium.base.ApplicationStatus.f(chromium-TrichromeChromeGoogle6432.aab-stable-677813533:241)] [Yk.onActivityCreated(chromium-TrichromeChromeGoogle6432.aab-stable-677813533:40)] [android.app.Application.dispatchActivityCreated(Application.java:387)] [android.app.Activity.dispatchActivityCreated(Activity.java:1460)] [android.app.Activity.onCreate(Activity.java:1770)] [org.chromium.chrome.browser.document.ChromeLauncherActivity.onCreate(chromium-TrichromeChromeGoogle6432.aab-stable-677813533:7)] [android.app.Activity.performCreate(Activity.java:8975)] [android.app.Activity.performCreate(Activity.java:8944)] [android.app.Instrumentation.callActivityOnCreate(Instrumentation.java:1456)] [android.app.ActivityThread.performLaunchActivity(ActivityThread.java:4146)] [android.app.ActivityThread.handleLaunchActivity(ActivityThread.java:4322)] [android.app.servertransaction.LaunchActivityItem.execute(LaunchActivityItem.java:103)] [android.app.servertransaction.TransactionExecutor.executeCallbacks(TransactionExecutor.java:139)] [android.app.servertransaction.TransactionExecutor.execute(TransactionExecutor.java:96)] [android.app.ActivityThread$H.handleMessage(ActivityThread.java:2685)]
12-19 18:21:06.021  1237  1304 D NetworkPolicy: already checked 10231
12-19 18:21:06.023  1237  1478 D WifiNetworkFactory: got request NetworkRequest [ REQUEST id=10233, [ Capabilities: INTERNET&NOT_RESTRICTED&TRUSTED&NOT_VCN_MANAGED Uid: 10231 RequestorUid: 10231 RequestorPkg: com.android.chrome UnderlyingNetworks: Null] ]
12-19 18:21:06.025 11737 17387 I SAMSUNGWALLET: [Hint_ProcessStatusChange] fg Change, pid : 21444 , isNotify : true , isForeground : true , fg list : [21444, 26843]
12-19 18:21:06.026  2218  2394 I HoneySpace.TopTaskSource: onTaskFocusChanged(): taskId = 428
12-19 18:21:06.026  2218  2394 I HoneySpace.TopTaskSource: onTaskFocusChanged(): taskId = 428
12-19 18:21:06.026  2218  2394 I HoneySpace.TopTaskSource: onTaskMovedToFront : taskId = 428
12-19 18:21:06.026  2218  2394 I HoneySpace.TopTaskSource: onTaskMovedToFront : taskId = 428
12-19 18:21:06.028 17031 17105 I Rubin   : [14331] zb.a.c(Unknown Source) : Notify com.samsung.android.rubin.inferenceengine.contextanalytics.engine.loggers.AppUsageLogger's database is updated.
12-19 18:21:06.029 21444 21444 W cr_ActivityDispatcher: CustomTabsIntent#shouldAlwaysUseBrowserUI() = false
12-19 18:21:06.029 21444 21444 W cr_ActivityDispatcher: CustomTabsIntent#shouldAlwaysUseBrowserUI() = false
12-19 18:21:06.031  1237  2213 D CompatibilityChangeReporter: Compat change id reported: 259743961; UID 10231; state: ENABLED
12-19 18:21:06.032  1237  4968 D ActivityTaskManager: startActivityAsUser: callingPid=21444, callingUid=10231, caller=com.android.server.wm.ActivityTaskManagerService.startActivityAsUser:1844 com.android.server.wm.ActivityTaskManagerService.startActivity:1818 android.app.IActivityTaskManager$Stub.onTransact:1353 com.android.server.wm.ActivityTaskManagerService.onTransact:6972 android.os.Binder.execTransactInternal:1380 android.os.Binder.execTransact:1311 <bottom of call stack>
12-19 18:21:06.032   925   925 I BpBinder: onLastStrongRef automatically unlinking death recipients:
12-19 18:21:06.032  1237  1508 D ConnectivityService: Rematched networks [computed 0ms] [applied 1ms] [issued 11]
12-19 18:21:06.032  1237  1508 D ConnectivityService: NetworkReassignment :
12-19 18:21:06.032  1237  1508 D ConnectivityService:   10233 : null  113
12-19 18:21:06.033  1237  1478 D UntrustedWifiNetworkFactory: got request NetworkRequest [ REQUEST id=10233, [ Capabilities: INTERNET&NOT_RESTRICTED&TRUSTED&NOT_VCN_MANAGED Uid: 10231 RequestorUid: 10231 RequestorPkg: com.android.chrome UnderlyingNetworks: Null] ]
12-19 18:21:06.033  1237  1478 D OemPaidWifiNetworkFactory: got request NetworkRequest [ REQUEST id=10233, [ Capabilities: INTERNET&NOT_RESTRICTED&TRUSTED&NOT_VCN_MANAGED Uid: 10231 RequestorUid: 10231 RequestorPkg: com.android.chrome UnderlyingNetworks: Null] ]
12-19 18:21:06.033  1237  1478 D MultiInternetWifiNetworkFactory: got request NetworkRequest [ REQUEST id=10233, [ Capabilities: INTERNET&NOT_RESTRICTED&TRUSTED&NOT_VCN_MANAGED Uid: 10231 RequestorUid: 10231 RequestorPkg: com.android.chrome UnderlyingNetworks: Null] ]
12-19 18:21:06.033  1237  1775 D CompatibilityChangeReporter: Compat change id reported: 135634846; UID 10146; state: DISABLED
12-19 18:21:06.033  1237  1775 D CompatibilityChangeReporter: Compat change id reported: 177438394; UID 10146; state: DISABLED
12-19 18:21:06.033  1237  1775 D CompatibilityChangeReporter: Compat change id reported: 135772972; UID 10146; state: DISABLED
12-19 18:21:06.035  1237  4968 V Transition:  allReady query: used=true, override=false, defer=0, states=Display{#0 state=ON size=1080x2340 ROTATION_0}:true
12-19 18:21:06.035  1237  1775 D CompatibilityChangeReporter: Compat change id reported: 135754954; UID 10146; state: ENABLED
12-19 18:21:06.035  1237  2611 D InputDispatcher: Focus request (0): <null> but waiting because NO_WINDOW
12-19 18:21:06.035  1237  2611 D InputDispatcher: Focus left window (0): 57ef65c com.shubhumm.hospitalfinder/com.shubhumm.hospitalfinder.MainActivity
12-19 18:21:06.035  1237  4968 V WindowManager: Collecting in transition 2711: ActivityRecord{8d727ce u0 com.android.chrome/org.chromium.chrome.browser.customtabs.CustomTabActivity, caller=com.android.server.wm.Transition.collect:759 com.android.server.wm.TransitionController.collect:935 com.android.server.wm.ActivityStarter.startActivityUnchecked:2361 com.android.server.wm.ActivityStarter.executeRequest:1950 com.android.server.wm.ActivityStarter.execute:1090
12-19 18:21:06.036  1237  4968 D ActivityTaskManager: TaskLaunchParamsModifier:task=null activity=ActivityRecord{8d727ce u0 com.android.chrome/org.chromium.chrome.browser.customtabs.CustomTabActivity t-1} display-area-from-source=DefaultTaskDisplayArea_d0@48790169 display-id=0 task-display-area-windowing-mode=1 suggested-display-area=DefaultTaskDisplayArea_d0@48790169
12-19 18:21:06.036  1237  4968 D ActivityTaskManager: TaskLaunchParamsModifier:task=null activity=ActivityRecord{8d727ce u0 com.android.chrome/org.chromium.chrome.browser.customtabs.CustomTabActivity t-1} display-area-from-source=DefaultTaskDisplayArea_d0@48790169 display-id=0 task-display-area-windowing-mode=1 suggested-display-area=DefaultTaskDisplayArea_d0@48790169 inherit-from-source=fullscreen non-freeform-task-display-area display-area=DefaultTaskDisplayArea_d0@48790169 default-portrait freeform-size-mismatch=Rect(81, 602 - 999, 1772)
12-19 18:21:06.036 26843 26843 I ViewRootImpl@383aab3[MainActivity]: handleWindowFocusChanged: 0 0 call from android.view.ViewRootImpl.-$$Nest$mhandleWindowFocusChanged:0
12-19 18:21:06.036 26843 26843 I ImeFocusController: onPreWindowFocus: skipped, hasWindowFocus=false mHasImeFocus=true
12-19 18:21:06.036 26843 26843 I ImeFocusController: onPostWindowFocus: skipped, hasWindowFocus=false mHasImeFocus=true
12-19 18:21:06.037   925  1150 I SurfaceFlinger: id=50705 createSurf, flag=24004, Task=429#50705
12-19 18:21:06.038  1237  4968 D ActivityTaskManager: TaskLaunchParamsModifier:task=Task{910e6ef #429 type=standard A=10231:com.android.chrome} activity=ActivityRecord{8d727ce u0 com.android.chrome/org.chromium.chrome.browser.customtabs.CustomTabActivity t-1} display-area-from-source=DefaultTaskDisplayArea_d0@48790169 display-id=0 task-display-area-windowing-mode=1 suggested-display-area=DefaultTaskDisplayArea_d0@48790169 inherit-from-source=fullscreen non-freeform-task-display-area display-area=DefaultTaskDisplayArea_d0@48790169 default-portrait freeform-size-mismatch=Rect(81, 602 - 999, 1772)
12-19 18:21:06.039  1237  4968 V WindowManager: Collecting in transition 2711: Task{910e6ef #429 type=standard A=10231:com.android.chrome}, caller=com.android.server.wm.Transition.collect:759 com.android.server.wm.Transition.collectExistenceChange:942 com.android.server.wm.TransitionController.collectExistenceChange:985 com.android.server.wm.ActivityStarter.setNewTask:4712 com.android.server.wm.ActivityStarter.startActivityInner:2929
12-19 18:21:06.039  2632  2687 I RequestManager_FLP: onOpChanged, op=0 / packageName=com.android.chrome
12-19 18:21:06.040  1237  1313 D CompatibilityChangeReporter: Compat change id reported: 143937733; UID 10146; state: ENABLED
12-19 18:21:06.040   925  2713 I SurfaceFlinger: id=50706 createSurf, flag=84004, ActivityRecord{8d727ce u0 com.android.chrome/org.chromium.chrome.browser.customtabs.CustomTabActivity t429}#50706
12-19 18:21:06.040  1237  1306 D EnterpriseDeviceManagerService: isMdmAdminPresentInternal() : MDM Admin Found - com.samsung.knox.securefolder
12-19 18:21:06.041  1237  4968 D ActivityTaskManager: scheduleTopResumedActivityChanged, onTop=false, r=ActivityRecord{afec458 u0 com.android.chrome/com.google.android.apps.chrome.IntentDispatcher t428}, caller=com.android.server.wm.ActivityTaskSupervisor.updateTopResumedActivityIfNeeded:2826 com.android.server.wm.TaskDisplayArea.positionChildTaskAt:567 com.android.server.wm.TaskDisplayArea.positionChildAt:483 com.android.server.wm.Task.moveToFront:6077 com.android.server.wm.ActivityStarter.startActivityInner:2957 com.android.server.wm.ActivityStarter.startActivityUnchecked:2364
12-19 18:21:06.041  1237  4968 V WindowManager: Checking theme of starting window: 0x7f1505ea
12-19 18:21:06.041  1237  4968 V WindowManager: Translucent=false Floating=false ShowWallpaper=false Disable=false
12-19 18:21:06.041  1237  4968 V WindowManager: Creating SplashScreenStartingData
12-19 18:21:06.041  1237  4968 D ActivityTaskManager: Add starting ActivityRecord{8d727ce u0 com.android.chrome/org.chromium.chrome.browser.customtabs.CustomTabActivity t429}: typeParam=175 startingData=com.android.server.wm.SplashScreenStartingData@8f3d5e8
12-19 18:21:06.042  1237  4968 V WindowManager: Added starting ActivityRecord{8d727ce u0 com.android.chrome/org.chromium.chrome.browser.customtabs.CustomTabActivity t429}: startingWindow=null startingView=com.android.server.wm.StartingSurfaceController$StartingSurface@46ef401
12-19 18:21:06.043  1237  4968 V Transition:  allReady query: used=true, override=false, defer=0, states=Display{#0 state=ON size=1080x2340 ROTATION_0}:false
12-19 18:21:06.043  1237  4968 V WindowManager: Collecting in transition 2711: ActivityRecord{8d727ce u0 com.android.chrome/org.chromium.chrome.browser.customtabs.CustomTabActivity t429}, caller=com.android.server.wm.Transition.collect:759 com.android.server.wm.Transition.collectExistenceChange:942 com.android.server.wm.TransitionController.collectExistenceChange:985 com.android.server.wm.ActivityStarter.handleStartResult:2542 com.android.server.wm.ActivityStarter.startActivityUnchecked:2369
12-19 18:21:06.043  1237  4968 V Transition:  allReady query: used=true, override=false, defer=0, states=Display{#0 state=ON size=1080x2340 ROTATION_0}:false
12-19 18:21:06.045  1237  4968 I ActivityTaskManager: START u0 {act=android.intent.action.VIEW dat=https://accounts.google.com/... flg=0x5a080000 cmp=com.android.chrome/org.chromium.chrome.browser.customtabs.CustomTabActivity (has extras)} with LAUNCH_MULTIPLE from uid 10231 (BAL_ALLOW_VISIBLE_WINDOW) result code=0
12-19 18:21:06.045  1237  4968 I Pageboost: stop alp
12-19 18:21:06.045  2674  2674 E pageboostd: Received HALT command code 2
12-19 18:21:06.045  1237  1775 V WindowManager: Collecting in transition 2711: Task{25c99b1 #428 type=standard I=com.android.chrome/com.google.android.apps.chrome.IntentDispatcher}, caller=com.android.server.wm.Transition.collect:759 com.android.server.wm.Transition.collectExistenceChange:942 com.android.server.wm.TransitionController.collectExistenceChange:985 com.android.server.wm.TransitionController.requestCloseTransitionIfNeeded:923 com.android.server.wm.ActivityRecord.finishIfPossible:4311
12-19 18:21:06.048  1237  1508 D ConnectivityService: Rematched networks [computed 1ms] [applied 6ms] [issued 8]
12-19 18:21:06.048  1237  1508 D ConnectivityService: NetworkReassignment : no changes
12-19 18:21:06.048 21444 21444 I DecorView: setWindowBackground: isPopOver=false color=ff010102 d=null
12-19 18:21:06.049   820   820 D Zygote  : Forked child process 27009
12-19 18:21:06.050  4690  6018 I FASProvider: makeValuesForFasUpdate contentValues = package_name=com.android.chrome extras=0 reason=deleted_from_mars_auto disableReason=default disableResetTime=1734612666037 uid=10231 mode=0 level=1 resetTime=0
12-19 18:21:06.053  1237  2282 V WindowManager: Collecting in transition 2711: ActivityRecord{afec458 u0 com.android.chrome/com.google.android.apps.chrome.IntentDispatcher t428 f}}, caller=com.android.server.wm.Transition.collect:759 com.android.server.wm.TransitionController.collect:935 com.android.server.wm.ActivityRecord.setVisibility:6348 com.android.server.wm.ActivityRecord.setVisibility:6300 com.android.server.wm.TaskFragment.resumeTopActivity:1674
12-19 18:21:06.053  1237  2282 D WindowManager: VisibleRequested updated, r=ActivityRecord{afec458 u0 com.android.chrome/com.google.android.apps.chrome.IntentDispatcher t428 f}}
12-19 18:21:06.053  1237  1313 I ActivityManager: Start proc 27009:com.sec.android.app.chromecustomizations/u0a146 for content provider {com.sec.android.app.chromecustomizations/com.sec.samsung.android.chromecustomizations.chromecustomizationprovider}
12-19 18:21:06.054  1237  2282 V WindowManager: Collecting in transition 2711: ActivityRecord{8d727ce u0 com.android.chrome/org.chromium.chrome.browser.customtabs.CustomTabActivity t429}, caller=com.android.server.wm.Transition.collect:759 com.android.server.wm.TransitionController.collect:935 com.android.server.wm.ActivityRecord.setVisibility:6348 com.android.server.wm.ActivityRecord.setVisibility:6300 com.android.server.wm.ActivityRecord.makeVisibleIfNeeded:7102

12-19 18:21:06.054  1237  2282 V WindowManager: Collecting in transition 2711: ActivityRecord{3c217c6 u95 com.shubhumm.hospitalfinder/.MainActivity t427}, caller=com.android.server.wm.Transition.collect:759 com.android.server.wm.TransitionController.collect:935 com.android.server.wm.ActivityRecord.setVisibility:6348 com.android.server.wm.ActivityRecord.setVisibility:6300 com.android.server.wm.ActivityRecord.makeInvisible:7137
12-19 18:21:06.054  1237  2282 D WindowManager: prepareSync <SYNC_STATE_WAITING_FOR_DRAW>, mPrepareSyncSeqId=0, win=Window{57ef65c u95 com.shubhumm.hospitalfinder/com.shubhumm.hospitalfinder.MainActivity}
12-19 18:21:06.054  1237  2282 D WindowManager: VisibleRequested updated, r=ActivityRecord{3c217c6 u95 com.shubhumm.hospitalfinder/.MainActivity t427}
12-19 18:21:06.054  1237  2282 V WindowManager: rotationForOrientation(orient=SCREEN_ORIENTATION_UNSPECIFIED (-1), last=ROTATION_0 (0)); user=ROTATION_0 (0) USER_ROTATION_LOCKED
12-19 18:21:06.054  1237  2282 D WindowManager: rotationForOrientation, orientationSource=ActivityRecord{8d727ce u0 com.android.chrome/org.chromium.chrome.browser.customtabs.CustomTabActivity t429}
12-19 18:21:06.054  1237  2282 V WindowManager: rotationForOrientation(orient=SCREEN_ORIENTATION_UNSPECIFIED (-1), last=ROTATION_0 (0)); user=ROTATION_0 (0) USER_ROTATION_LOCKED
12-19 18:21:06.054  1237  2282 D WindowManager: rotationForOrientation, orientationSource=ActivityRecord{8d727ce u0 com.android.chrome/org.chromium.chrome.browser.customtabs.CustomTabActivity t429}
12-19 18:21:06.054  1237  2282 V WindowManager: Computed rotation=ROTATION_0 (0) for display id=0 based on lastOrientation=SCREEN_ORIENTATION_UNSPECIFIED (-1) and oldRotation=ROTATION_0 (0), caller=com.android.server.wm.DisplayRotation.updateOrientation:517 com.android.server.wm.DisplayContent.updateOrientation:2176 com.android.server.wm.DisplayContent.updateOrientation:2092 com.android.server.wm.RootWindowContainer.ensureVisibilityAndConfig:2091 com.android.server.wm.ActivityTaskSupervisor.realStartActivityLocked:932 com.android.server.wm.ActivityTaskSupervisor.startSpecificActivity:1267
12-19 18:21:06.054  1237  2282 V WindowManager: rotationForOrientation(orient=SCREEN_ORIENTATION_UNSPECIFIED (-1), last=ROTATION_0 (0)); user=ROTATION_0 (0) USER_ROTATION_LOCKED
12-19 18:21:06.055  1237  2282 D WindowManager: rotationForOrientation, orientationSource=ActivityRecord{8d727ce u0 com.android.chrome/org.chromium.chrome.browser.customtabs.CustomTabActivity t429}
12-19 18:21:06.055  1237  2282 V WindowManager: Collecting in transition 2711: ActivityRecord{8d727ce u0 com.android.chrome/org.chromium.chrome.browser.customtabs.CustomTabActivity t429}, caller=com.android.server.wm.Transition.collect:759 com.android.server.wm.TransitionController.collect:935 com.android.server.wm.ActivityRecord.setVisibility:6348 com.android.server.wm.ActivityRecord.setVisibility:6300 com.android.server.wm.ActivityTaskSupervisor.realStartActivityLocked:941
12-19 18:21:06.055  1237  2282 D SGM:PkgDataHelper: notifyAppCreate(), pkgName: com.android.chrome, userId: 0, sendRet: true
12-19 18:21:06.055 11737 13863 I SAMSUNGWALLET: [Hint_SimpleHintProcessMonitor] isHomePackageRunning topPkgName = com.shubhumm.hospitalfinder, topClsName = com.shubhumm.hospitalfinder.MainActivity, return false , se : false
12-19 18:21:06.055  1237  1447 D SGM:FgCheckThread: onLooperPrepared(), msg: MSG_APP_CREATE, pkgName: com.android.chrome, userId: 0
12-19 18:21:06.055  1237  2282 D SGM:FgCheckThread: TaskStackListener.onTaskFocusChanged(), taskId=428, focused=false
12-19 18:21:06.056  1237  2282 D SGM:FgCheckThread: TaskStackListener.onTaskFocusChanged(), taskId=429, focused=true
12-19 18:21:06.056  1237  2282 D SGM:FgCheckThread:   sendRunningComponentFocus(), pkgName: com.android.chrome, userId: 0
12-19 18:21:06.056  1237  2282 D InputDispatcher: Focused application(0): ActivityRecord{8d727ce u0 com.android.chrome/org.chromium.chrome.browser.customtabs.CustomTabActivity t429}
12-19 18:21:06.056  1237  1447 D SGM:FgCheckThread: onLooperPrepared(), msg: MSG_TASK_FOCUSED, pkgName: com.android.chrome, userId: 0
12-19 18:21:06.056  1237  1447 D SGM:FgCheckThread: handleTaskFocused().
12-19 18:21:06.056  1237  1447 D SGM:FgCheckThread:   handleTaskFocused(), pkgName: com.android.chrome, userID:0
12-19 18:21:06.056  1237  1447 D SGM:FgCheckThread: handleResume().
12-19 18:21:06.056  1237  2282 D SGM:FgCheckThread: TaskStackListener.onTaskFocusChanged(), taskId=428, focused=false
12-19 18:21:06.056  1237  2282 D SGM:FgCheckThread: TaskStackListener.onTaskFocusChanged(), taskId=429, focused=true
12-19 18:21:06.056 11737 11737 I SAMSUNGWALLET: [Hint_PayHintService] Hint Status - already invisible, skip hide : [4000000] - Home Package Not Running
12-19 18:21:06.057  1237  2282 D SGM:FgCheckThread:   sendRunningComponentFocus(), pkgName: com.android.chrome, userId: 0
12-19 18:21:06.057  1237  1447 D SGM:FgCheckThread: sendFocusOutConditionally() - mPrevNotiPkg: (unknown), userId: 0
12-19 18:21:06.057  1237  1447 D SGM:FgCheckThread:   handleResume(). pkgName: com.android.chrome, userId: 0, isTunableApp: null
12-19 18:21:06.057  1237  1447 D SGM:FgCheckThread: notifyFocusInOut(). of pkg: com.android.chrome, type: 4, isTunableApp: false, userId: 0
12-19 18:21:06.057  1237  1447 D SGM:FgCheckThread:   notifyFocusInOut(). unexpected mPrevNotiType: -1
12-19 18:21:06.057  1237  1447 D SGM:SystemHelper: callReleaseBlock needReleaseBlock:false
12-19 18:21:06.057  1237  1447 D SGM:FgCheckThread: onLooperPrepared(), msg: MSG_TASK_FOCUSED, pkgName: com.android.chrome, userId: 0
12-19 18:21:06.057  1237  1447 D SGM:FgCheckThread: handleTaskFocused().
12-19 18:21:06.057  1237  1447 D SGM:FgCheckThread:   handleTaskFocused(), pkgName: com.android.chrome, userID:0
12-19 18:21:06.057  1237  2282 D ActivityTaskManager: scheduleTopResumedActivityChanged, onTop=true, r=ActivityRecord{8d727ce u0 com.android.chrome/org.chromium.chrome.browser.customtabs.CustomTabActivity t429}, caller=com.android.server.wm.ActivityTaskSupervisor.scheduleTopResumedActivityStateIfNeeded:2857 com.android.server.wm.ActivityTaskSupervisor.updateTopResumedActivityIfNeeded:2849 com.android.server.wm.TaskFragment.setResumedActivity:579 com.android.server.wm.TaskFragment.onActivityStateChanged:903 com.android.server.wm.ActivityRecord.setState:6811 com.android.server.wm.Task.minimalResumeActivityLocked:6192
12-19 18:21:06.058  1237  2282 V WindowManager: Collecting in transition 2711: ActivityRecord{8d727ce u0 com.android.chrome/org.chromium.chrome.browser.customtabs.CustomTabActivity t429}, caller=com.android.server.wm.Transition.collect:759 com.android.server.wm.TransitionController.collect:935 com.android.server.wm.ActivityRecord.setVisibility:6348 com.android.server.wm.ActivityRecord.setVisibility:6300 com.android.server.wm.ActivityRecord.completeResumeLocked:7395
12-19 18:21:06.058  1678  1849 D NativeCustomFrequencyManager: [NativeCFMS] BpCustomFrequencyManager::BpCustomFrequencyManager()
12-19 18:21:06.058  1237  2282 V Transition:  allReady query: used=true, override=false, defer=0, states=Display{#0 state=ON size=1080x2340 ROTATION_0}:true
12-19 18:21:06.058  1237  2282 D WindowManagerServiceExt: notifyOccludeChangeNotice: cn=ComponentInfo{com.android.chrome/org.chromium.chrome.browser.customtabs.CustomTabActivity} occludesParent=true isInSplitScreenMode=false styleFloating=false caller=com.android.server.wm.ActivityRecord.completeResumeLocked:7452 com.android.server.wm.Task.minimalResumeActivityLocked:6193 com.android.server.wm.ActivityTaskSupervisor.realStartActivityLocked:1158 com.android.server.wm.ActivityTaskSupervisor.startSpecificActivity:1267 com.android.server.wm.TaskFragment.resumeTopActivity:1885
12-19 18:21:06.059  1237  1447 D SGM:FgCheckThread: handleResume().
12-19 18:21:06.060  1237  2282 D WindowManager: SyncGroup 2711:  Unfinished container: Task{910e6ef #429 type=standard A=10231:com.android.chrome} mSyncState=2
12-19 18:21:06.060  1237  1447 D SGM:FgCheckThread: sendFocusOutConditionally() - mPrevNotiPkg: (unknown), userId: 0
12-19 18:21:06.060  1237  1447 D SGM:FgCheckThread:   handleResume(). pkgName: com.android.chrome, userId: 0, isTunableApp: null
12-19 18:21:06.060  1237  1447 D SGM:FgCheckThread: notifyFocusInOut(). of pkg: com.android.chrome, type: 4, isTunableApp: false, userId: 0
12-19 18:21:06.060  1237  1447 D SGM:FgCheckThread:   notifyFocusInOut(). unexpected mPrevNotiType: -1
12-19 18:21:06.060  1237  1447 D SGM:SystemHelper: callReleaseBlock needReleaseBlock:false
12-19 18:21:06.062  1237  1527 D AS.MultiSoundManager: mForegroundUid = 10231
12-19 18:21:06.062  1034  4971 I CameraService: onUidStateChanged: uid=10046, procState is changed. (0 -> 1)
12-19 18:21:06.062  1237  1527 D AS.MultiSoundManager: mForegroundUid = 10231
12-19 18:21:06.063  1237  1306 I GameSDK@LifeCycle: noteResumeComponent(): package name  : com.android.chrome
12-19 18:21:06.063  1237  1553 I CocktailBarManagerServiceContainer: handleMessage: entry what = 5
12-19 18:21:06.064  2218  2218 I Edge.ActivityUtils: HomePackage : com.sec.android.app.launcher, resumePackageName : com.android.chrome
12-19 18:21:06.065 21444 21444 W cr_ActivityDispatcher: CustomTabsIntent#shouldAlwaysUseBrowserUI() = false
12-19 18:21:06.067  1237  2282 D CompatibilityChangeReporter: Compat change id reported: 168419799; UID 10231; state: DISABLED
12-19 18:21:06.067  1237  2282 D CompatibilityChangeReporter: Compat change id reported: 273564678; UID 10231; state: DISABLED
12-19 18:21:06.068  1237  2282 D InputTransport: Input channel constructed: '2d5cf3d', fd=1022
12-19 18:21:06.068  1237  2282 D InputTransport: Input channel constructed: '2d5cf3d', fd=1042
12-19 18:21:06.068  1237  2282 D InputTransport: Input channel constructed: '2d5cf3d', fd=1043
12-19 18:21:06.068  1237  2282 D WindowManager: prepareSync <SYNC_STATE_WAITING_FOR_DRAW>, mPrepareSyncSeqId=0, win=Window{2d5cf3d u0 Splash Screen com.android.chrome}
12-19 18:21:06.070 21444 21444 I DecorView: setWindowBackground: isPopOver=false color=ff121316 d=android.graphics.drawable.ColorDrawable@e9d10ff
12-19 18:21:06.071   925  2713 I SurfaceFlinger: id=50707 createSurf, flag=84004, 2d5cf3d Splash Screen com.android.chrome#50707
12-19 18:21:06.073  1237  2282 V WindowManager: addWindow: ActivityRecord{8d727ce u0 com.android.chrome/org.chromium.chrome.browser.customtabs.CustomTabActivity t429} startingWindow=Window{2d5cf3d u0 Splash Screen com.android.chrome}
12-19 18:21:06.074  1237  1306 D SGM:FgCheckThread: noteResumeComponent(), received pkgName: com.android.chrome, userId: 0
12-19 18:21:06.074  1237  1447 D SGM:FgCheckThread: onLooperPrepared(), msg: MSG_APP_RESUME, pkgName: com.android.chrome, userid: 0
12-19 18:21:06.074  1237  1447 D SGM:FgCheckThread: handleResume().
12-19 18:21:06.074  1237  1447 D SGM:FgCheckThread: sendFocusOutConditionally() - mPrevNotiPkg: (unknown), userId: 0
12-19 18:21:06.075  1237  1447 D SGM:FgCheckThread:   handleResume(). pkgName: com.android.chrome, userId: 0, isTunableApp: null
12-19 18:21:06.075  1237  1447 D SGM:FgCheckThread: notifyFocusInOut(). of pkg: com.android.chrome, type: 4, isTunableApp: false, userId: 0
12-19 18:21:06.076  1237  1447 D SGM:FgCheckThread:   notifyFocusInOut(). unexpected mPrevNotiType: -1
12-19 18:21:06.076 21444 21444 I DecorView: setWindowBackground: isPopOver=false color=ff1f1f1f d=android.graphics.drawable.ColorDrawable@d11da82
12-19 18:21:06.076 21444 21444 W cr_ActivityDispatcher: CustomTabsIntent#shouldAlwaysUseBrowserUI() = false
12-19 18:21:06.079 21444 21444 D SurfaceView@22237ef: 35796975 updateSurface: has no frame
12-19 18:21:06.079 21444 21444 D SurfaceView@776d2fc: 125227772 updateSurface: has no frame
12-19 18:21:06.080 21444 21444 I cr_CompositorSurfaceMgr: Transitioning to surface with format: -1
12-19 18:21:06.086  1237  2282 D InputTransport: Input channel destroyed: '2d5cf3d', fd=1043
12-19 18:21:06.087 21444 21444 I InputMethodManager: invalidateInput
12-19 18:21:06.087  2218  2394 I HoneySpace.TopTaskSource: onTaskMovedToFront : taskId = 429
12-19 18:21:06.087  1678  1745 I InsetsController: onStateChanged: host=Splash Screen com.android.chrome, from=android.view.ViewRootImpl.setView:1753, state=InsetsState: {mDisplayFrame=Rect(0, 0 - 1080, 2340), mDisplayCutout=DisplayCutout{insets=Rect(0, 77 - 0, 0) waterfall=Insets{left=0, top=0, right=0, bottom=0} boundingRect={Bounds=[Rect(0, 0 - 0, 0), Rect(477, 0 - 603, 77), Rect(0, 0 - 0, 0), Rect(0, 0 - 0, 0)]} cutoutPathParserInfo={CutoutPathParserInfo{displayWidth=1080 displayHeight=2340 physicalDisplayWidth=1080 physicalDisplayHeight=2340 density={2.8125} cutoutSpec={M 0,0 H -22.4 V 27.37777777777778 H 22.4 V 0 H 0 Z @dp} rotation={0} scale={1.0} physicalPixelDisplaySizeRatio={1.0}}}}, mRoundedCorners=RoundedCorners{[RoundedCorner{position=TopLeft, radius=0, center=Point(0, 0)}, RoundedCorner{position=TopRight, radius=0, center=Point(0, 0)}, RoundedCorner{position=BottomRight, radius=0, center=Point(0, 0)}, RoundedCorner{position=BottomLeft, radius=0, center=Point(0, 0)}]}  mRoundedCornerFrame=Rect(0, 0 - 1080, 2340), mPrivacyIndicatorBounds=PrivacyIndicatorBounds {static bounds=Rect(956, 0 - 1080, 77) rotation=0}, mDisplayShape=DisplayShape{ spec=-311912193 displayWidth=1080 displayHeight=2340 physicalPixelDisplaySizeRatio=1.0 rotation=0 offsetX=0 offsetY=0 scale=1.0}, mSources= { InsetsSource: {80610000 mType=statusBars mFrame=[0,0][1080,77] mVisible=true mFlags=[]}, InsetsSource: {80610005 mType=mandatorySystemGestures mFrame=[0,0][1080,111] mVisible=true mFlags=[]}, InsetsSource: {80610006 mType=tappableElement mFrame=[0,0][1080,77] mVisible=true mFlags=[]}, InsetsSource: {3 mType=ime mFrame=[0,0][0,0] mVisible=false mFlags=[]}, InsetsSource: {27 mType=displayCutout mFrame=[0,0][1080,77] mVisible=true mFlags=[]}, InsetsSource: {7fe60001 mType=navigationBars mFrame=[0,2298][1080,2340] mVisible=true mFlags=[SUPPRESS_SCRIM]}, InsetsSource: {7fe60004 mType=systemGestures mFrame=[0,0][0,0] mVisible=true mFlags=[]}, InsetsSource: {7fe60005 mType=mandatorySystemGestures mFrame=[0,2250][1080,2340] mVisible=true mFlags=[]}, InsetsSource: {7fe60006 mType=tappableElement mFrame=[0,0][0,0] mVisible=true mFlags=[]}, InsetsSource: {7fe60024 mType=systemGestures mFrame=[0,0][0,0] mVisible=true mFlags=[]} }
12-19 18:21:06.087 21444 21444 I InputMethodManager: invalidateInput
12-19 18:21:06.087  1678  1745 I ViewRootImpl@9b23163[chrome]: synced displayState. AttachInfo displayState=2
12-19 18:21:06.087  1678  1745 I ViewRootImpl@9b23163[chrome]: setView = android.widget.FrameLayout@b9cc6de TM=true
12-19 18:21:06.087  1237  1553 I CocktailBarManagerServiceContainer: handleMessage: entry what = 6
12-19 18:21:06.087 21444 21444 I InputMethodManager: invalidateInput
12-19 18:21:06.088  1237  1306 D SGM:FgCheckThread: notePauseComponent(), received pkgName: com.android.chrome, userId: 0
12-19 18:21:06.088  1678  1849 D OpenGLRenderer: HWUI - treat SMPTE_170M as sRGB
12-19 18:21:06.088  1237  1447 D SGM:SystemHelper: callReleaseBlock needReleaseBlock:false
12-19 18:21:06.090  2218 16200 I HoneySpace.RecentTasks: onRecentTasksChanged
12-19 18:21:06.090  1237  2282 V WindowManager: Relayout Window{2d5cf3d u0 Splash Screen com.android.chrome}: viewVisibility=0 req=1080x2340 ty=3 d0
12-19 18:21:06.090  1237  2282 D RestrictionPolicy: isScreenCaptureEnabled : ret=true userId=0
12-19 18:21:06.091  2218  2396 I HoneySpace.TopTaskUseCase: topTasks 429 ComponentInfo{com.android.chrome/org.chromium.chrome.browser.customtabs.CustomTabActivity}
12-19 18:21:06.092   925  2713 I SurfaceFlinger: id=50708 createSurf, flag=44004, Splash Screen com.android.chrome$_1678#50708
12-19 18:21:06.093  2218  2394 I HoneySpace.TopTaskSource: onTaskFocusChanged(): taskId = 429
12-19 18:21:06.093  1237  2282 D WindowManager: makeSurface duration=3 name=Splash Screen com.android.chrome$_1678
12-19 18:21:06.093  2218  2394 I HoneySpace.TopTaskSource: onTaskFocusChanged(): taskId = 429
12-19 18:21:06.093 27009 27009 I ecustomizations: Using CollectorTypeCMC GC.
12-19 18:21:06.094  2218  2394 I HoneySpace.TopTaskSource: onTaskMovedToFront : taskId = 429
12-19 18:21:06.094  2218  2394 I HoneySpace.TopTaskSource: onTaskMovedToFront : taskId = 429
12-19 18:21:06.095  1237  2282 D WindowManager: SyncGroup 2711:  Unfinished container: Task{910e6ef #429 type=standard A=10231:com.android.chrome} mSyncState=2
12-19 18:21:06.098  1237  2282 V WindowManager: Relayout hash=2d5cf3d, pid=1678, syncId=-1: mAttrs={(0,0)(fillxfill) sim={adjust=pan} ty=APPLICATION_STARTING fmt=TRANSLUCENT wanim=0x1030303
12-19 18:21:06.098  1237  2282 V WindowManager:   fl=81030118
12-19 18:21:06.098  1237  2282 V WindowManager:   pfl=16000010
12-19 18:21:06.098  1237  2282 V WindowManager:   bhv=DEFAULT
12-19 18:21:06.098  1237  2282 V WindowManager:   fitSides= naviIconColor=0}
12-19 18:21:06.101  1678  1745 I BLASTBufferQueue_Java: new BLASTBufferQueue, mName= ViewRootImpl@9b23163[chrome] mNativeObject= 0xb40000713f7429f0 sc.mNativeObject= 0xb4000072af6f55d0 caller= android.view.ViewRootImpl.updateBlastSurfaceIfNeeded:3028 android.view.ViewRootImpl.relayoutWindow:10131 android.view.ViewRootImpl.performTraversals:4110 android.view.ViewRootImpl.doTraversal:3288 android.view.ViewRootImpl$TraversalRunnable.run:11344 android.view.Choreographer$CallbackRecord.run:1689 android.view.Choreographer$CallbackRecord.run:1698 android.view.Choreographer.doCallbacks:1153 android.view.Choreographer.doFrame:1079 android.view.Choreographer$FrameDisplayEventReceiver.run:1646
12-19 18:21:06.101  1678  1745 I BLASTBufferQueue_Java: update, w= 1080 h= 2263 mName = ViewRootImpl@9b23163[chrome] mNativeObject= 0xb40000713f7429f0 sc.mNativeObject= 0xb4000072af6f55d0 format= -3 caller= android.graphics.BLASTBufferQueue.<init>:89 android.view.ViewRootImpl.updateBlastSurfaceIfNeeded:3028 android.view.ViewRootImpl.relayoutWindow:10131 android.view.ViewRootImpl.performTraversals:4110 android.view.ViewRootImpl.doTraversal:3288 android.view.ViewRootImpl$TraversalRunnable.run:11344
12-19 18:21:06.102  1678  1745 I ViewRootImpl@9b23163[chrome]: Relayout returned: old=(0,0,1080,2340) new=(0,77,1080,2340) relayoutAsync=false req=(1080,2340)0 dur=11 res=0x200403 s={true 0xb40000729fa9be10} ch=true seqId=0
12-19 18:21:06.103  1678  1745 I ViewRootImpl@9b23163[chrome]: performConfigurationChange setNightDimText nightDimLevel=0
12-19 18:21:06.104 21444 21444 I InputMethodManager: invalidateInput
12-19 18:21:06.104  1678  1745 D ViewRootImpl@9b23163[chrome]: mThreadedRenderer.initialize() mSurface={isValid=true 0xb40000729fa9be10} hwInitialized=true
12-19 18:21:06.105 21444 21444 D AnimatorSet: mReversing is false. Don't call initChildren.
12-19 18:21:06.105 21444 21444 I InputMethodManager: invalidateInput
12-19 18:21:06.107  1678  1745 D ViewRootImpl@9b23163[chrome]: reportNextDraw android.view.ViewRootImpl.performTraversals:4718 android.view.ViewRootImpl.doTraversal:3288 android.view.ViewRootImpl$TraversalRunnable.run:11344 android.view.Choreographer$CallbackRecord.run:1689 android.view.Choreographer$CallbackRecord.run:1698
12-19 18:21:06.107  1678  1745 I ViewRootImpl@9b23163[chrome]: Setup new sync=wmsSync-ViewRootImpl@9b23163[chrome]#30
12-19 18:21:06.107  1678  1745 I ViewRootImpl@9b23163[chrome]: Creating new active sync group ViewRootImpl@9b23163[chrome]#31
12-19 18:21:06.108  1237  1306 D EnterpriseDeviceManagerService: isMdmAdminPresentInternal() : MDM Admin Found - com.samsung.knox.securefolder
12-19 18:21:06.109 21444 21444 W cr_ActivityDispatcher: CustomTabsIntent#shouldAlwaysUseBrowserUI() = false
12-19 18:21:06.109  1237  1306 I GameSDK@LifeCycle: noteResumeComponent(): package name  : com.android.chrome
12-19 18:21:06.109 21444 21444 W cr_PartnerCustomize: Another initializeAsync is already in progress.
12-19 18:21:06.110 27009 27009 E ecustomizations: Not starting debugger since process cannot load the jdwp agent.
12-19 18:21:06.110  1237  1553 I CocktailBarManagerServiceContainer: handleMessage: entry what = 5
12-19 18:21:06.111 21444 21444 I cr_A11yState: Enabled accessibility services list updated. []
12-19 18:21:06.111 21444 21444 I cr_A11yState: Informing listeners of changes.
12-19 18:21:06.111 21444 21444 I cr_A11yState: New AccessibilityState: State{isScreenReaderEnabled=false, isTouchExplorationEnabled=false, isPerformGesturesEnabled=false, isAnyAccessibilityServiceEnabled=false, isAccessibilityToolPresent=false, isSpokenFeedbackServicePresent=false, isTextShowPasswordEnabled=true, isOnlyPasswordManagersEnabled=false}
12-19 18:21:06.111  2218  2218 I Edge.ActivityUtils: HomePackage : com.sec.android.app.launcher, resumePackageName : com.android.chrome
12-19 18:21:06.113  1237  1306 D SGM:FgCheckThread: noteResumeComponent(), received pkgName: com.android.chrome, userId: 0
12-19 18:21:06.113  1237  1447 D SGM:FgCheckThread: onLooperPrepared(), msg: MSG_APP_RESUME, pkgName: com.android.chrome, userid: 0
12-19 18:21:06.113  1237  1447 D SGM:FgCheckThread: handleResume().
12-19 18:21:06.113  1237  1447 D SGM:FgCheckThread: sendFocusOutConditionally() - mPrevNotiPkg: (unknown), userId: 0
12-19 18:21:06.113  1237  1447 D SGM:FgCheckThread:   handleResume(). pkgName: com.android.chrome, userId: 0, isTunableApp: null
12-19 18:21:06.113  1678  1745 I ViewRootImpl@9b23163[chrome]: registerCallbacksForSync syncBuffer=false
12-19 18:21:06.114 21444 21489 D NativeCustomFrequencyManager: [NativeCFMS] BpCustomFrequencyManager::BpCustomFrequencyManager()
12-19 18:21:06.115  1237  2611 D InputTransport: Input channel constructed: 'e47c0f4', fd=1048
12-19 18:21:06.115  1678  2421 I ViewRootImpl@9b23163[chrome]: Received frameDrawingCallback syncResult=0 frameNum=1.
12-19 18:21:06.115  1237  2611 D InputTransport: Input channel constructed: 'e47c0f4', fd=1060
12-19 18:21:06.115  1678  2421 I ViewRootImpl@9b23163[chrome]: mWNT: t=0xb4000071ff75db50 mBlastBufferQueue=0xb40000713f7429f0 fn= 1 mRenderHdrSdrRatio=1.0 caller= android.view.ViewRootImpl$8.onFrameDraw:13841 android.view.ThreadedRenderer$1.onFrameDraw:792 <bottom of call stack>
12-19 18:21:06.116  1678  2421 I ViewRootImpl@9b23163[chrome]: Setting up sync and frameCommitCallback
12-19 18:21:06.116  1237  2611 D InputTransport: Input channel constructed: 'e47c0f4', fd=1073
12-19 18:21:06.116  1237  2611 D WindowManager: prepareSync <SYNC_STATE_WAITING_FOR_DRAW>, mPrepareSyncSeqId=0, win=Window{e47c0f4 u0 com.android.chrome/org.chromium.chrome.browser.customtabs.CustomTabActivity}
12-19 18:21:06.116   925  1150 I SurfaceFlinger: id=50709 createSurf, flag=84004, e47c0f4 com.android.chrome/org.chromium.chrome.browser.customtabs.CustomTabActivity#50709
12-19 18:21:06.117  1678  1849 I BLASTBufferQueue: [ViewRootImpl@9b23163[chrome]#2221](f:0,a:0,s:0) onFrameAvailable the first frame is available
12-19 18:21:06.117  1237  2611 D RestrictionPolicy: isScreenCaptureEnabled : ret=true userId=0
12-19 18:21:06.117  1678  1849 I ViewRootImpl@9b23163[chrome]: Received frameCommittedCallback lastAttemptedDrawFrameNum=1 didProduceBuffer=true
12-19 18:21:06.117  1237  2611 D InputTransport: Input channel destroyed: 'e47c0f4', fd=1073
12-19 18:21:06.118  1678  1849 D OpenGLRenderer: CFMS:: SetUp Pid : 1678    Tid : 1849
12-19 18:21:06.118  1678  1745 I ViewRootImpl@9b23163[chrome]: reportDrawFinished seqId=0
12-19 18:21:06.118 21444 21444 I InsetsController: onStateChanged: host=com.android.chrome/org.chromium.chrome.browser.customtabs.CustomTabActivity, from=android.view.ViewRootImpl.setView:1753, state=InsetsState: {mDisplayFrame=Rect(0, 0 - 1080, 2340), mDisplayCutout=DisplayCutout{insets=Rect(0, 77 - 0, 0) waterfall=Insets{left=0, top=0, right=0, bottom=0} boundingRect={Bounds=[Rect(0, 0 - 0, 0), Rect(477, 0 - 603, 77), Rect(0, 0 - 0, 0), Rect(0, 0 - 0, 0)]} cutoutPathParserInfo={CutoutPathParserInfo{displayWidth=1080 displayHeight=2340 physicalDisplayWidth=1080 physicalDisplayHeight=2340 density={2.8125} cutoutSpec={M 0,0 H -22.4 V 27.37777777777778 H 22.4 V 0 H 0 Z @dp} rotation={0} scale={1.0} physicalPixelDisplaySizeRatio={1.0}}}}, mRoundedCorners=RoundedCorners{[RoundedCorner{position=TopLeft, radius=0, center=Point(0, 0)}, RoundedCorner{position=TopRight, radius=0, center=Point(0, 0)}, RoundedCorner{position=BottomRight, radius=0, center=Point(0, 0)}, RoundedCorner{position=BottomLeft, radius=0, center=Point(0, 0)}]}  mRoundedCornerFrame=Rect(0, 0 - 1080, 2340), mPrivacyIndicatorBounds=PrivacyIndicatorBounds {static bounds=Rect(956, 0 - 1080, 77) rotation=0}, mDisplayShape=DisplayShape{ spec=-311912193 displayWidth=1080 displayHeight=2340 physicalPixelDisplaySizeRatio=1.0 rotation=0 offsetX=0 offsetY=0 scale=1.0}, mSources= { InsetsSource: {80610000 mType=statusBars mFrame=[0,0][1080,77] mVisible=true mFlags=[]}, InsetsSource: {80610005 mType=mandatorySystemGestures mFrame=[0,0][1080,111] mVisible=true mFlags=[]}, InsetsSource: {80610006 mType=tappableElement mFrame=[0,0][1080,77] mVisible=true mFlags=[]}, InsetsSource: {3 mType=ime mFrame=[0,0][0,0] mVisible=false mFlags=[]}, InsetsSource: {27 mType=displayCutout mFrame=[0,0][1080,77] mVisible=true mFlags=[]}, InsetsSource: {7fe60001 mType=navigationBars mFrame=[0,2298][1080,2340] mVisible=true mFlags=[SUPPRESS_SCRIM]}, InsetsSource: {7fe60004 mType=systemGestures mFrame=[0,0][0,0] mVisible=true mFlags=[]}, InsetsSource: {7fe60005 mType=mandatorySystemGestures mFrame=[0,2250][1080,2340] mVisible=true mFlags=[]}, InsetsSource: {7fe60006 mType=tappableElement mFrame=[0,0][0,0] mVisible=true mFlags=[]}, InsetsSource: {7fe60024 mType=systemGestures mFrame=[0,0][0,0] mVisible=true mFlags=[]} }
12-19 18:21:06.118 21444 21444 I ViewRootImpl@7d57351[CustomTabActivity]: synced displayState. AttachInfo displayState=2
12-19 18:21:06.119 21444 21444 I ViewRootImpl@7d57351[CustomTabActivity]: setView = com.android.internal.policy.DecorView@2b2c24 TM=true
12-19 18:21:06.120 21444 21444 I SurfaceView@776d2fc: onWindowVisibilityChanged(0) false android.view.SurfaceView{776d2fc I.E...... ......I. 0,0-0,0} of ViewRootImpl@7d57351[CustomTabActivity]
12-19 18:21:06.120 21444 21444 D SurfaceView@776d2fc: 125227772 updateSurface: has no frame
12-19 18:21:06.121  1237  1447 D SGM:FgCheckThread: notifyFocusInOut(). of pkg: com.android.chrome, type: 4, isTunableApp: false, userId: 0
12-19 18:21:06.121  1237  1447 D SGM:FgCheckThread:   notifyFocusInOut(). unexpected mPrevNotiType: -1
12-19 18:21:06.121  1237  1447 D SGM:SystemHelper: callReleaseBlock needReleaseBlock:false
12-19 18:21:06.121  1237  3420 D CoreBackPreview: Window{e47c0f4 u0 com.android.chrome/org.chromium.chrome.browser.customtabs.CustomTabActivity}: Setting back callback OnBackInvokedCallbackInfo{mCallback=android.window.IOnBackInvokedCallback$Stub$Proxy@896c463, mPriority=-1, mIsAnimationCallback=false}
12-19 18:21:06.122  1237  3420 V WindowManager: Relayout Window{e47c0f4 u0 com.android.chrome/org.chromium.chrome.browser.customtabs.CustomTabActivity}: viewVisibility=0 req=1080x2340 ty=1 d0
12-19 18:21:06.122  1237  3420 D RestrictionPolicy: isScreenCaptureEnabled : ret=true userId=0
12-19 18:21:06.122   925  1150 I SurfaceFlinger: id=50710 createSurf, flag=44004, com.android.chrome/org.chromium.chrome.browser.customtabs.CustomTabActivity$_21444#50710
12-19 18:21:06.122  1237  1345 D AnalyticsContainerHandler: handleMessage : { when=0 what=1 target=com.android.server.knox.KnoxAnalyticsContainer$AnalyticsHandler }
12-19 18:21:06.123  1237  1621 D NetdEventListenerService: DNS Requested by 113, 10231, 70
12-19 18:21:06.123  1237  3420 D WindowManager: makeSurface duration=1 name=com.android.chrome/org.chromium.chrome.browser.customtabs.CustomTabActivity$_21444
12-19 18:21:06.124  1237  3420 D WindowManager: SyncGroup 2711:  Unfinished container: Task{910e6ef #429 type=standard A=10231:com.android.chrome} mSyncState=2
12-19 18:21:06.125  1237  3420 V WindowManager: Changing focus from null to Window{e47c0f4 u0 com.android.chrome/org.chromium.chrome.browser.customtabs.CustomTabActivity} displayId=0 Callers=com.android.server.wm.RootWindowContainer.updateFocusedWindowLocked:578 com.android.server.wm.WindowManagerService.updateFocusedWindowLocked:6833 com.android.server.wm.WindowManagerService.relayoutWindow:2755 com.android.server.wm.Session.relayout:282
12-19 18:21:06.125  1237  3420 I WindowManager: Cancelling animation restarting=true, leash=Surface(name=Surface(name=1ae3101 NavigationBar0)/@0xbedec15 - animation-leash of insets_animation)/@0xa00776c
12-19 18:21:06.125  1237  3420 I WindowManager: Reparenting to original parent: Surface(name=WindowToken{26b4bef type=2019 android.os.BinderProxy@92b11c9})/@0xf7a1b2a, destroy=false, surface=Surface(name=1ae3101 NavigationBar0)/@0xbedec15
12-19 18:21:06.125  1237  3420 I WindowManager: Reparenting to leash, surface=Surface(name=1ae3101 NavigationBar0)/@0xbedec15, leashParent=Surface(name=WindowToken{26b4bef type=2019 android.os.BinderProxy@92b11c9})/@0xf7a1b2a
12-19 18:21:06.126   925  1150 I SurfaceFlinger: id=50711 createSurf, flag=24000, Surface(name=1ae3101 NavigationBar0)/@0xbedec15 - animation-leash of insets_animation#50711
12-19 18:21:06.126  1237  3420 D WindowManager: makeSurface duration=1 leash=Surface(name=Surface(name=1ae3101 NavigationBar0)/@0xbedec15 - animation-leash of insets_animation)/@0x2a1da8d
12-19 18:21:06.127  1237  3420 D InsetsSourceProvider: updateControlForTarget: control=InsetsSourceControl: {7fe60001 mType=navigationBars initiallyVisible mSurfacePosition=Point(0, 2205) mInsetsHint=Insets{left=0, top=0, right=0, bottom=42}}, target=Window{e47c0f4 u0 com.android.chrome/org.chromium.chrome.browser.customtabs.CustomTabActivity}, from=com.android.server.wm.InsetsStateController.onControlTargetChanged:358 com.android.server.wm.InsetsStateController.onBarControlTargetChanged:327 com.android.server.wm.InsetsPolicy.updateBarControlTarget:173 com.android.server.wm.InsetsPolicy.updateSystemBars:805 com.android.server.wm.DisplayPolicy.updateSystemBarsLw:3425
12-19 18:21:06.127  1237  3420 I WindowManager: Cancelling animation restarting=true, leash=Surface(name=Surface(name=fa1542e StatusBar)/@0x5dc7eb8 - animation-leash of insets_animation)/@0x3c09ca
12-19 18:21:06.127  1237  3420 I WindowManager: Reparenting to original parent: Surface(name=WindowToken{d58ba30 type=2000 android.os.BinderProxy@d055be2})/@0x7ce3491, destroy=false, surface=Surface(name=fa1542e StatusBar)/@0x5dc7eb8
12-19 18:21:06.127  1237  3420 I WindowManager: Reparenting to leash, surface=Surface(name=fa1542e StatusBar)/@0x5dc7eb8, leashParent=Surface(name=WindowToken{d58ba30 type=2000 android.os.BinderProxy@d055be2})/@0x7ce3491
12-19 18:21:06.127   925  1150 I SurfaceFlinger: id=50712 createSurf, flag=24000, Surface(name=fa1542e StatusBar)/@0x5dc7eb8 - animation-leash of insets_animation#50712
12-19 18:21:06.128  1237  3420 D WindowManager: makeSurface duration=1 leash=Surface(name=Surface(name=fa1542e StatusBar)/@0x5dc7eb8 - animation-leash of insets_animation)/@0x560528e
12-19 18:21:06.128  1237  3420 D InsetsSourceProvider: updateControlForTarget: control=InsetsSourceControl: {80610000 mType=statusBars initiallyVisible mSurfacePosition=Point(0, 0) mInsetsHint=Insets{left=0, top=77, right=0, bottom=0}}, target=Window{e47c0f4 u0 com.android.chrome/org.chromium.chrome.browser.customtabs.CustomTabActivity}, from=com.android.server.wm.InsetsStateController.onControlTargetChanged:358 com.android.server.wm.InsetsStateController.onBarControlTargetChanged:324 com.android.server.wm.InsetsPolicy.updateBarControlTarget:173 com.android.server.wm.InsetsPolicy.updateSystemBars:805 com.android.server.wm.DisplayPolicy.updateSystemBarsLw:3425
12-19 18:21:06.129  1237  3420 D WindowManager: updateSystemBarAttributes: displayId=0, win=Window{e47c0f4 u0 com.android.chrome/org.chromium.chrome.browser.customtabs.CustomTabActivity}, navColorWin=Window{57ef65c u95 com.shubhumm.hospitalfinder/com.shubhumm.hospitalfinder.MainActivity}, focusedCanBeNavColorWin=false, behavior=1, appearance=0, statusBarAppearanceRegions=[AppearanceRegion{ bounds=[0,0][1080,2340]}], requestedVisibilities=-9, from=com.android.server.wm.DisplayPolicy.focusChangedLw:2947 com.android.server.wm.DisplayContent.updateFocusedWindowLocked:4894 com.android.server.wm.RootWindowContainer.updateFocusedWindowLocked:578
12-19 18:21:06.129 27009 27009 D ActivityThread: setConscryptValidator
12-19 18:21:06.129 27009 27009 D ActivityThread: setConscryptValidator - put
12-19 18:21:06.129  1237  3420 V WindowManager: Relayout hash=e47c0f4, pid=21444, syncId=-1: mAttrs={(0,0)(fillxfill) sim={adjust=resize forwardNavigation} ty=BASE_APPLICATION fmt=TRANSLUCENT wanim=0x1030303 sysuil=true
12-19 18:21:06.129  1237  3420 V WindowManager:   fl=81810100
12-19 18:21:06.129  1237  3420 V WindowManager:   pfl=12008040
12-19 18:21:06.129  1237  3420 V WindowManager:   bhv=DEFAULT
12-19 18:21:06.129  1237  3420 V WindowManager:   fitSides= naviIconColor=0}
