12-19 18:21:01.185  1237  8375 D OpenGLRenderer: CacheManager::trimMemory(20)
12-19 18:21:01.193  1237  1289 W System  : A resource failed to call HardwareBuffer.close.
12-19 18:21:01.194  1237  1289 W system_server: ApkAssets: Deleting an ApkAssets object '<empty> and /system/priv-app/SecureFolder/SecureFolder.apk' with 1 weak references
12-19 18:21:01.194  1237  1289 W system_server: ApkAssets: Deleting an ApkAssets object '/data/overlays/current_locale_apks/files/com.samsung.knox.securefolder.en.apk' with 1 weak references
12-19 18:21:01.195  1237  1289 W System  : A resource failed to call release.
12-19 18:21:01.482   843 26833 I HYPER-HAL: [RequestManager.cpp]releaseLocked(): Released ID : 11066174
12-19 18:21:01.485  4690  4925 I R0      : limitCPUFreq:: freq = 2288000
12-19 18:21:01.486  4690  4925 I SemDvfsHyPerManager: acquire hyper - SIOP_ARM_MAX/4690@2, type = 301993986
12-19 18:21:01.487   843   922 I HYPER-HAL: [RequestManager.cpp]acquire(): Acquired ID : 11009780  [4690 / 2]    HINT :      list : [CPUMaxFreq / 2288000]
12-19 18:21:01.554  1059  4412 D BufferPoolAccessor2.0: evictor expired: 1, evicted: 0
12-19 18:21:01.566  1237  1659 I Pageboost: Launcher App Execution
12-19 18:21:01.825   586   586 D io_stats: !@   8,0 r 19053444 465264681 w 6606147 109961384 d 2033888 96687076 f 0 689460 iot 13815940 0 th 0 0 0 pt 0 inp 0 0 203188.961
12-19 18:21:01.827   586   586 D io_stats: !@ Read_top(KB): loop41(749) 1704 abox_log(1119) 1036 ssioncontroller(26939) 284
12-19 18:21:01.827   586   586 D io_stats: !@ Write_top(KB): kworker/u16:1(17859) 1624 id.diagmonagent(4617) 32 .hospitalfinder(26843) 24
12-19 18:21:01.990   889  1082 I EDEN    : [Exynos][EDEN][v1.6.23][SERVICE] processAliveMointorMain:253: Try to check pid=(852)...
12-19 18:21:02.035  4690  4690 I SDHMS:LOAD: type: LoadsFreqs, value: 0:31:4:1606059:2400000:533000:1609760:2002000:533000:164:403:0
12-19 18:21:02.515  1678  1678 D StatusBarIconController: ignoring old pipeline callbacks, because the new mobile icons are enabled
12-19 18:21:02.555  1059  4412 D BufferPoolAccessor2.0: bufferpool2 0xb4000074df637258 : 0(0 size) total buffers - 0(0 size) used buffers - 62/70 (recycle/alloc) - 8/134 (fetch/transfer)
12-19 18:21:02.555  1059  4412 D BufferPoolAccessor2.0: evictor expired: 1, evicted: 1
12-19 18:21:02.556  1112  1196 D BufferPoolAccessor2.0: bufferpool2 0xb400007c015cf248 : 0(0 size) total buffers - 0(0 size) used buffers - 62/65 (recycle/alloc) - 3/64 (fetch/transfer)
12-19 18:21:02.556  1112  1196 D BufferPoolAccessor2.0: evictor expired: 1, evicted: 1
12-19 18:21:02.753  1237  1659 I Pageboost: Launcher App Execution
12-19 18:21:03.441   843 26836 I HYPER-HAL: [RequestManager.cpp]releaseLocked(): Released ID : 11075587
12-19 18:21:03.494  1237  1540 D UsbStatsMonitor: 0 0 0 0 1 0 0 0 0 0 0 0 3 0 0 0 0 0 0 0 0 0 0 0 0 0 0 0 0 0 0 0 0 0 0 0 0 0 0 0 0 0 0 0 0 0 0 0 0 0 0 0 0 0
12-19 18:21:03.573 26818 26992 D ProfileInstaller: Skipping profile installation for com.shubhumm.hospitalfinder
12-19 18:21:03.632  1678  1678 D StatusBarIconController: ignoring old pipeline callbacks, because the new mobile icons are enabled
12-19 18:21:03.829   586   586 D io_stats: !@   8,0 r 19053454 465264721 w 6606150 109961400 d 2033888 96687076 f 0 689461 iot 13815980 0 th 0 0 0 pt 0 inp 0 0 203190.964
12-19 18:21:03.912  1237  2213 I ActivityManager: Killing 26818:com.shubhumm.hospitalfinder/u0a290 (adj 935): AL_Kill : over 3 sec
12-19 18:21:03.919  1237  1314 I libprocessgroup: Successfully killed process cgroup uid 10290 pid 26818 in 0ms
12-19 18:21:03.927  1237  2688 I SemWifiApDataUsage: handleMessage: 14
12-19 18:21:03.927  1237  2688 I SemWifiApEbpf: DATA_USAGE_STATS_START_POLL,mhs= true,upstream= 2,client size 1
12-19 18:21:03.928  1237  2688 D SemWifiApEbpf: getWifiApDataUsageForOverAllMhs():  overall data is2725976481
12-19 18:21:03.929  1237  2688 I SemWifiApEbpf: updating the overall dataUsage , overall =2725976481 , global = {mTotalDataBytes=2725958950,mTotalDataIngressBytes=0,mTotalDataEgressBytes=0,mCellularBytes=2725958950,mCurrentDayAndSimCellularBytes=2725958950}
12-19 18:21:03.937  1678  1678 D SecPowerUI.Notification: showChargingNotice oldChargingType : 11 / currentChargingType : 11, oldChargingTime : 4570000 / mChargingTime : 4570000
12-19 18:21:03.937  1678  1678 D SecPowerUI.Notification: showChargingNotice There is no change about charging status, so return!
12-19 18:21:03.945   820   820 I Zygote  : Process 26818 exited due to signal 9 (Killed)
12-19 18:21:03.954  1237  1304 D DisplayManagerService: Drop pending events for gone uid 10290
12-19 18:21:04.166 26843 26996 D ProfileInstaller: Installing profile for com.shubhumm.hospitalfinder
12-19 18:21:04.325 25639 25639 I BugleDataModel: ActionExecutorImpl: Starting ActionService
12-19 18:21:04.343 25639 26450 I BugleDataModel: ExecuteActionRunnable: running action CountryCodeDetectorAction
12-19 18:21:04.343 25639 25639 I BugleDataModel: ActionExecutorImpl: ACTION_EXECUTE_QUEUED_CountryCodeDetectorAction
12-19 18:21:04.345 25639 25639 I BugleDataModel: ActionExecutorImpl: ACTION_EXECUTE_QUEUED_SelfParticipantsRefreshAction
12-19 18:21:04.347 25639 26450 I BugleDataModel: ActionExecutorImpl: ACTION_BACKGROUND_QUEUED_CountryCodeDetectorAction
12-19 18:21:04.348 25639 26450 I BugleDataModel: ExecuteActionRunnable: running action SelfParticipantsRefreshAction
12-19 18:21:04.348 25639 26450 I BugleDataModel: ActionExecutorImpl: ACTION_BACKGROUND_QUEUED_SelfParticipantsRefreshAction
12-19 18:21:04.353 25639 26997 I Bugle   : CountryCodeDetector: updateSmsNetworkCountry from default subscription network country. detected country: in
12-19 18:21:04.354 25639 26997 I BugleDataModel: ActionExecutorImpl: ACTION_RESPONSE_QUEUED_CountryCodeDetectorAction
12-19 18:21:04.357 25639 26997 I BugleDataModel: ParticipantRefresh: ContactContentObserver created
12-19 18:21:04.361 25639 26997 I BugleDataModel: ParticipantFullRefresh: Start participant refresh. refreshMode: SELF_ONLY
12-19 18:21:04.367 25639 26997 I BugleDataModel: SubscriptionsTracker#refreshSelfParticipantList([1])
12-19 18:21:04.384 25639 26997 I Bugle   : getRawTelephonyPhoneNumber redacted-pii[12-chars] [CONTEXT sub_id=1 ]
12-19 18:21:04.386 25639 26997 I Bugle   : SubscriptionUtils.getCanonicalForSelf: self=redacted-pii[13-chars], country=IN [CONTEXT sub_id=1 ]
12-19 18:21:04.398 25639 26997 I Bugle   : getRawTelephonyPhoneNumber redacted-pii[12-chars] [CONTEXT sub_id=1 ]
12-19 18:21:04.405 25639 26997 W BugleDataModel: SubscriptionsTracker: Failed to update self participants' subscription info for, subId: -1, updateCount: 0
12-19 18:21:04.412 25639 26997 I Bugle   : getRawTelephonyPhoneNumber redacted-pii[12-chars] [CONTEXT sub_id=1 ]
12-19 18:21:04.413 25639 26997 I Bugle   : SubscriptionUtils.getCanonicalForSelf: self=redacted-pii[13-chars], country=IN [CONTEXT sub_id=1 ]
12-19 18:21:04.422 25639 26997 I Bugle   : getRawTelephonyPhoneNumber redacted-pii[12-chars] [CONTEXT sub_id=1 ]
12-19 18:21:04.427 25639 26997 W BugleDataModel: SubscriptionsTracker: Failed to update self participants' subscription info for, subId: 1, updateCount: 0
12-19 18:21:04.436 25639 26997 I BugleDataModel: SubscriptionsTracker bindToTrackingMap bound participants: [ParticipantId=1 subId=-1, ParticipantId=2 subId=1, ParticipantId=221 subId=2]
12-19 18:21:04.437 25639 26997 I BugleDataModel: set orderedRowIdAndTokenPairs: [rowId=2 subId= 1 token=b8647cdf-a980-423c-b562-3a133172c9c8, rowId=1 subId= -1 token=d8a8c13d-9cef-4881-82cd-4af73fa0021d, rowId=221 subId= 2 token=cef454f9-fef2-4149-98cb-2c5239b01abc]
12-19 18:21:04.445 25639 25692 I BugleDataModel: SubscriptionsTracker bindToTrackingMap bound participants: [ParticipantId=1 subId=-1, ParticipantId=2 subId=1, ParticipantId=221 subId=2]
12-19 18:21:04.459 25639 26997 I Bugle   : getRawTelephonyPhoneNumber redacted-pii[12-chars] [CONTEXT sub_id=1 ]
12-19 18:21:04.460 25639 26997 I Bugle   : SubscriptionUtils.getCanonicalForSelf: self=redacted-pii[13-chars], country=IN [CONTEXT sub_id=1 ]
12-19 18:21:04.557 11766 11779 D KnoxInfoImpl: put into cache
12-19 18:21:04.566  1237  2213 I ApplicationPackageManager: EDM:ApplicationIcon got from EDM database
12-19 18:21:04.579 11766 11779 I SemPersonaManager: START getContainerName packageName = null, className = null, userId = 151
12-19 18:21:04.581  1237  2213 D ApplicationPolicy: getAppName for com.samsung.knox.securefolder
12-19 18:21:04.581 11766 11779 I SemPersonaManager: END getContainerName packageName
12-19 18:21:04.584 11766 11779 I ContainerConfigurationPolicy: Knox Phone Book Access Profile permission check
12-19 18:21:04.585 11766 11779 D ContainerConfigurationPolicy: current version : KNOX_ENTERPRISE_SDK_VERSION_3_10, Required version : KNOX_ENTERPRISE_SDK_VERSION_2_7
12-19 18:21:04.588 11766 11779 I KnoxUtil_CP2: isContactSharingEnabled :true
12-19 18:21:04.589 11766 11779 I ContainerConfigurationPolicy: Knox Phone Book Access Profile permission check
12-19 18:21:04.589 11766 11779 D ContainerConfigurationPolicy: current version : KNOX_ENTERPRISE_SDK_VERSION_3_10, Required version : KNOX_ENTERPRISE_SDK_VERSION_2_7
12-19 18:21:04.636  1678  1678 D StatusBarIconController: ignoring old pipeline callbacks, because the new mobile icons are enabled
12-19 18:21:04.637  2218 16205 I HoneySpace.PackageEventOperator: [AbsFolderViewModel|119] badge count is updated. com.google.android.apps.photos/.home.HomeActivity#UserHandle{0}|128 : 0
12-19 18:21:04.638  2218 16205 I HoneySpace.PackageEventOperator: [AbsFolderViewModel|119] badge count is updated. com.google.android.gm/.ConversationListActivityGmail#UserHandle{0}|122 : 0
12-19 18:21:04.638  2218  2218 I HoneySpace.NotificationListener: notification count is initialized.
12-19 18:21:04.638  2218 16200 I HoneySpace.PackageEventOperator: [HotseatViewModel@206242719] badge count is updated. com.google.android.apps.messaging/.ui.ConversationListActivity#UserHandle{0}|38 : 0
12-19 18:21:04.639  2218 19557 I HoneySpace.PackageEventOperator: [ApplistViewModel] badge count is updated. com.google.android.apps.photos/.home.HomeActivity#UserHandle{0}|128 : 0
12-19 18:21:04.639  2218 19557 I HoneySpace.PackageEventOperator: [ApplistViewModel] badge count is updated. naukriApp.appModules.login/com.naukri.splash.SplashActivity#UserHandle{0}|304 : 0
12-19 18:21:04.640  2218 19557 I HoneySpace.PackageEventOperator: [ApplistViewModel] badge count is updated. com.android.vending/.AssetBrowserActivity#UserHandle{0}|135 : 0
12-19 18:21:04.641  2218 19557 I HoneySpace.PackageEventOperator: [ApplistViewModel] badge count is updated. com.google.android.apps.messaging/.ui.ConversationListActivity#UserHandle{0}|129 : 0
12-19 18:21:04.642  2218 19557 I HoneySpace.PackageEventOperator: [ApplistViewModel] badge count is updated. com.whatsapp/.Main#UserHandle{0}|168 : 0
12-19 18:21:04.642  2218 19557 I HoneySpace.PackageEventOperator: [ApplistViewModel] badge count is updated. com.linkedin.android/.authenticator.LaunchActivityDefault#UserHandle{0}|133 : 0
12-19 18:21:04.642  2218 19557 I HoneySpace.PackageEventOperator: [ApplistViewModel] badge count is updated. com.google.android.gm/.ConversationListActivityGmail#UserHandle{0}|122 : 0
12-19 18:21:04.653  1678  1678 I AODNotificationManager: updateNotification()
12-19 18:21:04.656 11670 26305 D KnoxInfoImpl: put into cache
12-19 18:21:04.663  1237  3420 I ApplicationPackageManager: EDM:ApplicationIcon got from EDM database
12-19 18:21:04.666  2218  2218 I HoneySpace.NotificationListener: invalid notification: com.google.android.apps.messaging UserHandle{0}: isGroup=true, isMissing=true
12-19 18:21:04.666  2218  2218 I HoneySpace.NotificationListener: invalid notification: com.whatsapp UserHandle{0}: isGroup=true, isMissing=false
12-19 18:21:04.666  2218  2218 I HoneySpace.NotificationListener: invalid notification: com.google.android.apps.photos UserHandle{0}: isGroup=true, isMissing=true
12-19 18:21:04.667  2218  2218 I HoneySpace.NotificationListener: invalid notification: naukriApp.appModules.login UserHandle{0}: isGroup=true, isMissing=true
12-19 18:21:04.667  2218  2218 I HoneySpace.NotificationListener: invalid notification: com.google.android.apps.photos UserHandle{0}: isGroup=true, isMissing=true
12-19 18:21:04.668  2218  2218 I HoneySpace.NotificationListener: invalid notification: com.google.android.gm UserHandle{0}: isGroup=true, isMissing=false
12-19 18:21:04.669  2218  2218 I HoneySpace.NotificationListener: invalid notification: android UserHandle{-1}: canShowBadge is false
12-19 18:21:04.669  2218  2218 I HoneySpace.NotificationListener: invalid notification: com.android.systemui UserHandle{-1}: canShowBadge is false
12-19 18:21:04.669  2218  2218 I HoneySpace.BadgeDataSourceImpl: Get notification count. PackageKey(packageName=com.google.android.apps.photos, user=UserHandle{0}) - forceBadgeCount: false, notification listener: 3, badge provider: 0
12-19 18:21:04.669  2218  2218 I HoneySpace.BadgeDataSourceImpl: Get notification count. PackageKey(packageName=naukriApp.appModules.login, user=UserHandle{0}) - forceBadgeCount: false, notification listener: 6, badge provider: 0
12-19 18:21:04.670  2218 19313 I HoneySpace.PackageEventOperator: [AbsFolderViewModel|119] badge count is updated. com.google.android.apps.photos/.home.HomeActivity#UserHandle{0}|128 : 3
12-19 18:21:04.670  2218  2218 I HoneySpace.BadgeDataSourceImpl: Get notification count. PackageKey(packageName=com.samsung.storyservice, user=UserHandle{151}) - forceBadgeCount: false, notification listener: 1, badge provider: 0
12-19 18:21:04.670  2218  2218 I HoneySpace.BadgeDataSourceImpl: Get notification count. PackageKey(packageName=com.android.vending, user=UserHandle{0}) - forceBadgeCount: false, notification listener: 1, badge provider: 0
12-19 18:21:04.670  2218  2218 I HoneySpace.BadgeDataSourceImpl: Get notification count. PackageKey(packageName=com.samsung.storyservice, user=UserHandle{0}) - forceBadgeCount: false, notification listener: 1, badge provider: 0
12-19 18:21:04.670  2218  2218 I HoneySpace.BadgeDataSourceImpl: Get notification count. PackageKey(packageName=com.google.android.apps.messaging, user=UserHandle{0}) - forceBadgeCount: false, notification listener: 3, badge provider: 0
12-19 18:21:04.670  2218  2218 I HoneySpace.BadgeDataSourceImpl: Get notification count. PackageKey(packageName=com.whatsapp, user=UserHandle{0}) - forceBadgeCount: false, notification listener: 560, badge provider: 667
12-19 18:21:04.670  2218  2218 I HoneySpace.BadgeDataSourceImpl: Get notification count. PackageKey(packageName=com.linkedin.android, user=UserHandle{0}) - forceBadgeCount: false, notification listener: 27, badge provider: 14
12-19 18:21:04.670  2218  2218 I HoneySpace.BadgeDataSourceImpl: Get notification count. PackageKey(packageName=com.google.android.gm, user=UserHandle{0}) - forceBadgeCount: false, notification listener: 2, badge provider: 0
12-19 18:21:04.670  2218  2218 I HoneySpace.BadgeDataSourceImpl: Get notification count. PackageKey(packageName=com.samsung.android.lool, user=UserHandle{0}) - forceBadgeCount: false, notification listener: 1, badge provider: 0
12-19 18:21:04.670  2218 25179 I HoneySpace.PackageEventOperator: [AbsFolderViewModel|119] badge count is updated. com.google.android.gm/.ConversationListActivityGmail#UserHandle{0}|122 : 2
12-19 18:21:04.671  2218 16205 I HoneySpace.PackageEventOperator: [HotseatViewModel@206242719] badge count is updated. com.google.android.apps.messaging/.ui.ConversationListActivity#UserHandle{0}|38 : 3
12-19 18:21:04.671  2218 16200 I HoneySpace.BadgeDataSourceImpl: Get notification count. PackageKey(packageName=com.google.android.gm, user=UserHandle{0}) - forceBadgeCount: false, notification listener: 2, badge provider: 0
12-19 18:21:04.671  2218 16200 I HoneySpace.PackageEventOperator: [ApplistViewModel] badge count is updated. com.google.android.apps.photos/.home.HomeActivity#UserHandle{0}|128 : 3
12-19 18:21:04.672  2218 16200 I HoneySpace.PackageEventOperator: [ApplistViewModel] badge count is updated. naukriApp.appModules.login/com.naukri.splash.SplashActivity#UserHandle{0}|304 : 6
12-19 18:21:04.672  2218 16200 I HoneySpace.BadgeDataSourceImpl: Get notification count. PackageKey(packageName=com.google.android.gm, user=UserHandle{0}) - forceBadgeCount: false, notification listener: 2, badge provider: 0
12-19 18:21:04.672  2218 16200 I HoneySpace.BadgeDataSourceImpl: Get notification count. PackageKey(packageName=com.google.android.apps.photos, user=UserHandle{0}) - forceBadgeCount: false, notification listener: 3, badge provider: 0
12-19 18:21:04.673  2218 16200 I HoneySpace.BadgeDataSourceImpl: Get notification count. PackageKey(packageName=com.google.android.gm, user=UserHandle{0}) - forceBadgeCount: false, notification listener: 2, badge provider: 0
12-19 18:21:04.673  2218 16200 I HoneySpace.BadgeDataSourceImpl: Get notification count. PackageKey(packageName=com.google.android.apps.photos, user=UserHandle{0}) - forceBadgeCount: false, notification listener: 3, badge provider: 0
12-19 18:21:04.673  2218 16200 I HoneySpace.PackageEventOperator: [ApplistViewModel] badge count is updated. com.android.vending/.AssetBrowserActivity#UserHandle{0}|135 : 1
12-19 18:21:04.673  2218 16200 I HoneySpace.BadgeDataSourceImpl: Get notification count. PackageKey(packageName=com.google.android.gm, user=UserHandle{0}) - forceBadgeCount: false, notification listener: 2, badge provider: 0
12-19 18:21:04.673  2218 16200 I HoneySpace.BadgeDataSourceImpl: Get notification count. PackageKey(packageName=com.google.android.apps.photos, user=UserHandle{0}) - forceBadgeCount: false, notification listener: 3, badge provider: 0
12-19 18:21:04.674  2218 16200 I HoneySpace.BadgeDataSourceImpl: Get notification count. PackageKey(packageName=com.google.android.gm, user=UserHandle{0}) - forceBadgeCount: false, notification listener: 2, badge provider: 0
12-19 18:21:04.674  2218 16200 I HoneySpace.BadgeDataSourceImpl: Get notification count. PackageKey(packageName=com.google.android.apps.photos, user=UserHandle{0}) - forceBadgeCount: false, notification listener: 3, badge provider: 0
12-19 18:21:04.674  2218 16200 I HoneySpace.PackageEventOperator: [ApplistViewModel] badge count is updated. com.google.android.apps.messaging/.ui.ConversationListActivity#UserHandle{0}|129 : 3
12-19 18:21:04.674  2218 16200 I HoneySpace.BadgeDataSourceImpl: Get notification count. PackageKey(packageName=com.google.android.gm, user=UserHandle{0}) - forceBadgeCount: false, notification listener: 2, badge provider: 0
12-19 18:21:04.674  2218 16200 I HoneySpace.BadgeDataSourceImpl: Get notification count. PackageKey(packageName=com.google.android.apps.photos, user=UserHandle{0}) - forceBadgeCount: false, notification listener: 3, badge provider: 0
12-19 18:21:04.675  2218 16200 I HoneySpace.PackageEventOperator: [ApplistViewModel] badge count is updated. com.whatsapp/.Main#UserHandle{0}|168 : 667
12-19 18:21:04.675  2218 16200 I HoneySpace.BadgeDataSourceImpl: Get notification count. PackageKey(packageName=com.google.android.gm, user=UserHandle{0}) - forceBadgeCount: false, notification listener: 2, badge provider: 0
12-19 18:21:04.675  2218 16200 I HoneySpace.BadgeDataSourceImpl: Get notification count. PackageKey(packageName=com.google.android.apps.photos, user=UserHandle{0}) - forceBadgeCount: false, notification listener: 3, badge provider: 0
12-19 18:21:04.676  2218 16200 I HoneySpace.PackageEventOperator: [ApplistViewModel] badge count is updated. com.linkedin.android/.authenticator.LaunchActivityDefault#UserHandle{0}|133 : 14
12-19 18:21:04.676  2218 16200 I HoneySpace.BadgeDataSourceImpl: Get notification count. PackageKey(packageName=com.google.android.gm, user=UserHandle{0}) - forceBadgeCount: false, notification listener: 2, badge provider: 0
12-19 18:21:04.676  2218 16200 I HoneySpace.BadgeDataSourceImpl: Get notification count. PackageKey(packageName=com.google.android.apps.photos, user=UserHandle{0}) - forceBadgeCount: false, notification listener: 3, badge provider: 0
12-19 18:21:04.676  2218 16200 I HoneySpace.PackageEventOperator: [ApplistViewModel] badge count is updated. com.google.android.gm/.ConversationListActivityGmail#UserHandle{0}|122 : 2
12-19 18:21:04.676  2218 16200 I HoneySpace.BadgeDataSourceImpl: Get notification count. PackageKey(packageName=com.google.android.apps.photos, user=UserHandle{0}) - forceBadgeCount: false, notification listener: 3, badge provider: 0
12-19 18:21:04.677  2218 16200 I HoneySpace.BadgeDataSourceImpl: Get notification count. PackageKey(packageName=com.google.android.gm, user=UserHandle{0}) - forceBadgeCount: false, notification listener: 2, badge provider: 0
12-19 18:21:04.677  2218 16200 I HoneySpace.BadgeDataSourceImpl: Get notification count. PackageKey(packageName=com.google.android.apps.photos, user=UserHandle{0}) - forceBadgeCount: false, notification listener: 3, badge provider: 0
12-19 18:21:04.679   925  1003 I VSyncReactor: Current= 60, Period= 60, hwcPeriod= 60
12-19 18:21:04.681 11670 26305 I SemPersonaManager: START getContainerName packageName = null, className = null, userId = 151
12-19 18:21:04.682  1237  3420 D ApplicationPolicy: getAppName for com.samsung.knox.securefolder
12-19 18:21:04.682 11670 26305 I SemPersonaManager: END getContainerName packageName
12-19 18:21:04.684 11670 26305 I ContactsProvider: queryCorpLookupIfNecessary - query for knox took 152 ms elapsed
12-19 18:21:04.691 25639 26997 I Bugle   : getRawTelephonyPhoneNumber redacted-pii[12-chars] [CONTEXT sub_id=1 ]
12-19 18:21:04.692 25639 26997 I Bugle   : SubscriptionUtils.getCanonicalForSelf: self=redacted-pii[13-chars], country=IN [CONTEXT sub_id=1 ]
12-19 18:21:04.728 11766 11779 I ContainerConfigurationPolicy: Knox Phone Book Access Profile permission check
12-19 18:21:04.728 11766 11779 D ContainerConfigurationPolicy: current version : KNOX_ENTERPRISE_SDK_VERSION_3_10, Required version : KNOX_ENTERPRISE_SDK_VERSION_2_7
12-19 18:21:04.728 11766 11779 I KnoxUtil_CP2: isContactSharingEnabled :true
12-19 18:21:04.729 11766 11779 I ContainerConfigurationPolicy: Knox Phone Book Access Profile permission check
12-19 18:21:04.729 11766 11779 D ContainerConfigurationPolicy: current version : KNOX_ENTERPRISE_SDK_VERSION_3_10, Required version : KNOX_ENTERPRISE_SDK_VERSION_2_7
12-19 18:21:04.748 11670 26305 I ContactsProvider: queryCorpLookupIfNecessary - query for knox took 26 ms elapsed
12-19 18:21:04.752 25639 26997 I Bugle   : TelephonyManagerFactory: Returning per-subscription TelephonyManager (>= N) subscription{id:2}
12-19 18:21:04.753 25639 26997 I BugleBackup: Registering preference change listener for "buglesub_2".
12-19 18:21:04.757 25639 26997 I Bugle   : getRawTelephonyPhoneNumber redacted-pii[12-chars] [CONTEXT sub_id=2 ]
12-19 18:21:04.758 25639 26997 I Bugle   : TelephonySubscriptionInfoAsOfLMR1: getActiveSubscriptionInfo(): empty sub info for subscription{id:2}
12-19 18:21:04.759 25639 26997 I Bugle   : Delegate phone number for self is invalid! With country= and number=redacted-pii[12-chars] [CONTEXT sub_id=2 ]
12-19 18:21:04.761 25639 26997 I Bugle   : TelephonySubscriptionInfoAsOfLMR1: getActiveSubscriptionInfo(): empty sub info for subscription{id:2}
12-19 18:21:04.796 11670 26305 I ContactsProvider: queryCorpLookupIfNecessary - query for knox took 0 ms elapsed
12-19 18:21:04.833 25639 26997 I BugleDataModel: ParticipantFullRefresh: Number of participants refreshed: 0
12-19 18:21:04.841 25639 26997 I BugleDataModel: ActionExecutorImpl: ACTION_RESPONSE_QUEUED_SelfParticipantsRefreshAction
12-19 18:21:04.844 25639 26450 I BugleDataModel: ActionExecutorImpl: Stopping ActionService
12-19 18:21:04.855 25639 26999 I Bugle   : getRawTelephonyPhoneNumber redacted-pii[12-chars] [CONTEXT sub_id=1 ]
12-19 18:21:04.857 25639 26999 I Bugle   : SubscriptionUtils.getCanonicalForSelf: self=redacted-pii[13-chars], country=IN [CONTEXT sub_id=1 ]
12-19 18:21:04.861 25639 26999 I BugleSelfIdentity: Phone number does not change [CONTEXT sub_id=1 ]
12-19 18:21:04.909  1237  1309 E Watchdog: !@Sync: 6769 heap: 113 / 132 FD: 1238 [2024-12-19 18:21:04.909]
12-19 18:21:05.316  1237  1431 D InputReader: Btn_touch(4): value=1 when=203192.451306
12-19 18:21:05.316  1237  1431 I InputReader: Touch event's action is 0x0 (id=5, t=0) [pCnt=1, s=0.29460 ] when=203192.451306
12-19 18:21:05.318  1237  1430 I InputDispatcher: Delivering touch to (1678): action: 0x4, f=0x0, d=0, '1ae3101', t=1
12-19 18:21:05.319  1237  1430 I InputDispatcher: Delivering touch to (26843): action: 0x0, f=0x0, d=0, '57ef65c', t=1
12-19 18:21:05.321  2218  2218 I HoneySpace.GestureInputHandler: inputConsumers = [com.honeyspace.gesture.inputconsumer.InputConsumer$Companion$NO_OP$1@e4852f3]
12-19 18:21:05.322  1237  1430 D PowerManagerService: [api] userActivityFromNative : touch displayId=0 eventTime=203192451
12-19 18:21:05.322  2218  2218 I HoneySpace.InputSession: inputConsumers = NO_OP
12-19 18:21:05.323  2218  2218 I HoneySpace.InputSession: open
12-19 18:21:05.323  1237  1304 I GestureDetector: obtain mCurrentDownEvent. id: 23161870 caller: com.android.server.wm.SystemGesturesPointerEventListener.onPointerEvent:204 com.android.server.wm.PointerEventDispatcher.onInputEvent:53 android.view.InputEventReceiver.dispatchInputEvent:337
12-19 18:21:05.324  1237  1304 I GestureDetector: obtain mCurrentDownEvent. id: 23161870 caller: com.android.server.wm.SystemPerformancePointerEventListener.onPointerEvent:89 com.android.server.wm.PointerEventDispatcher.onInputEvent:53 android.view.InputEventReceiver.dispatchInputEvent:337
12-19 18:21:05.325  1237  1430 D PowerManagerService: UserActivityStateListenerState: 1
12-19 18:21:05.325 26843 26843 I ViewRootImpl@383aab3[MainActivity]: ViewPostIme pointer 0
12-19 18:21:05.328  1237  1304 I GestureDetector: obtain mCurrentMotionEventRaw. action: 2 id: 989720994
12-19 18:21:05.328  1237  1304 I GestureDetector: obtain mCurrentMotionEventRaw. action: 2 id: 989720994
12-19 18:21:05.379  1237  1431 D InputReader: Btn_touch(4): value=0 when=203192.515283
12-19 18:21:05.380  1237  1431 I InputReader: Touch event's action is 0x1 (id=5, t=0) [pCnt=1, s=] when=203192.515283
12-19 18:21:05.383  1237  1430 I InputDispatcher: Delivering touch to (26843): action: 0x1, f=0x0, d=0, '57ef65c', t=1
12-19 18:21:05.383 26843 26843 I ViewRootImpl@383aab3[MainActivity]: ViewPostIme pointer 1
12-19 18:21:05.385  2218  2218 I HoneySpace.GestureInputHandler: reset
12-19 18:21:05.385  2218  2218 I HoneySpace.InputSession: close
12-19 18:21:05.421   603   603 W keymint_tee: [WRN]begin req PARAMS: A32, BM32, PD1,
12-19 18:21:05.422   603   603 D android.hardware.security.keymint-service: begin: ret 0
12-19 18:21:05.422   602   602 I keystore2: system/security/keystore2/src/security_level.rs:448 - In create_operation. Success to create IKeystoreOperation. 9510290, None
12-19 18:21:05.425   603   603 D android.hardware.security.keymint-service: update: ret 0
12-19 18:21:05.427   603   603 D android.hardware.security.keymint-service: finish: ret 0
12-19 18:21:05.623  1237  1304 I GestureDetector: handleMessage TAP
12-19 18:21:05.624  1237  1237 I GestureDetector: handleMessage TAP
12-19 18:21:05.830   586   586 D io_stats: !@ 179,0 r 38896 1206821 w 541 375167 d 0 0 f 0 0 iot 98736 0 th 0 0 0 pt 0 inp 0 0 203192.966
12-19 18:21:05.831   586   586 D io_stats: !@   8,0 r 19053577 465266849 w 6606332 109962224 d 2034018 96691608 f 0 689478 iot 13816220 0 th 0 0 0 pt 0 inp 0 0 203192.966
12-19 18:21:05.831   586   586 D io_stats: !@ Read_top(KB): d.process.acore(11670) 1384 d.process.acore(11766) 552 .apps.messaging(25639) 68
12-19 18:21:05.831   586   586 D io_stats: !@ Write_top(KB): f2fs_ckpt-254:5(624) 304 d.process.acore(11670) 44 d.process.acore(11766) 24
12-19 18:21:05.959  1237  2282 D ActivityTaskManager: startActivityAsUser: callingPid=26843, callingUid=9510290, caller=com.android.server.wm.ActivityTaskManagerService.startActivityAsUser:1844 com.android.server.wm.ActivityTaskManagerService.startActivity:1818 android.app.IActivityTaskManager$Stub.onTransact:1353 com.android.server.wm.ActivityTaskManagerService.onTransact:6972 android.os.Binder.execTransactInternal:1375 android.os.Binder.execTransact:1311 <bottom of call stack>
12-19 18:21:05.960  1237  1306 I ChimeraSystemEventListener: Not an effective intent: Intent { act=android.intent.action.VIEW dat=https://accounts.google.com/... flg=0x50800000 (has extras) }
12-19 18:21:05.973  1237  2282 D CompatibilityChangeReporter: Compat change id reported: 265464455; UID 10231; state: DISABLED
12-19 18:21:05.973  1237  2282 D CompatibilityChangeReporter: Compat change id reported: 265452344; UID 10231; state: DISABLED
12-19 18:21:05.973  1237  2282 D CompatibilityChangeReporter: Compat change id reported: 266124927; UID 10231; state: DISABLED
12-19 18:21:05.974  1237  2282 D CompatibilityChangeReporter: Compat change id reported: 265451093; UID 10231; state: DISABLED
12-19 18:21:05.974  1237  2282 D CompatibilityChangeReporter: Compat change id reported: 265456536; UID 10231; state: DISABLED
12-19 18:21:05.974  1237  2282 D CompatibilityChangeReporter: Compat change id reported: 255940284; UID 10231; state: DISABLED
12-19 18:21:05.974  1237  2282 D CompatibilityChangeReporter: Compat change id reported: 236283604; UID 10231; state: DISABLED
12-19 18:21:05.974  1237  2282 D CompatibilityChangeReporter: Compat change id reported: 263959004; UID 10231; state: DISABLED
12-19 18:21:05.974  1237  2282 D CompatibilityChangeReporter: Compat change id reported: 264304459; UID 10231; state: DISABLED
12-19 18:21:05.975  1237  2282 D CompatibilityChangeReporter: Compat change id reported: 264301586; UID 10231; state: DISABLED
12-19 18:21:05.975  1237  2282 D CompatibilityChangeReporter: Compat change id reported: 254631730; UID 10231; state: DISABLED
12-19 18:21:05.975  1237  2282 D CompatibilityChangeReporter: Compat change id reported: 273509367; UID 10231; state: DISABLED
12-19 18:21:05.975  1237  2282 D CompatibilityChangeReporter: Compat change id reported: 263259275; UID 10231; state: DISABLED
12-19 18:21:05.975  1237  2282 D CompatibilityChangeReporter: Compat change id reported: 174042980; UID 10231; state: DISABLED
12-19 18:21:05.975  1237  2282 D CompatibilityChangeReporter: Compat change id reported: 174042936; UID 10231; state: DISABLED
12-19 18:21:05.975  1237  2282 D CompatibilityChangeReporter: Compat change id reported: 181136395; UID 10231; state: DISABLED
12-19 18:21:05.982  1237  2282 D CompatibilityChangeReporter: Compat change id reported: 194480991; UID 10231; state: ENABLED
12-19 18:21:05.982  1237  2282 D WindowManager: Transition is created, t=TransitionRecord{4cfe53b id=-1 type=OPEN flags=0x0}, caller=com.android.server.wm.TransitionController.createAndStartCollecting:1765 com.android.server.wm.ActivityStarter.startActivityUnchecked:2357 com.android.server.wm.ActivityStarter.executeRequest:1950 com.android.server.wm.ActivityStarter.execute:1090 com.android.server.wm.ActivityTaskManagerService.startActivityAsUser:1985
12-19 18:21:05.983  1237  2282 D WindowManager: SyncGroup is created, id=2711, name=Transition, caller=com.android.server.wm.BLASTSyncEngine$SyncGroup.<init>:0 com.android.server.wm.BLASTSyncEngine.prepareSyncSet:513 com.android.server.wm.BLASTSyncEngine.startSyncSet:518 com.android.server.wm.Transition.startCollecting:710 com.android.server.wm.TransitionController.moveToCollecting:360 com.android.server.wm.TransitionController.createAndStartCollecting:1766 com.android.server.wm.ActivityStarter.startActivityUnchecked:2357
12-19 18:21:05.983  1237  2282 W WindowManager: setSyncMethod, id=2711, method=0, caller=com.android.server.wm.Transition.startCollecting:712 com.android.server.wm.TransitionController.moveToCollecting:360 com.android.server.wm.TransitionController.createAndStartCollecting:1766
12-19 18:21:05.983  1237  2282 V WindowManager: Start collecting in Transition: TransitionRecord{4cfe53b id=2711 type=OPEN flags=0x0}, caller=com.android.server.wm.TransitionController.createAndStartCollecting:1766 com.android.server.wm.ActivityStarter.startActivityUnchecked:2357 com.android.server.wm.ActivityStarter.executeRequest:1950 com.android.server.wm.ActivityStarter.execute:1090 com.android.server.wm.ActivityTaskManagerService.startActivityAsUser:1985
12-19 18:21:05.983  1237  2282 V WindowManager: Collecting in transition 2711: ActivityRecord{afec458 u0 com.android.chrome/com.google.android.apps.chrome.IntentDispatcher, caller=com.android.server.wm.Transition.collect:759 com.android.server.wm.TransitionController.collect:935 com.android.server.wm.ActivityStarter.startActivityUnchecked:2361 com.android.server.wm.ActivityStarter.executeRequest:1950 com.android.server.wm.ActivityStarter.execute:1090
12-19 18:21:05.983  1237  2282 D ActivityTaskManager: TaskLaunchParamsModifier:task=null activity=ActivityRecord{afec458 u0 com.android.chrome/com.google.android.apps.chrome.IntentDispatcher t-1} display-area-from-source=DefaultTaskDisplayArea_d0@48790169 display-id=0 task-display-area-windowing-mode=1 suggested-display-area=DefaultTaskDisplayArea_d0@48790169
12-19 18:21:05.984  1237  2282 D ActivityTaskManager: TaskLaunchParamsModifier:task=null activity=ActivityRecord{afec458 u0 com.android.chrome/com.google.android.apps.chrome.IntentDispatcher t-1} display-area-from-source=DefaultTaskDisplayArea_d0@48790169 display-id=0 task-display-area-windowing-mode=1 suggested-display-area=DefaultTaskDisplayArea_d0@48790169 inherit-from-source=fullscreen non-freeform-task-display-area display-area=DefaultTaskDisplayArea_d0@48790169 default-portrait freeform-size-mismatch=Rect(81, 602 - 999, 1772)
12-19 18:21:05.984  1237  2382 I SemDvfsHyPerManager: acquire hyper - AMS_APP_SWITCH/1237@18, type = -999
12-19 18:21:05.985   925  2713 I SurfaceFlinger: id=50703 createSurf, flag=24004, Task=428#50703
12-19 18:21:05.985   843   922 I HYPER-HAL: [RequestManager.cpp]acquire(): Acquired ID : 788158  [1237 / 18]    HINT : AMS_APP_SWITCH    list :
12-19 18:21:05.986  1237  2282 D ActivityTaskManager: TaskLaunchParamsModifier:task=Task{25c99b1 #428 type=standard I=com.android.chrome/com.google.android.apps.chrome.IntentDispatcher} activity=ActivityRecord{afec458 u0 com.android.chrome/com.google.android.apps.chrome.IntentDispatcher t-1} display-area-from-source=DefaultTaskDisplayArea_d0@48790169 display-id=0 task-display-area-windowing-mode=1 suggested-display-area=DefaultTaskDisplayArea_d0@48790169 inherit-from-source=fullscreen non-freeform-task-display-area display-area=DefaultTaskDisplayArea_d0@48790169 default-portrait freeform-size-mismatch=Rect(81, 602 - 999, 1772)
12-19 18:21:05.986  1237  2282 V WindowManager: Collecting in transition 2711: Task{25c99b1 #428 type=standard I=com.android.chrome/com.google.android.apps.chrome.IntentDispatcher}, caller=com.android.server.wm.Transition.collect:759 com.android.server.wm.Transition.collectExistenceChange:942 com.android.server.wm.TransitionController.collectExistenceChange:985 com.android.server.wm.ActivityStarter.setNewTask:4712 com.android.server.wm.ActivityStarter.startActivityInner:2929
12-19 18:21:05.987  1237  2282 D CompatibilityChangeReporter: Compat change id reported: 184838306; UID 10231; state: DISABLED
12-19 18:21:05.987  1237  2282 D CompatibilityChangeReporter: Compat change id reported: 185004937; UID 10231; state: DISABLED
12-19 18:21:05.987  1237  2382 D ActivityManagerPerformance: AMP_acquire() APP_SWITCH
12-19 18:21:05.987   925  2713 I SurfaceFlinger: id=50704 createSurf, flag=84004, ActivityRecord{afec458 u0 com.android.chrome/com.google.android.apps.chrome.IntentDispatcher t428}#50704
12-19 18:21:05.988  4690  4690 I SemDvfsHyPerManager: acquire hyper - APP_START_SHORT/4690@14, type = -999
12-19 18:21:05.988  4690  4690 I R0      : limitCPUFreq:: freq = -1
12-19 18:21:05.988   843   922 I HYPER-HAL: [RequestManager.cpp]acquire(): Acquired ID : 11066174  [4690 / 14]    HINT : APP_START    list : [TIMEOUT / 1500]
12-19 18:21:05.989  1237  2282 D ActivityTaskManager: scheduleTopResumedActivityChanged, onTop=false, r=ActivityRecord{3c217c6 u95 com.shubhumm.hospitalfinder/.MainActivity t427}, caller=com.android.server.wm.ActivityTaskSupervisor.updateTopResumedActivityIfNeeded:2826 com.android.server.wm.TaskDisplayArea.positionChildTaskAt:567 com.android.server.wm.TaskDisplayArea.positionChildAt:483 com.android.server.wm.Task.moveToFront:6077 com.android.server.wm.ActivityStarter.startActivityInner:2957 com.android.server.wm.ActivityStarter.startActivityUnchecked:2364
12-19 18:21:05.990  1237  2282 V WindowManager: Checking theme of starting window: 0x7f150217
12-19 18:21:05.990  1237  2282 V WindowManager: Translucent=true Floating=false ShowWallpaper=false Disable=true
12-19 18:21:05.990  1237  2282 D CompatibilityChangeReporter: Compat change id reported: 205907456; UID 10231; state: ENABLED
12-19 18:21:05.990   843   922 I HYPER-HAL: [RequestManager.cpp]releaseLocked(): Released ID : 11009780
12-19 18:21:05.992  1237  2282 V WindowManager: Collecting in transition 2711: ActivityRecord{afec458 u0 com.android.chrome/com.google.android.apps.chrome.IntentDispatcher t428}, caller=com.android.server.wm.Transition.collect:759 com.android.server.wm.Transition.collectExistenceChange:942 com.android.server.wm.TransitionController.collectExistenceChange:985 com.android.server.wm.ActivityStarter.handleStartResult:2542 com.android.server.wm.ActivityStarter.startActivityUnchecked:2369
12-19 18:21:05.992  1237  2282 V WindowManager: Requesting StartTransition: TransitionRecord{4cfe53b id=2711 type=OPEN flags=0x0}, caller=com.android.server.wm.ActivityStarter.handleStartResult:2576 com.android.server.wm.ActivityStarter.startActivityUnchecked:2369 com.android.server.wm.ActivityStarter.executeRequest:1950 com.android.server.wm.ActivityStarter.execute:1090 com.android.server.wm.ActivityTaskManagerService.startActivityAsUser:1985
12-19 18:21:05.992  1237  2282 I ActivityTaskManager: START u0 {act=android.intent.action.VIEW dat=https://accounts.google.com/... flg=0x50800000 cmp=com.android.chrome/com.google.android.apps.chrome.IntentDispatcher (has extras)} with LAUNCH_MULTIPLE from uid 9510290 (BAL_ALLOW_VISIBLE_WINDOW) result code=0
12-19 18:21:05.992  1237  2282 I Pageboost: stop alp
12-19 18:21:05.993  1237  2282 I SemDvfsHyPerManager: acquire hyper - AMS_APP_LAUNCH/1237@15, type = -999
12-19 18:21:05.993  2674  2674 E pageboostd: Received HALT command code 2
12-19 18:21:05.993  1678  1733 V WindowManagerShell: Transition requested: android.os.BinderProxy@5651d06 TransitionRequestInfo { type = OPEN, triggerTask = TaskInfo{userId=0 taskId=428 displayId=0 isRunning=true baseIntent=Intent { act=android.intent.action.VIEW dat=https://accounts.google.com/... flg=0x50800000 cmp=com.android.chrome/com.google.android.apps.chrome.IntentDispatcher } baseActivity=ComponentInfo{com.android.chrome/org.chromium.chrome.browser.document.ChromeLauncherActivity} topActivity=ComponentInfo{com.android.chrome/org.chromium.chrome.browser.document.ChromeLauncherActivity} origActivity=ComponentInfo{com.android.chrome/com.google.android.apps.chrome.IntentDispatcher} realActivity=ComponentInfo{com.android.chrome/org.chromium.chrome.browser.document.ChromeLauncherActivity} numActivities=1 lastActiveTime=353013025 supportsMultiWindow=true resizeMode=1 isResizeable=true minWidth=-1 minHeight=-1 maxWidth=-1 maxHeight=-1 defaultMinSize=220 token=WCT{android.window.IWindowContainerToken$Stub$Proxy@3895fc7} topActivityType=1 pictureInPictureParams=null shouldDockBigOverlays=false launchIntoPipHostTaskId=-1 lastParentTaskIdBeforePip=-1 displayCutoutSafeInsets=Rect(0, 77 - 0, 0) topActivityInfo=ActivityInfo{79699f4 com.google.android.apps.chrome.IntentDispatcher} launchCookies=[] positionInParent=Point(0, 0) parentTaskId=-1 isFocused=false isVisible=false isVisibleRequested=false isSleeping=false topActivityInSizeCompat=false topActivityEligibleForLetterboxEducation= false topActivityLetterboxed= false isFromDoubleTap= false topActivityLetterboxVerticalPosition= -1 topActivityLetterboxHorizontalPosition= -1 topActivityLetterboxWidth=-1 topActivityLetterboxHeight=-1 locusId=null displayAreaFeatureId=1 cameraCompatControlState=hidden originallySupportedMultiWindow=true hasWallpaper=false topActivityInFixedAspectRatio=false rootAffinity=null topActivityInDisplayCompat=false topActivityInBoundsCompat=false topActivityBounds=null singleTapFromLetterbox=false isTopTaskInStage=false topActivityUiMode=33 CoverLauncherWidgetTask=false CoverScreenTask=false isAllowedSeamlessRotation=false isTopTransparentActivity=false hasPopOver=false}, remoteTransition = null, displayChange = null }
12-19 18:21:05.993   843   922 I HYPER-HAL: [RequestManager.cpp]acquire(): Acquired ID : 784393  [1237 / 15]    HINT : AMS_APP_LAUNCH    list :
12-19 18:21:05.994  1237  4472 V WindowManager: Starting Transition 2711, caller=com.android.server.wm.WindowOrganizerController.startTransition:382 com.android.server.wm.WindowOrganizerController.startTransition:313 android.window.IWindowOrganizerController$Stub.onTransact:257
12-19 18:21:05.994  1237  4472 V Transition:  allReady query: used=true, override=false, defer=0, states=Display{#0 state=ON size=1080x2340 ROTATION_0}:false
12-19 18:21:05.996  4690  4690 I SemDvfsHyPerManager: acquire hyper - APP_START/4690@16, type = -999
12-19 18:21:05.996   843   922 I HYPER-HAL: [RequestManager.cpp]acquire(): Acquired ID : 11075587  [4690 / 16]    HINT : APP_START    list :
12-19 18:21:05.997  1237  3420 V WindowManager: Collecting in transition 2711: ActivityRecord{afec458 u0 com.android.chrome/com.google.android.apps.chrome.IntentDispatcher t428}, caller=com.android.server.wm.Transition.collect:759 com.android.server.wm.TransitionController.collect:935 com.android.server.wm.ActivityRecord.setVisibility:6348 com.android.server.wm.ActivityRecord.setVisibility:6300 com.android.server.wm.ActivityRecord.makeVisibleIfNeeded:7102
12-19 18:21:05.998  1237  3420 V WindowManager: rotationForOrientation(orient=SCREEN_ORIENTATION_PORTRAIT (1), last=ROTATION_0 (0)); user=ROTATION_0 (0) USER_ROTATION_LOCKED
12-19 18:21:05.998  1237  3420 D WindowManager: rotationForOrientation, orientationSource=ActivityRecord{3c217c6 u95 com.shubhumm.hospitalfinder/.MainActivity t427}
12-19 18:21:05.998  1237  3420 V WindowManager: Computed rotation=ROTATION_0 (0) for display id=0 based on lastOrientation=SCREEN_ORIENTATION_PORTRAIT (1) and oldRotation=ROTATION_0 (0), caller=com.android.server.wm.DisplayRotation.updateOrientation:517 com.android.server.wm.DisplayContent.updateOrientation:2176 com.android.server.wm.DisplayContent.updateOrientation:2092 com.android.server.wm.RootWindowContainer.ensureVisibilityAndConfig:2091 com.android.server.wm.ActivityTaskSupervisor.realStartActivityLocked:932 com.android.server.wm.ActivityTaskSupervisor.startSpecificActivity:1267
12-19 18:21:05.998  1237  3420 V WindowManager: Collecting in transition 2711: ActivityRecord{afec458 u0 com.android.chrome/com.google.android.apps.chrome.IntentDispatcher t428}, caller=com.android.server.wm.Transition.collect:759 com.android.server.wm.TransitionController.collect:935 com.android.server.wm.ActivityRecord.setVisibility:6348 com.android.server.wm.ActivityRecord.setVisibility:6300 com.android.server.wm.ActivityTaskSupervisor.realStartActivityLocked:941
12-19 18:21:05.998  1237  3420 D SGM:PkgDataHelper: notifyAppCreate(), pkgName: com.android.chrome, userId: 0, sendRet: true
12-19 18:21:05.999  1237  3420 D SGM:FgCheckThread: TaskStackListener.onTaskFocusChanged(), taskId=427, focused=false
12-19 18:21:05.999  1237  3420 D SGM:FgCheckThread: TaskStackListener.onTaskFocusChanged(), taskId=428, focused=true
12-19 18:21:05.999  1237  3420 D SGM:FgCheckThread:   sendRunningComponentFocus(), pkgName: com.android.chrome, userId: 0
12-19 18:21:05.999  1237  3420 D InputDispatcher: Focused application(0): ActivityRecord{afec458 u0 com.android.chrome/com.google.android.apps.chrome.IntentDispatcher t428}
12-19 18:21:06.000  1237  3420 V WindowManager: Changing focus from Window{57ef65c u95 com.shubhumm.hospitalfinder/com.shubhumm.hospitalfinder.MainActivity} to null displayId=0 Callers=com.android.server.wm.RootWindowContainer.updateFocusedWindowLocked:578 com.android.server.wm.WindowManagerService.updateFocusedWindowLocked:6833 com.android.server.wm.ActivityTaskManagerService.setLastResumedActivityUncheckLocked:6118 com.android.server.wm.ActivityTaskSupervisor.updateTopResumedActivityIfNeeded:2847
12-19 18:21:06.000  1237  3420 D SGM:FgCheckThread: TaskStackListener.onTaskFocusChanged(), taskId=427, focused=false
12-19 18:21:06.000  1237  3420 D SGM:FgCheckThread: TaskStackListener.onTaskFocusChanged(), taskId=428, focused=true
12-19 18:21:06.000  1237  1312 I PersonaManagerService: onForegroundProfileSwitch: 0
12-19 18:21:06.000  1237  3420 D SGM:FgCheckThread:   sendRunningComponentFocus(), pkgName: com.android.chrome, userId: 0
12-19 18:21:06.001  1237  1346 I PersonaManagerService: setForegroundUser(newProfileId:0)
12-19 18:21:06.001  1237  3420 D ActivityTaskManager: scheduleTopResumedActivityChanged, onTop=true, r=ActivityRecord{afec458 u0 com.android.chrome/com.google.android.apps.chrome.IntentDispatcher t428}, caller=com.android.server.wm.ActivityTaskSupervisor.scheduleTopResumedActivityStateIfNeeded:2857 com.android.server.wm.ActivityTaskSupervisor.updateTopResumedActivityIfNeeded:2849 com.android.server.wm.TaskFragment.setResumedActivity:579 com.android.server.wm.TaskFragment.onActivityStateChanged:903 com.android.server.wm.ActivityRecord.setState:6811 com.android.server.wm.Task.minimalResumeActivityLocked:6192
12-19 18:21:06.001  1237  3420 V WindowManager: Collecting in transition 2711: ActivityRecord{afec458 u0 com.android.chrome/com.google.android.apps.chrome.IntentDispatcher t428}, caller=com.android.server.wm.Transition.collect:759 com.android.server.wm.TransitionController.collect:935 com.android.server.wm.ActivityRecord.setVisibility:6348 com.android.server.wm.ActivityRecord.setVisibility:6300 com.android.server.wm.ActivityRecord.completeResumeLocked:7395
12-19 18:21:06.001  1237  3420 V Transition:  allReady query: used=true, override=false, defer=0, states=Display{#0 state=ON size=1080x2340 ROTATION_0}:true
12-19 18:21:06.002  2218  2394 I HoneySpace.TopTaskSource: onTaskMovedToFront : taskId = 428
12-19 18:21:06.003  1237  3420 D WindowManager: SyncGroup 2711:  Unfinished container: ActivityRecord{afec458 u0 com.android.chrome/com.google.android.apps.chrome.IntentDispatcher t428} mSyncState=2
12-19 18:21:06.003  1237  1447 D SGM:FgCheckThread: onLooperPrepared(), msg: MSG_APP_CREATE, pkgName: com.android.chrome, userId: 0
12-19 18:21:06.003  1237  1447 D SGM:FgCheckThread: onLooperPrepared(), msg: MSG_TASK_FOCUSED, pkgName: com.android.chrome, userId: 0
12-19 18:21:06.003  1237  1447 D SGM:FgCheckThread: handleTaskFocused().
12-19 18:21:06.003  1237  1447 D SGM:FgCheckThread: sendFocusOutConditionally() - mPrevNotiPkg: (unknown), userId: 0
12-19 18:21:06.003  1237  1447 D SGM:FgCheckThread:   handleTaskFocused(), pkgName: com.android.chrome, userID:0
12-19 18:21:06.003  1237  1447 D SGM:FgCheckThread: handleResume().
12-19 18:21:06.003  1237  1312 D PowerManagerService: [api] onForegroundProfileSwitch: 0
12-19 18:21:06.003  1237  1447 D SGM:FgCheckThread: sendFocusOutConditionally() - mPrevNotiPkg: (unknown), userId: 0
12-19 18:21:06.003  1237  1447 D SGM:FgCheckThread:   handleResume(). pkgName: com.android.chrome, userId: 0, isTunableApp: null
12-19 18:21:06.004  1237  1447 D SGM:FgCheckThread: notifyFocusInOut(). of pkg: com.android.chrome, type: 4, isTunableApp: false, userId: 0
12-19 18:21:06.004  1237  1447 D SGM:FgCheckThread:   notifyFocusInOut(). unexpected mPrevNotiType: -1
12-19 18:21:06.004  1237  1447 D SGM:SystemHelper: callReleaseBlock needReleaseBlock:false
12-19 18:21:06.004  1237  1306 D SGM:FgCheckThread: notePauseComponent(), received pkgName: com.shubhumm.hospitalfinder, userId: 95
12-19 18:21:06.006  1237  1527 D AS.MultiSoundManager: mForegroundUid = 10231
12-19 18:21:06.008  2218  2396 I HoneySpace.TopTaskUseCase: topTasks 428 ComponentInfo{com.android.chrome/org.chromium.chrome.browser.document.ChromeLauncherActivity}
12-19 18:21:06.008  2218 16200 I HoneySpace.RecentTasks: onRecentTasksChanged
12-19 18:21:06.009  1237  1553 I CocktailBarManagerServiceContainer: handleMessage: entry what = 6
12-19 18:21:06.009  1237  1237 I ContainerStateReceiver:  event: CONTAINER_EVENT_SWITCH
12-19 18:21:06.009  1237  1237 I ContainerStateReceiver:  event: CONTAINER_EVENT_SWITCH
12-19 18:21:06.009  1237  1237 I ContainerStateReceiver:  event: CONTAINER_EVENT_SWITCH
12-19 18:21:06.009  1237  1237 I ContainerStateReceiver:  event: CONTAINER_EVENT_SWITCH
12-19 18:21:06.009  1237  1237 I ContainerStateReceiver:  event: CONTAINER_EVENT_SWITCH
12-19 18:21:06.010  1237  1237 I ContainerStateReceiver:  event: CONTAINER_EVENT_SWITCH
12-19 18:21:06.010  4690  6018 I FASProvider: makeValuesForFasUpdate contentValues = package_name=com.android.chrome extras=0 reason=deleted_from_mars_auto disableReason=default disableResetTime=1734612665997 uid=10231 mode=0 level=1 resetTime=0
12-19 18:21:06.012  1237  1306 I ActivityManager: Changes in 10231 19 to 2, 0 to 63
12-19 18:21:06.012  1034  6881 I CameraService: onUidStateChanged: uid=10231, procState is changed. (19 -> 2)
12-19 18:21:06.015  1237  1306 I ActivityManager: Changes in 99109 19 to 3, 0 to 56
12-19 18:21:06.016  1237  1306 I ActivityManager: Changes in 10257 19 to 3, 0 to 56
12-19 18:21:06.016  1237  4472 D CompatibilityChangeReporter: Compat change id reported: 161145287; UID 10231; state: ENABLED
12-19 18:21:06.016  2872  2872 I ContainerStateReceiver:  event: CONTAINER_EVENT_SWITCH
12-19 18:21:06.016  2872  2872 I KNOXCORE::ContainerStateReceiver: onPersonalSwitch()
