12-19 18:20:59.423   843   922 I HYPER-HAL: [RequestManager.cpp]acquire(): Acquired ID : 788158  [1237 / 18]    HINT : AMS_APP_SWITCH    list :
12-19 18:20:59.425   925  2713 I SurfaceFlinger: id=50689 createSurf, flag=84004, ActivityRecord{b4c1a71 u95 com.google.android.permissioncontroller/com.android.permissioncontroller.permission.ui.GrantPermissionsActivity t427}#50689
12-19 18:20:59.426  1237  2382 D ActivityManagerPerformance: AMP_acquire() APP_SWITCH
12-19 18:20:59.427  4690  4690 I SemDvfsHyPerManager: acquire hyper - APP_START_SHORT/4690@14, type = -999
12-19 18:20:59.428  1237  2193 V WindowManager: Checking theme of starting window: 0x7f140163
12-19 18:20:59.428  1237  2193 V WindowManager: Translucent=true Floating=true ShowWallpaper=false Disable=false
12-19 18:20:59.428   843   922 I HYPER-HAL: [RequestManager.cpp]acquire(): Acquired ID : 11066174  [4690 / 14]    HINT : APP_START    list : [TIMEOUT / 1500]
12-19 18:20:59.429  1237  2193 D CompatibilityChangeReporter: Compat change id reported: 205907456; UID 9510253; state: ENABLED
12-19 18:20:59.429  1237  2193 D ActivityTaskManager: scheduleTopResumedActivityChanged, onTop=false, r=ActivityRecord{3c217c6 u95 com.shubhumm.hospitalfinder/.MainActivity t427}, caller=com.android.server.wm.ActivityTaskSupervisor.updateTopResumedActivityIfNeeded:2826 com.android.server.wm.TaskFragment.setResumedActivity:579 com.android.server.wm.TaskFragment.onActivityStateChanged:888 com.android.server.wm.ActivityRecord.setState:6811 com.android.server.wm.TaskFragment.startPausing:2004 com.android.server.wm.TaskFragment.startPausing:1948
12-19 18:20:59.431  1237  2193 V WindowManager: Collecting in transition 2708: ActivityRecord{b4c1a71 u95 com.google.android.permissioncontroller/com.android.permissioncontroller.permission.ui.GrantPermissionsActivity t427}, caller=com.android.server.wm.Transition.collect:759 com.android.server.wm.Transition.collectExistenceChange:942 com.android.server.wm.TransitionController.collectExistenceChange:985 com.android.server.wm.ActivityStarter.handleStartResult:2542 com.android.server.wm.ActivityStarter.startActivityUnchecked:2369
12-19 18:20:59.431  1237  2193 E Transition: Trying to add a ready-group twice: Display{#0 state=ON size=1080x2340 ROTATION_0}
12-19 18:20:59.432  1237  2193 V WindowManager: Requesting StartTransition: TransitionRecord{76cd018 id=2708 type=OPEN flags=0x0}, caller=com.android.server.wm.ActivityStarter.handleStartResult:2576 com.android.server.wm.ActivityStarter.startActivityUnchecked:2369 com.android.server.wm.ActivityStarter.executeRequest:1950 com.android.server.wm.ActivityStarter.execute:1090 com.android.server.wm.ActivityTaskManagerService.startActivityAsUser:1985
12-19 18:20:59.433  1237  2193 I ActivityTaskManager: START u95 {act=android.content.pm.action.REQUEST_PERMISSIONS pkg=com.google.android.permissioncontroller cmp=com.google.android.permissioncontroller/com.android.permissioncontroller.permission.ui.GrantPermissionsActivity (has extras)} with LAUNCH_MULTIPLE from uid 9510290 (BAL_ALLOW_VISIBLE_WINDOW) result code=0
12-19 18:20:59.433  1237  2193 I Pageboost: stop alp
12-19 18:20:59.433  1237  2193 I SemDvfsHyPerManager: acquire hyper - AMS_APP_LAUNCH/1237@15, type = -999
12-19 18:20:59.434  2674  2674 E pageboostd: Received HALT command code 2
12-19 18:20:59.434   843   922 I HYPER-HAL: [RequestManager.cpp]acquire(): Acquired ID : 784393  [1237 / 15]    HINT : AMS_APP_LAUNCH    list :
12-19 18:20:59.434  1678  1733 V WindowManagerShell: Transition requested: android.os.BinderProxy@a0aab6e TransitionRequestInfo { type = OPEN, triggerTask = TaskInfo{userId=95 taskId=427 displayId=0 isRunning=true baseIntent=Intent { act=android.intent.action.MAIN cat=[android.intent.category.LAUNCHER] flg=0x10200000 cmp=com.shubhumm.hospitalfinder/.MainActivity } baseActivity=ComponentInfo{com.shubhumm.hospitalfinder/com.shubhumm.hospitalfinder.MainActivity} topActivity=ComponentInfo{com.google.android.permissioncontroller/com.android.permissioncontroller.permission.ui.GrantPermissionsActivity} origActivity=null realActivity=ComponentInfo{com.shubhumm.hospitalfinder/com.shubhumm.hospitalfinder.MainActivity} numActivities=2 lastActiveTime=353006463 supportsMultiWindow=true resizeMode=1 isResizeable=true minWidth=-1 minHeight=-1 maxWidth=-1 maxHeight=-1 defaultMinSize=220 token=WCT{android.window.IWindowContainerToken$Stub$Proxy@bdab20f} topActivityType=1 pictureInPictureParams=null shouldDockBigOverlays=false launchIntoPipHostTaskId=-1 lastParentTaskIdBeforePip=-1 displayCutoutSafeInsets=Rect(0, 77 - 0, 0) topActivityInfo=ActivityInfo{4f8929c com.android.permissioncontroller.permission.ui.GrantPermissionsActivity} launchCookies=[android.os.BinderProxy@821ce38] positionInParent=Point(0, 0) parentTaskId=-1 isFocused=true isVisible=true isVisibleRequested=true isSleeping=false topActivityInSizeCompat=false topActivityEligibleForLetterboxEducation= false topActivityLetterboxed= false isFromDoubleTap= false topActivityLetterboxVerticalPosition= -1 topActivityLetterboxHorizontalPosition= -1 topActivityLetterboxWidth=-1 topActivityLetterboxHeight=-1 locusId=null displayAreaFeatureId=1 cameraCompatControlState=hidden originallySupportedMultiWindow=true hasWallpaper=false topActivityInFixedAspectRatio=false rootAffinity=9510290:com.shubhumm.hospitalfinder topActivityInDisplayCompat=false topActivityInBoundsCompat=false topActivityBounds=null singleTapFromLetterbox=false isTopTaskInStage=false topActivityUiMode=33 CoverLauncherWidgetTask=false CoverScreenTask=false isAllowedSeamlessRotation=false isTopTransparentActivity=false hasPopOver=false}, remoteTransition = null, displayChange = null }
12-19 18:20:59.435  4690  4690 I SemDvfsHyPerManager: acquire hyper - APP_START/4690@16, type = -999
12-19 18:20:59.435  1237  2193 V WindowManager: Starting Transition 2708, caller=com.android.server.wm.WindowOrganizerController.startTransition:382 com.android.server.wm.WindowOrganizerController.startTransition:313 android.window.IWindowOrganizerController$Stub.onTransact:257
12-19 18:20:59.436  1237  2193 V Transition:  allReady query: used=true, override=false, defer=0, states=Display{#0 state=ON size=1080x2340 ROTATION_0}:false
12-19 18:20:59.436  1237  5199 V WindowManager: Collecting in transition 2708: ActivityRecord{b4c1a71 u95 com.google.android.permissioncontroller/com.android.permissioncontroller.permission.ui.GrantPermissionsActivity t427}, caller=com.android.server.wm.Transition.collect:759 com.android.server.wm.TransitionController.collect:935 com.android.server.wm.ActivityRecord.setVisibility:6348 com.android.server.wm.ActivityRecord.setVisibility:6300 com.android.server.wm.EnsureActivitiesVisibleHelper.makeVisibleAndRestartIfNeeded:337
12-19 18:20:59.438   843   922 I HYPER-HAL: [RequestManager.cpp]acquire(): Acquired ID : 11075587  [4690 / 16]    HINT : APP_START    list :
12-19 18:20:59.442  1237  1306 D CompatibilityChangeReporter: Compat change id reported: 135634846; UID 9510253; state: DISABLED
12-19 18:20:59.443  1237  1306 D CompatibilityChangeReporter: Compat change id reported: 177438394; UID 9510253; state: DISABLED
12-19 18:20:59.443  1237  1306 D CompatibilityChangeReporter: Compat change id reported: 135772972; UID 9510253; state: DISABLED
12-19 18:20:59.443  1237  1306 D CompatibilityChangeReporter: Compat change id reported: 135754954; UID 9510253; state: ENABLED
12-19 18:20:59.443  1237  1313 D CompatibilityChangeReporter: Compat change id reported: 143937733; UID 9510253; state: ENABLED
12-19 18:20:59.444   820   820 W Zygote  : forkRepeatedly terminated due to non-simple command
12-19 18:20:59.444   820   820 D Zygote  : mbuffer starts with 18, nice name is , mEnd = 1248, mNext = 35, mLinesLeft = 16, mFd = 6
12-19 18:20:59.445  1237  1306 D SGM:FgCheckThread: notePauseComponent(), received pkgName: com.shubhumm.hospitalfinder, userId: 95
12-19 18:20:59.445  1237  1553 I CocktailBarManagerServiceContainer: handleMessage: entry what = 6
12-19 18:20:59.445   820   820 I Zygote  : Entering forkRepeatedly native zygote loop
12-19 18:20:59.450  1678  1678 D FaceWidgetPositionAlgorithm: getTopMargin scale = 0.5, clockContainerHeight = 145, scaleMarginY = 72
12-19 18:20:59.453   925   925 I BpBinder: onLastStrongRef automatically unlinking death recipients:
12-19 18:20:59.453   820   820 D Zygote  : Forked child process 26939
12-19 18:20:59.455  1237  1313 I ActivityManager: Start proc 26939:com.google.android.permissioncontroller/u95a253 for next-top-activity {com.google.android.permissioncontroller/com.android.permissioncontroller.permission.ui.GrantPermissionsActivity}
12-19 18:20:59.461  1678  1678 I AODNotificationManager: updateNotification()
12-19 18:20:59.463 26939 26939 I ssioncontroller: Using CollectorTypeCMC GC.
12-19 18:20:59.467 26939 26939 E ssioncontroller: Not starting debugger since process cannot load the jdwp agent.
12-19 18:20:59.472 26939 26939 D ActivityThread: setConscryptValidator
12-19 18:20:59.472 26939 26939 D ActivityThread: setConscryptValidator - put
12-19 18:20:59.477  1237  4746 V WindowManager: rotationForOrientation(orient=SCREEN_ORIENTATION_PORTRAIT (1), last=ROTATION_0 (0)); user=ROTATION_0 (0) USER_ROTATION_LOCKED
12-19 18:20:59.477  1237  4746 D WindowManager: rotationForOrientation, orientationSource=ActivityRecord{3c217c6 u95 com.shubhumm.hospitalfinder/.MainActivity t427}
12-19 18:20:59.477  1237  4746 V WindowManager: Computed rotation=ROTATION_0 (0) for display id=0 based on lastOrientation=SCREEN_ORIENTATION_PORTRAIT (1) and oldRotation=ROTATION_0 (0), caller=com.android.server.wm.DisplayRotation.updateOrientation:517 com.android.server.wm.DisplayContent.updateOrientation:2176 com.android.server.wm.DisplayContent.updateOrientation:2092 com.android.server.wm.RootWindowContainer.ensureVisibilityAndConfig:2091 com.android.server.wm.ActivityTaskSupervisor.realStartActivityLocked:932 com.android.server.wm.RootWindowContainer$AttachApplicationHelper.test:4345
12-19 18:20:59.478  1237  4746 V WindowManager: Collecting in transition 2708: ActivityRecord{b4c1a71 u95 com.google.android.permissioncontroller/com.android.permissioncontroller.permission.ui.GrantPermissionsActivity t427}, caller=com.android.server.wm.Transition.collect:759 com.android.server.wm.TransitionController.collect:935 com.android.server.wm.ActivityRecord.setVisibility:6348 com.android.server.wm.ActivityRecord.setVisibility:6300 com.android.server.wm.ActivityTaskSupervisor.realStartActivityLocked:941
12-19 18:20:59.478  1237  4746 D SGM:PkgDataHelper: notifyAppCreate(), pkgName: com.google.android.permissioncontroller, userId: 95, sendRet: true
12-19 18:20:59.478  1237  1447 D SGM:FgCheckThread: onLooperPrepared(), msg: MSG_APP_CREATE, pkgName: com.google.android.permissioncontroller, userId: 95
12-19 18:20:59.479  1237  4746 D InputDispatcher: Focused application(0): ActivityRecord{b4c1a71 u95 com.google.android.permissioncontroller/com.android.permissioncontroller.permission.ui.GrantPermissionsActivity t427}
12-19 18:20:59.479  1237  4746 V WindowManager: Changing focus from Window{57ef65c u95 com.shubhumm.hospitalfinder/com.shubhumm.hospitalfinder.MainActivity} to null displayId=0 Callers=com.android.server.wm.RootWindowContainer.updateFocusedWindowLocked:578 com.android.server.wm.WindowManagerService.updateFocusedWindowLocked:6833 com.android.server.wm.ActivityTaskManagerService.setLastResumedActivityUncheckLocked:6118 com.android.server.wm.ActivityTaskSupervisor.updateTopResumedActivityIfNeeded:2847
12-19 18:20:59.480  1237  4746 D ActivityTaskManager: scheduleTopResumedActivityChanged, onTop=true, r=ActivityRecord{b4c1a71 u95 com.google.android.permissioncontroller/com.android.permissioncontroller.permission.ui.GrantPermissionsActivity t427}, caller=com.android.server.wm.ActivityTaskSupervisor.scheduleTopResumedActivityStateIfNeeded:2857 com.android.server.wm.ActivityTaskSupervisor.updateTopResumedActivityIfNeeded:2849 com.android.server.wm.TaskFragment.setResumedActivity:579 com.android.server.wm.TaskFragment.onActivityStateChanged:903 com.android.server.wm.ActivityRecord.setState:6811 com.android.server.wm.Task.minimalResumeActivityLocked:6192
12-19 18:20:59.481  1237  4746 V WindowManager: Collecting in transition 2708: ActivityRecord{b4c1a71 u95 com.google.android.permissioncontroller/com.android.permissioncontroller.permission.ui.GrantPermissionsActivity t427}, caller=com.android.server.wm.Transition.collect:759 com.android.server.wm.TransitionController.collect:935 com.android.server.wm.ActivityRecord.setVisibility:6348 com.android.server.wm.ActivityRecord.setVisibility:6300 com.android.server.wm.ActivityRecord.completeResumeLocked:7395
12-19 18:20:59.481  1237  4746 V Transition:  allReady query: used=true, override=false, defer=0, states=Display{#0 state=ON size=1080x2340 ROTATION_0}:true
12-19 18:20:59.483 26939 26939 D CompatibilityChangeReporter: Compat change id reported: 171979766; UID 9510253; state: ENABLED
12-19 18:20:59.483 26939 26939 D CompatibilityChangeReporter: Compat change id reported: 242716250; UID 9510253; state: ENABLED
12-19 18:20:59.484  1237  1307 D WindowManager: SyncGroup 2708:  Unfinished container: ActivityRecord{b4c1a71 u95 com.google.android.permissioncontroller/com.android.permissioncontroller.permission.ui.GrantPermissionsActivity t427} mSyncState=2
12-19 18:20:59.486  1237  2193 D CompatibilityChangeReporter: Compat change id reported: 170503758; UID 9510253; state: ENABLED
12-19 18:20:59.487  1237  4472 D InputDispatcher: Focus request (0): <null> but waiting because NO_WINDOW
12-19 18:20:59.487  1237  4472 D InputDispatcher: Focus left window (0): 57ef65c com.shubhumm.hospitalfinder/com.shubhumm.hospitalfinder.MainActivity
12-19 18:20:59.492 26939 26939 D nativeloader: Configuring clns-shared-4 for other apk /system/framework/org.apache.http.legacy.jar. target_sdk_version=34, uses_libraries=ALL, library_path=/apex/com.android.permission/priv-app/GooglePermissionController@341410020/lib/arm64:/system/lib64, permitted_path=/data:/mnt/expand:/data/user_de/95/com.google.android.permissioncontroller:/apex/com.android.permission/priv-app/GooglePermissionController@341410020:/system/lib64
12-19 18:20:59.492 26939 26939 D nativeloader: Extending system_exposed_libraries: libhumantracking.arcsoft.so:libPortraitDistortionCorrection.arcsoft.so:libPortraitDistortionCorrectionCali.arcsoft.so:libface_landmark.arcsoft.so:libFacialStickerEngine.arcsoft.so:libveengine.arcsoft.so:liblow_light_hdr.arcsoft.so:libhigh_dynamic_range.arcsoft.so:libobjectcapture_jni.arcsoft.so:libobjectcapture.arcsoft.so:libFacialAttributeDetection.arcsoft.so:libaudiomirroring_jni.audiomirroring.samsung.so:libBeauty_v4.camera.samsung.so:libexifa.camera.samsung.so:libjpega.camera.samsung.so:libOpenCv.camera.samsung.so:libImageScreener.camera.samsung.so:libMyFilter.camera.samsung.so:libtensorflowLite.myfilter.camera.samsung.so:libtensorflowlite_inference_api.myfilter.camera.samsung.so:libHIDTSnapJNI.camera.samsung.so:libSmartScan.camera.samsung.so:libRectify.camera.samsung.so:libDocRectifyWrapper.camera.samsung.so:libUltraWideDistortionCorrection.camera.samsung.so:libFace_Landmark_API.camera.samsung.so:libHpr_RecGAE_cvFeature_v1.0.camera.samsung.so:libHprFace_GAE_api.camera
12-19 18:20:59.498 26939 26939 D nativeloader: Configuring clns-shared-5 for other apk /apex/com.android.permission/priv-app/GooglePermissionController@341410020/GooglePermissionController.apk. target_sdk_version=34, uses_libraries=, library_path=/apex/com.android.permission/priv-app/GooglePermissionController@341410020/lib/arm64:/system/lib64, permitted_path=/data:/mnt/expand:/data/user_de/95/com.google.android.permissioncontroller:/apex/com.android.permission/priv-app/GooglePermissionController@341410020:/system/lib64
12-19 18:20:59.498  1237  1306 D EnterpriseDeviceManagerService: isMdmAdminPresentInternal() : MDM Admin Found - com.samsung.knox.securefolder
12-19 18:20:59.500 26939 26939 D nativeloader: InitApexLibraries:
12-19 18:20:59.500 26939 26939 D nativeloader:   com_android_adservices: libhpke_jni.so:libtflite_support_classifiers_native.so
12-19 18:20:59.500 26939 26939 D nativeloader:   com_android_appsearch: libicing.so
12-19 18:20:59.500 26939 26939 D nativeloader:   com_android_art: libartservice.so
12-19 18:20:59.500 26939 26939 D nativeloader:   com_android_btservices: libbluetooth_jni.so
12-19 18:20:59.500 26939 26939 D nativeloader:   com_android_conscrypt: libjavacrypto.so
12-19 18:20:59.500 26939 26939 D nativeloader:   com_android_os_statsd: libstats_jni.so
12-19 18:20:59.500 26939 26939 D nativeloader:   com_android_tethering: libandroid_net_connectivity_com_android_net_module_util_jni.so:libframework-connectivity-jni.so:libframework-connectivity-tiramisu-jni.so:libmainlinecronet.114.0.5735.84.so:libservice-connectivity.so:libservice-thread-jni.so
12-19 18:20:59.500 26939 26939 D nativeloader:   com_android_uwb: libuwb_uci_jni_rust.so
12-19 18:20:59.500 26939 26939 D nativeloader:   com_android_virt: libvirtualizationservice_jni.so:libvirtualmachine_jni.so
12-19 18:20:59.501  1237  1306 I GameSDK@LifeCycle: noteResumeComponent(): package name  : com.google.android.permissioncontroller
12-19 18:20:59.502  1237  1553 I CocktailBarManagerServiceContainer: handleMessage: entry what = 5
12-19 18:20:59.504  2218  2218 I Edge.ActivityUtils: HomePackage : com.sec.android.app.launcher, resumePackageName : com.google.android.permissioncontroller
12-19 18:20:59.505  1237  1306 D SGM:FgCheckThread: noteResumeComponent(), received pkgName: com.google.android.permissioncontroller, userId: 95
12-19 18:20:59.507  1237  1306 I ActivityManager: Changes in 9510253 20 to 2, 0 to 63
12-19 18:20:59.510  1237  1388 D CompatibilityChangeReporter: Compat change id reported: 265195908; UID 9510253; state: ENABLED
12-19 18:20:59.517 26843 26843 I ViewRootImpl@383aab3[MainActivity]: handleWindowFocusChanged: 0 0 call from android.view.ViewRootImpl.-$$Nest$mhandleWindowFocusChanged:0
12-19 18:20:59.517 26843 26843 I ImeFocusController: onPreWindowFocus: skipped, hasWindowFocus=false mHasImeFocus=true
12-19 18:20:59.517 26843 26843 I ImeFocusController: onPostWindowFocus: skipped, hasWindowFocus=false mHasImeFocus=true
12-19 18:20:59.521  1237  1304 D PkgPredictorService-SecIpmManagerServiceImpl: onForegroundActivitiesChanged pid:26939 uid:9510253
12-19 18:20:59.521  1237  2599 V PkgPredictorService-SecIpmManagerServiceImpl: discard foreground app:com.google.android.permissioncontroller 1|true
12-19 18:20:59.522 26939 26939 V GraphicsEnvironment: Currently set values for:
12-19 18:20:59.522 26939 26939 V GraphicsEnvironment:   angle_gl_driver_selection_pkgs=[]
12-19 18:20:59.522 26939 26939 V GraphicsEnvironment:   angle_gl_driver_selection_values=[]
12-19 18:20:59.522 26939 26939 V GraphicsEnvironment: ANGLE GameManagerService for com.google.android.permissioncontroller: false
12-19 18:20:59.522  1237  1475 V NetworkPolicy: getFirewallRuleMobileData UID:9510253 policy:0
12-19 18:20:59.523 26939 26939 V GraphicsEnvironment: com.google.android.permissioncontroller is not listed in per-application setting
12-19 18:20:59.523 26939 26939 V GraphicsEnvironment: Neither updatable production driver nor prerelease driver is supported.
12-19 18:20:59.529 11737 17387 I SAMSUNGWALLET: [Hint_ProcessStatusChange] fg Change, pid : 26939 , isNotify : true , isForeground : true , fg list : [26843, 26939]
12-19 18:20:59.531 17031 17105 I Rubin   : [14331] zb.a.c(Unknown Source) : Notify com.samsung.android.rubin.inferenceengine.contextanalytics.engine.loggers.AppUsageLogger's database is updated.
12-19 18:20:59.533 26939 26968 I carui   : CarUi plugin is disabled
12-19 18:20:59.537 11737 13863 I SAMSUNGWALLET: [Hint_SimpleHintProcessMonitor] isHomePackageRunning topPkgName = com.google.android.permissioncontroller, topClsName = com.android.permissioncontroller.permission.ui.GrantPermissionsActivity, return false , se : false
12-19 18:20:59.539  4690  5722 I SDHMS:l : onTaskStackChanged
12-19 18:20:59.539 11737 11737 I SAMSUNGWALLET: [Hint_PayHintService] Hint Status - already invisible, skip hide : [4000000] - Home Package Not Running
12-19 18:20:59.540  1237  4746 D PackageManager: setEnabledSetting : userId = 95 packageName = com.google.android.permissioncontroller cmp = com.android.permissioncontroller.role.ui.SpecialAppAccessListActivity newState = 2 callingPackage = com.google.android.permissioncontroller
12-19 18:20:59.540  2218 19557 I HoneySpace.RecentTasks: onRecentTasksChanged
12-19 18:20:59.555  1237  4867 I ActivityManager: Flag disabled. Ignoring finishAttachApplication from uid: 9510253. pid: 26939
12-19 18:20:59.611 26939 26939 D CompatibilityChangeReporter: Compat change id reported: 171228096; UID 9510253; state: ENABLED
12-19 18:20:59.612 26939 26939 D ScrollView: initGoToTop
12-19 18:20:59.615 26939 26939 D CompatibilityChangeReporter: Compat change id reported: 210923482; UID 9510253; state: ENABLED
12-19 18:20:59.624   826   940 I audio_hw_proxy2: primary_out-proxy_stop_playback_stream: stop Device
12-19 18:20:59.624   826   940 I audio_hw_playback: primary_out-out_standby_locksRequired: transited to Idle
12-19 18:20:59.624   826   940 I audio_hw_proxy2: primary_out-proxy_close_playback_stream: closed PCM Device FD(29) /dev/snd/pcmC0D100p
12-19 18:20:59.635   826   940 I audio_hw_playback: primary_out-out_standby_locksRequired: transited to Standby
12-19 18:20:59.635   826   940 I audio_hw_playback: primary_out-out_standby_locksRequired: try to unroute for standby
12-19 18:20:59.643   826   940 I audio_hw_proxy_route: proxy-disable_loop_pcmnode: SPKAMP Reference PCM Device(/dev/snd/pcmC0D118c) is stopped & closed!
12-19 18:20:59.643   826   940 V audio_route: Reset path: media-speaker
12-19 18:20:59.643   826   940 I audio_hw_proxy_route: proxy-reset_route: unrouted media-speaker
12-19 18:20:59.643   826   940 V audio_route: Reset path: gain-media-speaker
12-19 18:20:59.643   826   940 I audio_hw_proxy_route: proxy-reset_route: reset gain gain-media-speaker
12-19 18:20:59.643   826   940 I audio_hw_proxy_route: proxy-update_mixer_ctrls: enter
12-19 18:20:59.644   826   940 V audio_route: ctl(515)   : "ABOX SIFS0 Width" value 24
12-19 18:20:59.644   826   940 V audio_route: ctl(851)   : "ABOX RDMA7 Width" value 16
12-19 18:20:59.644   826   940 V audio_route: ctl(962)   : "ABOX WDMA3 Width" value 16
12-19 18:20:59.644   826   940 V audio_route: ctl(976)   : "ABOX WDMA4 Width" value 16
12-19 18:20:59.645   826   940 V audio_route: ctl(1170)   : "SPK Active" value 0
12-19 18:20:59.646 26939 26939 W LOTTIE  : Animation contains merge paths. Merge paths are only supported on KitKat+ and must be manually enabled by calling enableMergePathsForKitKatAndAbove().
12-19 18:20:59.647   826   940 V audio_route: ctl(1517)   : "ABOX VDSP0" value "none"
12-19 18:20:59.650 26939 26939 W LOTTIE  : Animation contains merge paths but they are disabled.
12-19 18:20:59.652   826   940 V audio_route: ctl(1518)   : "ABOX VDSP1" value "none"
12-19 18:20:59.654   826   940 V audio_route: ctl(1548)   : "ABOX SPUS OUT0" value "RESERVED"
12-19 18:20:59.656   826   940 V audio_route: ctl(1549)   : "ABOX SPUS OUT1" value "RESERVED"
12-19 18:20:59.658   826   940 V audio_route: ctl(1550)   : "ABOX SPUS OUT2" value "RESERVED"
12-19 18:20:59.659 26939 26939 I DecorView: setWindowBackground: isPopOver=false color=0 d=android.graphics.drawable.ColorDrawable@7fa8ac3
12-19 18:20:59.659  1237  1519 D MdnieScenarioControlService:  packageName : com.google.android.permissioncontroller    className : com.android.permissioncontroller.permission.ui.GrantPermissionsActivity
12-19 18:20:59.660   826   940 V audio_route: ctl(1551)   : "ABOX SPUS OUT3" value "RESERVED"
12-19 18:20:59.660  1237  1519 V MdnieScenarioControlService: setUIMode from UI function(3)
12-19 18:20:59.662   826   940 V audio_route: ctl(1554)   : "ABOX SPUS OUT6" value "RESERVED"
12-19 18:20:59.664   826   940 V audio_route: ctl(1555)   : "ABOX SPUS OUT7" value "RESERVED"
12-19 18:20:59.665  1237  5199 D CompatibilityChangeReporter: Compat change id reported: 161145287; UID 9510253; state: ENABLED
12-19 18:20:59.666   826   940 V audio_route: ctl(1556)   : "ABOX SPUS OUT8" value "RESERVED"
12-19 18:20:59.667   826   940 V audio_route: ctl(1557)   : "ABOX SPUS OUT9" value "RESERVED"
12-19 18:20:59.670   826   940 V audio_route: ctl(1559)   : "ABOX SPUS OUT11" value "RESERVED"
12-19 18:20:59.672   826   940 V audio_route: ctl(1560)   : "ABOX SIFS1" value "SPUS OUT0"
12-19 18:20:59.673 26939 26939 D CompatibilityChangeReporter: Compat change id reported: 237531167; UID 9510253; state: DISABLED
12-19 18:20:59.674   826   940 V audio_route: ctl(1574)   : "ABOX UAIF1 SPK" value "RESERVED"
12-19 18:20:59.676  1237  2193 D InputTransport: Input channel constructed: '8f45db5', fd=1035
12-19 18:20:59.676  1237  2193 D InputTransport: Input channel constructed: '8f45db5', fd=1039
12-19 18:20:59.676  1237  2193 D InputTransport: Input channel constructed: '8f45db5', fd=1043
12-19 18:20:59.676   826   940 V audio_route: ctl(1593)   : "ABOX NSRC3" value "RESERVED"
12-19 18:20:59.677  1237  2193 D WindowManager: prepareSync <SYNC_STATE_WAITING_FOR_DRAW>, mPrepareSyncSeqId=0, win=Window{8f45db5 u95 com.google.android.permissioncontroller/com.android.permissioncontroller.permission.ui.GrantPermissionsActivity}
12-19 18:20:59.678   925   971 I SurfaceFlinger: id=50690 createSurf, flag=84004, 8f45db5 com.google.android.permissioncontroller/com.android.permissioncontroller.permission.ui.GrantPermissionsActivity#50690
12-19 18:20:59.678   826   940 V audio_route: ctl(1594)   : "ABOX NSRC4" value "RESERVED"
12-19 18:20:59.678   826   940 I audio_hw_proxy_route: proxy-update_mixer_ctrls: modified mixer-controls updated
12-19 18:20:59.678   826   940 I audio_hw_route: primary_out-set_unroute_for_playback-1: unroutes to device(speaker) for usage(media)
12-19 18:20:59.679  1237  2193 D RestrictionPolicy: isScreenCaptureEnabled : ret=true userId=95
12-19 18:20:59.679  1237  2193 D InputTransport: Input channel destroyed: '8f45db5', fd=1043
12-19 18:20:59.680 26939 26939 I InsetsController: onStateChanged: host=com.google.android.permissioncontroller/com.android.permissioncontroller.permission.ui.GrantPermissionsActivity, from=android.view.ViewRootImpl.setView:1753, state=InsetsState: {mDisplayFrame=Rect(0, 0 - 1080, 2340), mDisplayCutout=DisplayCutout{insets=Rect(0, 77 - 0, 0) waterfall=Insets{left=0, top=0, right=0, bottom=0} boundingRect={Bounds=[Rect(0, 0 - 0, 0), Rect(477, 0 - 603, 77), Rect(0, 0 - 0, 0), Rect(0, 0 - 0, 0)]} cutoutPathParserInfo={CutoutPathParserInfo{displayWidth=1080 displayHeight=2340 physicalDisplayWidth=1080 physicalDisplayHeight=2340 density={2.8125} cutoutSpec={M 0,0 H -22.4 V 27.37777777777778 H 22.4 V 0 H 0 Z @dp} rotation={0} scale={1.0} physicalPixelDisplaySizeRatio={1.0}}}}, mRoundedCorners=RoundedCorners{[RoundedCorner{position=TopLeft, radius=0, center=Point(0, 0)}, RoundedCorner{position=TopRight, radius=0, center=Point(0, 0)}, RoundedCorner{position=BottomRight, radius=0, center=Point(0, 0)}, RoundedCorner{position=BottomLeft, radius=0, center=Point(0, 0)}]}  mRoundedCornerFrame=Rect(0, 0 - 1080, 2340), mPrivacyIndicatorBounds=PrivacyIndicatorBounds {static bounds=Rect(956, 0 - 1080, 77) rotation=0}, mDisplayShape=DisplayShape{ spec=-311912193 displayWidth=1080 displayHeight=2340 physicalPixelDisplaySizeRatio=1.0 rotation=0 offsetX=0 offsetY=0 scale=1.0}, mSources= { InsetsSource: {80610000 mType=statusBars mFrame=[0,0][1080,77] mVisible=true mFlags=[]}, InsetsSource: {80610005 mType=mandatorySystemGestures mFrame=[0,0][1080,111] mVisible=true mFlags=[]}, InsetsSource: {80610006 mType=tappableElement mFrame=[0,0][1080,77] mVisible=true mFlags=[]}, InsetsSource: {27 mType=displayCutout mFrame=[0,0][1080,77] mVisible=true mFlags=[]}, InsetsSource: {7fe60001 mType=navigationBars mFrame=[0,2298][1080,2340] mVisible=true mFlags=[SUPPRESS_SCRIM]}, InsetsSource: {7fe60004 mType=systemGestures mFrame=[0,0][0,0] mVisible=true mFlags=[]}, InsetsSource: {7fe60005 mType=mandatorySystemGestures mFrame=[0,2250][1080,2340] mVisible=true mFlags=[]}, InsetsSource: {7fe60006 mType=tappableElement mFrame=[0,0][0,0] mVisible=true mFlags=[]}, InsetsSource: {7fe60024 mType=systemGestures mFrame=[0,0][0,0] mVisible=true mFlags=[]} }
12-19 18:20:59.681   818   823 W statsd  : StateTracker not found for state atom 27
12-19 18:20:59.682 26939 26939 I ViewRootImpl@8de6ec9[GrantPermissionsActivity]: synced displayState. AttachInfo displayState=2
12-19 18:20:59.682 26939 26939 I ViewRootImpl@8de6ec9[GrantPermissionsActivity]: setView = com.android.internal.policy.DecorView@dc917fc TM=true
12-19 18:20:59.682 26939 26939 I IDS_TAG : Starting IDS observe window
12-19 18:20:59.682 26939 26939 I IDS_TAG : Getting Shared Preference for com.android.permissioncontroller.PermissionControllerApplication@b31d5af uid = 9510253
12-19 18:20:59.685 26939 26939 I IDS_TAG : App com.android.permissioncontroller.PermissionControllerApplication@b31d5af has not finished training
12-19 18:20:59.689  1237  1345 D AnalyticsContainerHandler: handleMessage : { when=0 what=1 arg1=95 target=com.android.server.knox.KnoxAnalyticsContainer$AnalyticsHandler }
12-19 18:20:59.690 26939 26939 I IDS_TAG : Closing IDS observe window
12-19 18:20:59.690 26939 26939 I IDS_TAG : Getting Shared Preference for com.android.permissioncontroller.PermissionControllerApplication@b31d5af uid = 9510253
12-19 18:20:59.690  1237  1345 D AnalyticsContainerHandler: handleMessage : { when=0 what=2 arg1=95 target=com.android.server.knox.KnoxAnalyticsContainer$AnalyticsHandler }
12-19 18:20:59.690 26939 26939 I IDS_TAG : IDS count updated to 2 for com.android.permissioncontroller.PermissionControllerApplication@b31d5af
12-19 18:20:59.691 26939 26939 D AnimatorSet: mReversing is false. Don't call initChildren.
12-19 18:20:59.691 26939 26939 D AnimatorSet: mReversing is false. Don't call initChildren.
12-19 18:20:59.691 26939 26939 D AnimatorSet: mReversing is false. Don't call initChildren.
12-19 18:20:59.691 26939 26939 D AnimatorSet: mReversing is false. Don't call initChildren.
12-19 18:20:59.692 26939 26939 D AnimatorSet: mReversing is false. Don't call initChildren.
12-19 18:20:59.692 26939 26939 D AnimatorSet: mReversing is false. Don't call initChildren.
12-19 18:20:59.692 26939 26939 D AnimatorSet: mReversing is false. Don't call initChildren.
12-19 18:20:59.692 26939 26939 D AnimatorSet: mReversing is false. Don't call initChildren.
12-19 18:20:59.692 26939 26939 D AnimatorSet: mReversing is false. Don't call initChildren.
12-19 18:20:59.692 26939 26939 D AnimatorSet: mReversing is false. Don't call initChildren.
12-19 18:20:59.692 26939 26939 D AnimatorSet: mReversing is false. Don't call initChildren.
12-19 18:20:59.692 26939 26939 D AnimatorSet: mReversing is false. Don't call initChildren.
12-19 18:20:59.693  1237  5199 D CoreBackPreview: Window{8f45db5 u95 com.google.android.permissioncontroller/com.android.permissioncontroller.permission.ui.GrantPermissionsActivity}: Setting back callback OnBackInvokedCallbackInfo{mCallback=android.window.IOnBackInvokedCallback$Stub$Proxy@15a2031, mPriority=0, mIsAnimationCallback=false}
12-19 18:20:59.693  1237  4746 V WindowManager: Relayout Window{8f45db5 u95 com.google.android.permissioncontroller/com.android.permissioncontroller.permission.ui.GrantPermissionsActivity}: viewVisibility=0 req=1080x0 ty=1 d0
12-19 18:20:59.694  1237  4746 D RestrictionPolicy: isScreenCaptureEnabled : ret=true userId=95
12-19 18:20:59.694   925   972 I SurfaceFlinger: id=50691 createSurf, flag=44004, com.google.android.permissioncontroller/com.android.permissioncontroller.permission.ui.GrantPermissionsActivity$_26939#50691
12-19 18:20:59.695  1237  4746 D WindowManager: makeSurface duration=1 name=com.google.android.permissioncontroller/com.android.permissioncontroller.permission.ui.GrantPermissionsActivity$_26939
12-19 18:20:59.696  1237  4746 D WindowManager: SyncGroup 2708:  Unfinished container: ActivityRecord{b4c1a71 u95 com.google.android.permissioncontroller/com.android.permissioncontroller.permission.ui.GrantPermissionsActivity t427} mSyncState=2
12-19 18:20:59.697 26939 26958 I ViewRootImpl@8de6ec9[GrantPermissionsActivity]: Resizing android.view.ViewRootImpl@6bf9971: frame = [0,2298][1080,2298] reportDraw = true forceLayout = false syncSeqId = -1
12-19 18:20:59.697  1237  4746 V WindowManager: Changing focus from null to Window{8f45db5 u95 com.google.android.permissioncontroller/com.android.permissioncontroller.permission.ui.GrantPermissionsActivity} displayId=0 Callers=com.android.server.wm.RootWindowContainer.updateFocusedWindowLocked:578 com.android.server.wm.WindowManagerService.updateFocusedWindowLocked:6833 com.android.server.wm.WindowManagerService.relayoutWindow:2755 com.android.server.wm.Session.relayout:282
12-19 18:20:59.697  1237  4746 I WindowManager: Cancelling animation restarting=true, leash=Surface(name=Surface(name=1ae3101 NavigationBar0)/@0xbedec15 - animation-leash of insets_animation)/@0x114941d
12-19 18:20:59.697  1237  4746 I WindowManager: Reparenting to original parent: Surface(name=WindowToken{26b4bef type=2019 android.os.BinderProxy@92b11c9})/@0xf7a1b2a, destroy=false, surface=Surface(name=1ae3101 NavigationBar0)/@0xbedec15
12-19 18:20:59.697  1237  4746 I WindowManager: Reparenting to leash, surface=Surface(name=1ae3101 NavigationBar0)/@0xbedec15, leashParent=Surface(name=WindowToken{26b4bef type=2019 android.os.BinderProxy@92b11c9})/@0xf7a1b2a
12-19 18:20:59.697   925   972 I SurfaceFlinger: id=50692 createSurf, flag=24000, Surface(name=1ae3101 NavigationBar0)/@0xbedec15 - animation-leash of insets_animation#50692
12-19 18:20:59.698  1237  4746 D WindowManager: makeSurface duration=1 leash=Surface(name=Surface(name=1ae3101 NavigationBar0)/@0xbedec15 - animation-leash of insets_animation)/@0xa32c497
12-19 18:20:59.698  1237  4746 D InsetsSourceProvider: updateControlForTarget: control=InsetsSourceControl: {7fe60001 mType=navigationBars initiallyVisible mSurfacePosition=Point(0, 2205) mInsetsHint=Insets{left=0, top=0, right=0, bottom=42}}, target=Window{8f45db5 u95 com.google.android.permissioncontroller/com.android.permissioncontroller.permission.ui.GrantPermissionsActivity}, from=com.android.server.wm.InsetsStateController.onControlTargetChanged:358 com.android.server.wm.InsetsStateController.onBarControlTargetChanged:327 com.android.server.wm.InsetsPolicy.updateBarControlTarget:173 com.android.server.wm.InsetsPolicy.updateSystemBars:805 com.android.server.wm.DisplayPolicy.updateSystemBarsLw:3425
12-19 18:20:59.698  1237  4746 I WindowManager: Cancelling animation restarting=true, leash=Surface(name=Surface(name=fa1542e StatusBar)/@0x5dc7eb8 - animation-leash of insets_animation)/@0xac04863
12-19 18:20:59.699  1237  4746 I WindowManager: Reparenting to original parent: Surface(name=WindowToken{d58ba30 type=2000 android.os.BinderProxy@d055be2})/@0x7ce3491, destroy=false, surface=Surface(name=fa1542e StatusBar)/@0x5dc7eb8
12-19 18:20:59.699  1237  4746 I WindowManager: Reparenting to leash, surface=Surface(name=fa1542e StatusBar)/@0x5dc7eb8, leashParent=Surface(name=WindowToken{d58ba30 type=2000 android.os.BinderProxy@d055be2})/@0x7ce3491
12-19 18:20:59.699   925   972 I SurfaceFlinger: id=50693 createSurf, flag=24000, Surface(name=fa1542e StatusBar)/@0x5dc7eb8 - animation-leash of insets_animation#50693
12-19 18:20:59.700  1237  4746 D WindowManager: makeSurface duration=1 leash=Surface(name=Surface(name=fa1542e StatusBar)/@0x5dc7eb8 - animation-leash of insets_animation)/@0x27f8e6d
12-19 18:20:59.700  1237  4746 D InsetsSourceProvider: updateControlForTarget: control=InsetsSourceControl: {80610000 mType=statusBars initiallyVisible mSurfacePosition=Point(0, 0) mInsetsHint=Insets{left=0, top=77, right=0, bottom=0}}, target=Window{8f45db5 u95 com.google.android.permissioncontroller/com.android.permissioncontroller.permission.ui.GrantPermissionsActivity}, from=com.android.server.wm.InsetsStateController.onControlTargetChanged:358 com.android.server.wm.InsetsStateController.onBarControlTargetChanged:324 com.android.server.wm.InsetsPolicy.updateBarControlTarget:173 com.android.server.wm.InsetsPolicy.updateSystemBars:805 com.android.server.wm.DisplayPolicy.updateSystemBarsLw:3425
12-19 18:20:59.701  1237  4746 D WindowManager: updateSystemBarAttributes: displayId=0, win=Window{8f45db5 u95 com.google.android.permissioncontroller/com.android.permissioncontroller.permission.ui.GrantPermissionsActivity}, navColorWin=Window{57ef65c u95 com.shubhumm.hospitalfinder/com.shubhumm.hospitalfinder.MainActivity}, focusedCanBeNavColorWin=false, behavior=1, appearance=0, statusBarAppearanceRegions=[AppearanceRegion{ bounds=[0,0][1080,2340]}], requestedVisibilities=-9, from=com.android.server.wm.DisplayPolicy.focusChangedLw:2947 com.android.server.wm.DisplayContent.updateFocusedWindowLocked:4894 com.android.server.wm.RootWindowContainer.updateFocusedWindowLocked:578
12-19 18:20:59.701  1237  4746 V WindowManager: Relayout hash=8f45db5, pid=26939, syncId=-1: mAttrs={(0,0)(wrapxwrap) gr=BOTTOM CENTER sim={state=always_hidden adjust=nothing forwardNavigation} ty=BASE_APPLICATION fmt=TRANSPARENT wanim=0x10302f5 surfaceInsets=Rect(6, 6 - 6, 6)
12-19 18:20:59.701  1237  4746 V WindowManager:   fl=800002
12-19 18:20:59.701  1237  4746 V WindowManager:   pfl=42080000
12-19 18:20:59.701  1237  4746 V WindowManager:   bhv=DEFAULT
12-19 18:20:59.701  1237  4746 V WindowManager:   fitTypes=STATUS_BARS NAVIGATION_BARS CAPTION_BAR
12-19 18:20:59.701  1237  4746 V WindowManager:  dimAmount=0.0 naviIconColor=0}
12-19 18:20:59.702 26939 26939 I InsetsController: onStateChanged: host=com.google.android.permissioncontroller/com.android.permissioncontroller.permission.ui.GrantPermissionsActivity, from=android.view.ViewRootImpl.relayoutWindow:10072, state=InsetsState: {mDisplayFrame=Rect(0, 0 - 1080, 2340), mDisplayCutout=DisplayCutout{insets=Rect(0, 77 - 0, 0) waterfall=Insets{left=0, top=0, right=0, bottom=0} boundingRect={Bounds=[Rect(0, 0 - 0, 0), Rect(477, 0 - 603, 77), Rect(0, 0 - 0, 0), Rect(0, 0 - 0, 0)]} cutoutPathParserInfo={CutoutPathParserInfo{displayWidth=1080 displayHeight=2340 physicalDisplayWidth=1080 physicalDisplayHeight=2340 density={2.8125} cutoutSpec={M 0,0 H -22.4 V 27.37777777777778 H 22.4 V 0 H 0 Z @dp} rotation={0} scale={1.0} physicalPixelDisplaySizeRatio={1.0}}}}, mRoundedCorners=RoundedCorners{[RoundedCorner{position=TopLeft, radius=0, center=Point(0, 0)}, RoundedCorner{position=TopRight, radius=0, center=Point(0, 0)}, RoundedCorner{position=BottomRight, radius=0, center=Point(0, 0)}, RoundedCorner{position=BottomLeft, radius=0, center=Point(0, 0)}]}  mRoundedCornerFrame=Rect(0, 0 - 1080, 2340), mPrivacyIndicatorBounds=PrivacyIndicatorBounds {static bounds=Rect(956, 0 - 1080, 77) rotation=0}, mDisplayShape=DisplayShape{ spec=-311912193 displayWidth=1080 displayHeight=2340 physicalPixelDisplaySizeRatio=1.0 rotation=0 offsetX=0 offsetY=0 scale=1.0}, mSources= { InsetsSource: {80610000 mType=statusBars mFrame=[0,0][1080,77] mVisible=true mFlags=[]}, InsetsSource: {80610005 mType=mandatorySystemGestures mFrame=[0,0][1080,111] mVisible=true mFlags=[]}, InsetsSource: {80610006 mType=tappableElement mFrame=[0,0][1080,77] mVisible=true mFlags=[]}, InsetsSource: {3 mType=ime mFrame=[0,0][0,0] mVisible=false mFlags=[]}, InsetsSource: {27 mType=displayCutout mFrame=[0,0][1080,77] mVisible=true mFlags=[]}, InsetsSource: {7fe60001 mType=navigationBars mFrame=[0,2298][1080,2340] mVisible=true mFlags=[SUPPRESS_SCRIM]}, InsetsSource: {7fe60004 mType=systemGestures mFrame=[0,0][0,0] mVisible=true mFlags=[]}, InsetsSource: {7fe60005 mType=mandatorySystemGestures mFrame=[0,2250][1080,2340] mVisible=true mFlags=[]}, InsetsSource: {7fe60006 mType=tappableElement mFrame=[0,0][0,0] mVisible=true mFlags=[]}, InsetsSource: {7fe60024 mType=systemGestures mFrame=[0,0][0,0] mVisible=true mFlags=[]} }
12-19 18:20:59.703 26939 26939 I BLASTBufferQueue_Java: new BLASTBufferQueue, mName= ViewRootImpl@8de6ec9[GrantPermissionsActivity] mNativeObject= 0xb40000713f6b6f90 sc.mNativeObject= 0xb4000072af6a9250 caller= android.view.ViewRootImpl.updateBlastSurfaceIfNeeded:3028 android.view.ViewRootImpl.relayoutWindow:10131 android.view.ViewRootImpl.performTraversals:4110 android.view.ViewRootImpl.doTraversal:3288 android.view.ViewRootImpl$TraversalRunnable.run:11344 android.view.Choreographer$CallbackRecord.run:1689 android.view.Choreographer$CallbackRecord.run:1698 android.view.Choreographer.doCallbacks:1153 android.view.Choreographer.doFrame:1079 android.view.Choreographer$FrameDisplayEventReceiver.run:1646
12-19 18:20:59.703 26939 26939 I BLASTBufferQueue_Java: update, w= 1092 h= 13 mName = ViewRootImpl@8de6ec9[GrantPermissionsActivity] mNativeObject= 0xb40000713f6b6f90 sc.mNativeObject= 0xb4000072af6a9250 format= -2 caller= android.graphics.BLASTBufferQueue.<init>:89 android.view.ViewRootImpl.updateBlastSurfaceIfNeeded:3028 android.view.ViewRootImpl.relayoutWindow:10131 android.view.ViewRootImpl.performTraversals:4110 android.view.ViewRootImpl.doTraversal:3288 android.view.ViewRootImpl$TraversalRunnable.run:11344
12-19 18:20:59.704  1678  1678 D NavigationModeController: getCurrentUserContext: contextUser=0 currentUser=0
12-19 18:20:59.704 26939 26939 I ViewRootImpl@8de6ec9[GrantPermissionsActivity]: Relayout returned: old=(0,77,1080,2298) new=(0,2298,1080,2298) relayoutAsync=false req=(1080,0)0 dur=9 res=0x403 s={true 0xb40000729f6b34b0} ch=true seqId=0
12-19 18:20:59.705 26939 26939 I ViewRootImpl@8de6ec9[GrantPermissionsActivity]: performConfigurationChange setNightDimText nightDimLevel=0
12-19 18:20:59.706 26939 26939 D ViewRootImpl@8de6ec9[GrantPermissionsActivity]: reportNextDraw android.view.ViewRootImpl.performTraversals:4718 android.view.ViewRootImpl.doTraversal:3288 android.view.ViewRootImpl$TraversalRunnable.run:11344 android.view.Choreographer$CallbackRecord.run:1689 android.view.Choreographer$CallbackRecord.run:1698
12-19 18:20:59.706 26939 26939 I ViewRootImpl@8de6ec9[GrantPermissionsActivity]: Setup new sync=wmsSync-ViewRootImpl@8de6ec9[GrantPermissionsActivity]#0
12-19 18:20:59.706 26939 26939 I ViewRootImpl@8de6ec9[GrantPermissionsActivity]: Creating new active sync group ViewRootImpl@8de6ec9[GrantPermissionsActivity]#1
12-19 18:20:59.710  1678  1678 D NavigationModeController: getCurrentUserContext: contextUser=0 currentUser=0
12-19 18:20:59.712 26939 26939 I BLASTBufferQueue: [ViewRootImpl@8de6ec9[GrantPermissionsActivity]#0](f:0,a:0,s:0) onFrameAvailable the first frame is available
12-19 18:20:59.712 26939 26939 I ViewRootImpl@8de6ec9[GrantPermissionsActivity]: reportDrawFinished seqId=0
12-19 18:20:59.713  1237  2193 D WindowManager: finishDrawingWindow: Window{8f45db5 u95 com.google.android.permissioncontroller/com.android.permissioncontroller.permission.ui.GrantPermissionsActivity} mDrawState=DRAW_PENDING seqId=0
12-19 18:20:59.715  1237  1307 V WindowManager: SyncGroup 2708: Finished!
12-19 18:20:59.716  1237  1307 I SemDvfsHyPerManager: acquire hyper - AMS_RESUME_TAIL/1237@16, type = -999
12-19 18:20:59.716  1237  1307 I SemDvfsHyPerManager: acquire hyper - AMS_ACT_LAZY/1237@17, type = -999
12-19 18:20:59.716  1237  1307 D ActivityManagerPerformance: AMP_acquire() TAIL
12-19 18:20:59.716  1237  1307 D ActivityManagerPerformance: AMP_release() APP_SWITCH
12-19 18:20:59.716  1237  1307 V WindowManager: performShowLocked: mDrawState=HAS_DRAWN in Window{8f45db5 u95 com.google.android.permissioncontroller/com.android.permissioncontroller.permission.ui.GrantPermissionsActivity}
12-19 18:20:59.716  1237  1307 D ChangeTransitionController: onTransactionReady: TransitionRecord{76cd018 id=2708 type=OPEN flags=0x0}
12-19 18:20:59.716  1237  1307 V WindowManager: Start calculating TransitionInfo based on participants: {ActivityRecord{b4c1a71 u95 com.google.android.permissioncontroller/com.android.permissioncontroller.permission.ui.GrantPermissionsActivity t427}}
12-19 18:20:59.716   843   922 I HYPER-HAL: [RequestManager.cpp]acquire(): Acquired ID : 785647  [1237 / 16]    HINT : AMS_RESUME_TAIL    list :
12-19 18:20:59.716  1237  1307 V WindowManager:   Final targets: [ActivityRecord{b4c1a71 u95 com.google.android.permissioncontroller/com.android.permissioncontroller.permission.ui.GrantPermissionsActivity t427}]
12-19 18:20:59.717   925   972 I SurfaceFlinger: id=50694 createSurf, flag=84004, Transition Root: ActivityRecord{b4c1a71 u95 com.google.android.permissioncontroller/com.android.permissioncontroller.permission.ui.GrantPermissionsActivity t427}#50694
12-19 18:20:59.717  1237  1307 I SurfaceControl: show, t=StartTransaction_SyncId<2708>, sc=Surface(name=ActivityRecord{b4c1a71 u95 com.google.android.permissioncontroller/com.android.permissioncontroller.permission.ui.GrantPermissionsActivity t427})/@0x3030aa2, caller=com.android.server.wm.Transition.onTransactionReady:1992 com.android.server.wm.BLASTSyncEngine$SyncGroup.finishNow:315 com.android.server.wm.BLASTSyncEngine$SyncGroup.tryFinish:242 com.android.server.wm.BLASTSyncEngine$SyncGroup.-$$Nest$mtryFinish:0 com.android.server.wm.BLASTSyncEngine.onSurfacePlacement:675 com.android.server.wm.RootWindowContainer.performSurfacePlacementNoTrace:990
12-19 18:20:59.718  1237  1307 I SurfaceControl: show, t=StartTransaction_SyncId<2708>, sc=Surface(name=Task=427)/@0xf62b434, caller=com.android.server.wm.Transition.onTransactionReady:2009 com.android.server.wm.BLASTSyncEngine$SyncGroup.finishNow:315 com.android.server.wm.BLASTSyncEngine$SyncGroup.tryFinish:242 com.android.server.wm.BLASTSyncEngine$SyncGroup.-$$Nest$mtryFinish:0 com.android.server.wm.BLASTSyncEngine.onSurfacePlacement:675 com.android.server.wm.RootWindowContainer.performSurfacePlacementNoTrace:990
12-19 18:20:59.718  1237  1307 I SurfaceControl: show, t=StartTransaction_SyncId<2708>, sc=Surface(name=DefaultTaskDisplayArea_d0)/@0xadfb06a, caller=com.android.server.wm.Transition.onTransactionReady:2009 com.android.server.wm.BLASTSyncEngine$SyncGroup.finishNow:315 com.android.server.wm.BLASTSyncEngine$SyncGroup.tryFinish:242 com.android.server.wm.BLASTSyncEngine$SyncGroup.-$$Nest$mtryFinish:0 com.android.server.wm.BLASTSyncEngine.onSurfacePlacement:675 com.android.server.wm.RootWindowContainer.performSurfacePlacementNoTrace:990
12-19 18:20:59.718  1237  1307 I SurfaceControl: show, t=StartTransaction_SyncId<2708>, sc=Surface(name=FullscreenMagnification:2:12)/@0x1ceed97, caller=com.android.server.wm.Transition.onTransactionReady:2009 com.android.server.wm.BLASTSyncEngine$SyncGroup.finishNow:315 com.android.server.wm.BLASTSyncEngine$SyncGroup.tryFinish:242 com.android.server.wm.BLASTSyncEngine$SyncGroup.-$$Nest$mtryFinish:0 com.android.server.wm.BLASTSyncEngine.onSurfacePlacement:675 com.android.server.wm.RootWindowContainer.performSurfacePlacementNoTrace:990
12-19 18:20:59.718  1237  1307 I SurfaceControl: show, t=StartTransaction_SyncId<2708>, sc=Surface(name=OneHanded:0:14)/@0x8776f9d, caller=com.android.server.wm.Transition.onTransactionReady:2009 com.android.server.wm.BLASTSyncEngine$SyncGroup.finishNow:315 com.android.server.wm.BLASTSyncEngine$SyncGroup.tryFinish:242 com.android.server.wm.BLASTSyncEngine$SyncGroup.-$$Nest$mtryFinish:0 com.android.server.wm.BLASTSyncEngine.onSurfacePlacement:675 com.android.server.wm.RootWindowContainer.performSurfacePlacementNoTrace:990
12-19 18:20:59.718  1237  1307 I SurfaceControl: show, t=StartTransaction_SyncId<2708>, sc=Surface(name=HideDisplayCutout:0:14)/@0xb495b84, caller=com.android.server.wm.Transition.onTransactionReady:2009 com.android.server.wm.BLASTSyncEngine$SyncGroup.finishNow:315 com.android.server.wm.BLASTSyncEngine$SyncGroup.tryFinish:242 com.android.server.wm.BLASTSyncEngine$SyncGroup.-$$Nest$mtryFinish:0 com.android.server.wm.BLASTSyncEngine.onSurfacePlacement:675 com.android.server.wm.RootWindowContainer.performSurfacePlacementNoTrace:990
12-19 18:20:59.718  1237  1307 I SurfaceControl: show, t=StartTransaction_SyncId<2708>, sc=Surface(name=WindowedMagnification:0:31)/@0x931c0bd, caller=com.android.server.wm.Transition.onTransactionReady:2009 com.android.server.wm.BLASTSyncEngine$SyncGroup.finishNow:315 com.android.server.wm.BLASTSyncEngine$SyncGroup.tryFinish:242 com.android.server.wm.BLASTSyncEngine$SyncGroup.-$$Nest$mtryFinish:0 com.android.server.wm.BLASTSyncEngine.onSurfacePlacement:675 com.android.server.wm.RootWindowContainer.performSurfacePlacementNoTrace:990
12-19 18:20:59.718  1237  1307 I SurfaceControl: show, t=StartTransaction_SyncId<2708>, sc=Surface(name=Display 0 name="Built-in Screen")/@0x4ba225b, caller=com.android.server.wm.Transition.onTransactionReady:2009 com.android.server.wm.BLASTSyncEngine$SyncGroup.finishNow:315 com.android.server.wm.BLASTSyncEngine$SyncGroup.tryFinish:242 com.android.server.wm.BLASTSyncEngine$SyncGroup.-$$Nest$mtryFinish:0 com.android.server.wm.BLASTSyncEngine.onSurfacePlacement:675 com.android.server.wm.RootWindowContainer.performSurfacePlacementNoTrace:990
12-19 18:20:59.718  1237  1307 V WindowManager: Calling onTransitionReady: {id=2708 t=OPEN f=0x0 trk=0 r=[0@Point(0, 0)] c=[
12-19 18:20:59.718  1237  1307 V WindowManager:         {null m=OPEN f=TRANSLUCENT|FILLS_TASK|IS_ACTIVITY|EDGE_EXTENSION_RESTRICTION leash=Surface(name=ActivityRecord{b4c1a71 u95 com.google.android.permissioncontroller/com.android.permissioncontroller.permission.ui.GrantPermissionsActivity t427})/@0x3030aa2 sb=Rect(0, 0 - 0, 0) eb=Rect(0, 0 - 1080, 2340) d=-1->0 r=-1->0:-1 inset=Rect(0, 0 - 0, 0)}
12-19 18:20:59.718  1237  1307 V WindowManager:     ]}
12-19 18:20:59.720   925   925 I Layer   : id=50685 removeFromCurrentState Surface(name=1ae3101 NavigationBar0)/@0xbedec15 - animation-leash of insets_animation#50685 (135)
