12-19 18:21:06.264  1237  1380 D TaskOrganizerController: applyStartingWindowAnimation, window=Window{e47c0f4 u0 com.android.chrome/org.chromium.chrome.browser.customtabs.CustomTabActivity}, caller=com.android.server.wm.TaskOrganizerController.removeStartingWindow:780 com.android.server.wm.StartingSurfaceController$StartingSurface.remove:292 com.android.server.wm.ActivityRecord.removeStartingWindowAnimation:3540
12-19 18:21:06.264  1237  1380 I WindowManager: Reparenting to leash, surface=Surface(name=e47c0f4 com.android.chrome/org.chromium.chrome.browser.customtabs.CustomTabActivity)/@0xb73771a, leashParent=Surface(name=ActivityRecord{8d727ce u0 com.android.chrome/org.chromium.chrome.browser.customtabs.CustomTabActivity t429})/@0xfe4c805
12-19 18:21:06.264  1237  1303 D ActivityManager: ChimeraTriggerManager::onPolicyScoreUpdated() - evaPolicy: 3.0
12-19 18:21:06.264   925  2713 I SurfaceFlinger: id=50726 createSurf, flag=24000, Surface(name=e47c0f4 com.android.chrome/org.chromium.chrome.browser.customtabs.CustomTabActivity)/@0xb73771a - animation-leash of starting_reveal#50726
12-19 18:21:06.265 27033 27033 I libc    : SetHeapTaggingLevel: tag level set to 0
12-19 18:21:06.265   925   925 I Layer   : id=50727 Destroyed Screenshot Parent#50727
12-19 18:21:06.266  1237  1380 D WindowManager: makeSurface duration=1 leash=Surface(name=Surface(name=e47c0f4 com.android.chrome/org.chromium.chrome.browser.customtabs.CustomTabActivity)/@0xb73771a - animation-leash of starting_reveal)/@0x2d07541
12-19 18:21:06.268  1237  1775 V WindowManager: Relayout Window{1ae3101 u0 NavigationBar0}: viewVisibility=0 req=1080x135 ty=2019 d0
12-19 18:21:06.276  1237 27039 I ActivityManager_kpm: KPM end cycle get pss
12-19 18:21:06.277 21444 21489 D OpenGLRenderer: HWUI - treat SMPTE_170M as sRGB
12-19 18:21:06.278 21444 21444 I InputMethodManager: invalidateInput
12-19 18:21:06.279 21444 21444 D SurfaceView@22237ef: 35796975 updateSurface: has no frame
12-19 18:21:06.280 21444 21444 I SurfaceView: 35796975 Changes: creating=true format=true size=true visible=true alpha=false hint=false visible=true left=true top=true z=true attached=true lifecycleStrategy=false
12-19 18:21:06.280   925   971 I SurfaceFlinger: id=50728 createSurf, flag=84004, SurfaceView[com.android.chrome/org.chromium.chrome.browser.customtabs.CustomTabActivity]@0#50728
12-19 18:21:06.281   925   972 I SurfaceFlinger: id=50729 createSurf, flag=44000, SurfaceView[com.android.chrome/org.chromium.chrome.browser.customtabs.CustomTabActivity]@0(BLAST)#50729
12-19 18:21:06.281   925  1780 I SurfaceFlinger: id=50730 createSurf, flag=20404, Background for SurfaceView[com.android.chrome/org.chromium.chrome.browser.customtabs.CustomTabActivity]@0#50730
12-19 18:21:06.282   925  1150 I SurfaceFlinger: id=50731 createSurf, flag=4400, bbq-wrapper#50731
12-19 18:21:06.282   925   925 I Layer   : Layer [com.android.chrome/org.chromium.chrome.browser.customtabs.CustomTabActivity$_21444#50710] hidden!! flag(0)
12-19 18:21:06.283 21444 21444 I BLASTBufferQueue_Java: update, w= 1080 h= 2221 mName = null mNativeObject= 0xb40000713f6e7ff0 sc.mNativeObject= 0xb4000072af6b8550 format= -3 caller= android.view.SurfaceView.createBlastSurfaceControls:1517 android.view.SurfaceView.updateSurface:1193 android.view.SurfaceView.lambda$new$0:258 android.view.SurfaceView.$r8$lambda$cm3nmzErr-srXoT_KjIYQgdhFN0:0 android.view.SurfaceView$$ExternalSyntheticLambda2.onPreDraw:2 android.view.ViewTreeObserver.dispatchOnPreDraw:1204
12-19 18:21:06.283 21444 21444 I SurfaceView@22237ef: 35796975 Cur surface: Surface(name=null)/@0xd8ba47c
12-19 18:21:06.283 21444 21444 I SurfaceView@22237ef: pST: sr = Rect(0, 0 - 1080, 2221) sw = 1080 sh = 2221
12-19 18:21:06.283 21444 21444 D SurfaceView@22237ef: 35796975 performSurfaceTransaction RenderWorker position = [0, 0, 1080, 2221] surfaceSize = 1080x2221
12-19 18:21:06.283 21444 21444 I SurfaceView@22237ef: updateSurface: mVisible = true mSurface.isValid() = true
12-19 18:21:06.283 21444 21444 I SurfaceView@22237ef: updateSurface: mSurfaceCreated = false surfaceChanged = true visibleChanged = true
12-19 18:21:06.283 21444 21444 I SurfaceView: 35796975 visibleChanged -- surfaceCreated
12-19 18:21:06.283 21444 21444 I SurfaceView@22237ef: surfaceCreated 1 #8 android.view.SurfaceView{22237ef V.E...... ......ID 0,0-1080,2221}
12-19 18:21:06.283 21444 21444 I cr_CompositorSurfaceMgr: surfaceCreated format: 0
12-19 18:21:06.283 21444 21444 I SurfaceView: 35796975 surfaceChanged -- format=-3 w=1080 h=2221
12-19 18:21:06.283 21444 21444 I SurfaceView@22237ef: surfaceChanged (1080,2221) 1 #8 android.view.SurfaceView{22237ef V.E...... ......ID 0,0-1080,2221}
12-19 18:21:06.284 21444 21444 I SurfaceView: 35796975 surfaceRedrawNeeded
12-19 18:21:06.284 21444 21444 I SurfaceView: 125227772 finishedDrawing
12-19 18:21:06.284 21444 21444 V SurfaceView@22237ef: Layout: x=0 y=0 w=1080 h=2221, frame=Rect(0, 0 - 1080, 2221)
12-19 18:21:06.284 21444 21444 I ViewRootImpl@7d57351[CustomTabActivity]: registerCallbackForPendingTransactions
12-19 18:21:06.284 26709 26719 W ng.android.lool: ApkAssets: Deleting an ApkAssets object '<empty> and /data/app/~~C9nL_rQM_r1Gm3sik9Q-DQ==/com.shubhumm.hospitalfinder-qHtlKuObYoAkY4kzQGTjQQ==/base.apk' with 1 weak references
12-19 18:21:06.285 21444 21489 D SurfaceView: 125227772 updateSurfacePosition RenderWorker, frameNr = 2, position = [0, 0, 1080, 2221] surfaceSize = 1080x2221
12-19 18:21:06.285 21444 21489 I SurfaceView@776d2fc: uSP: rtp = Rect(0, 0 - 1080, 2221) rtsw = 1080 rtsh = 2221
12-19 18:21:06.285 21444 21489 I SurfaceView@776d2fc: onSSPAndSRT: pl = 0 pt = 0 sx = 1.0 sy = 1.0
12-19 18:21:06.285 21444 21489 I SurfaceView@776d2fc: aOrMT: ViewRootImpl@7d57351[CustomTabActivity] t = android.view.SurfaceControl$Transaction@816838b fN = 2 android.view.SurfaceView.-$$Nest$mapplyOrMergeTransaction:0 android.view.SurfaceView$SurfaceViewPositionUpdateListener.positionChanged:1666 android.graphics.RenderNode$CompositePositionUpdateListener.positionChanged:369
12-19 18:21:06.285 21444 21489 I ViewRootImpl@7d57351[CustomTabActivity]: mWNT: t=0xb4000071ff6d62f0 mBlastBufferQueue=0xb40000713f6d2510 fn= 2 mRenderHdrSdrRatio=1.0 caller= android.view.SurfaceView.applyOrMergeTransaction:1598 android.view.SurfaceView.-$$Nest$mapplyOrMergeTransaction:0 android.view.SurfaceView$SurfaceViewPositionUpdateListener.positionChanged:1666
12-19 18:21:06.285 21444 21489 D SurfaceView: 35796975 updateSurfacePosition RenderWorker, frameNr = 2, position = [0, 0, 1080, 2221] surfaceSize = 1080x2221
12-19 18:21:06.285 21444 21489 I SurfaceView@22237ef: uSP: rtp = Rect(0, 0 - 1080, 2221) rtsw = 1080 rtsh = 2221
12-19 18:21:06.285 21444 21489 I SurfaceView@22237ef: onSSPAndSRT: pl = 0 pt = 0 sx = 1.0 sy = 1.0
12-19 18:21:06.285 21444 21489 I SurfaceView@22237ef: aOrMT: ViewRootImpl@7d57351[CustomTabActivity] t = android.view.SurfaceControl$Transaction@62c8c68 fN = 2 android.view.SurfaceView.-$$Nest$mapplyOrMergeTransaction:0 android.view.SurfaceView$SurfaceViewPositionUpdateListener.positionChanged:1666 android.graphics.RenderNode$CompositePositionUpdateListener.positionChanged:369
12-19 18:21:06.285 21444 21489 I ViewRootImpl@7d57351[CustomTabActivity]: mWNT: t=0xb4000071ff6c6750 mBlastBufferQueue=0xb40000713f6d2510 fn= 2 mRenderHdrSdrRatio=1.0 caller= android.view.SurfaceView.applyOrMergeTransaction:1598 android.view.SurfaceView.-$$Nest$mapplyOrMergeTransaction:0 android.view.SurfaceView$SurfaceViewPositionUpdateListener.positionChanged:1666
12-19 18:21:06.286 21444 21582 I ViewRootImpl@7d57351[CustomTabActivity]: mWNT: t=0xb4000071ff6d0150 mBlastBufferQueue=0xb40000713f6d2510 fn= 2 mRenderHdrSdrRatio=1.0 caller= android.view.ViewRootImpl$6.onFrameDraw:5635 android.view.ViewRootImpl$2.onFrameDraw:2146 android.view.ThreadedRenderer$1.onFrameDraw:792

12-19 18:21:06.286 21444 21444 I InsetsSourceConsumer: applyRequestedVisibilityToControl: visible=true, type=navigationBars, host=com.android.chrome/org.chromium.chrome.browser.customtabs.CustomTabActivity
12-19 18:21:06.286  1237  1775 V WindowManager: Relayout hash=1ae3101, pid=0, syncId=-1: mAttrs={(0,0)(fillx135) gr=BOTTOM CENTER_VERTICAL sim={adjust=pan} layoutInDisplayCutoutMode=always ty=NAVIGATION_BAR fmt=TRANSLUCENT
12-19 18:21:06.286  1237  1775 V WindowManager:   fl=20840028
12-19 18:21:06.286  1237  1775 V WindowManager:   pfl=33001000
12-19 18:21:06.286  1237  1775 V WindowManager:   bhv=DEFAULT
12-19 18:21:06.286  1237  1775 V WindowManager:   providedInsets:
12-19 18:21:06.286  1237  1775 V WindowManager:     InsetsFrameProvider: {id=#7fe60001, index=0, type=navigationBars, source=FRAME, flags=[SUPPRESS_SCRIM], insetsSize=Insets{left=0, top=0, right=0, bottom=42}, insetsSizeOverrides=[TypedInsetsSize: {windowType=INPUT_METHOD, insetsSize=null}]}
12-19 18:21:06.286  1237  1775 V WindowManager:     InsetsFrameProvider: {id=#7fe60006, index=0, type=tappableElement, source=FRAME, flags=[], insetsSize=Insets{left=0, top=0, right=0, bottom=0}}
12-19 18:21:06.286  1237  1775 V WindowManager:     InsetsFrameProvider: {id=#7fe60005, index=0, type=mandatorySystemGestures, source=FRAME, flags=[], insetsSize=Insets{left=0, top=0, right=0, bottom=90}}
12-19 18:21:06.286  1237  1775 V WindowManager:     InsetsFrameProvider: {id=#7fe60004, index=0, type=systemGestures, source=DISPLAY, flags=[], insetsSize=Insets{left=0, top=0, right=0, bottom=0}, mMinimalInsetsSizeInDisplayCutoutSafe=Insets{left=0, top=0, right=0, bottom=0}}
12-19 18:21:06.286  1237  1775 V WindowManager:     InsetsFrameProvider: {id=#7fe60024, index=1, type=systemGestures, source=DISPLAY, flags=[], insetsSize=Insets{left=0, top=0, right=0, bottom=0}, mMinimalInsetsSizeInDisplayCutoutSafe=Insets{left=0, top=0, right=0, bottom=0}}
12-19 18:21:06.286  1237  1775 V WindowManager:   paramsForRotation:
12-19 18:21:06.286  1237  1775 V WindowManager:     ROTATION_0={(0,0)(fillx135) gr=BOTTOM CENTER_VERTICAL layoutInDisplayCutoutMode=always ty=NAVIGATION_BAR fmt=TRANSLUCENT
12-19 18:21:06.286  1237  1775 V WindowManager:       fl=20840028
12-19 18:21:06.286  1237  1775 V WindowManager:       pfl=31001000
12-19 18:21:06.286  1237  1775 V WindowManager:       bhv=DEFAULT
12-19 18:21:06.286  1237  1775 V WindowManager:       providedInsets:
12-19 18:21:06.286  1237  1775 V WindowManager:         InsetsFrameProvider: {id=#7fe60001, index=0, type=navigationBars, source=FRAME, flags=[SUPPRESS_SCRIM], insetsSize=Insets{left=0, top=0, right=0, bottom=42}, insetsSizeOverrides=[TypedInsetsSize: {windowType=INPUT_METHOD, insetsSize=null}]}
12-19 18:21:06.286  1237  1775 V WindowManager:         InsetsFrameProvider: {id=#7fe60006, index=0, type=tappableElement, source=FRAME, flags=[], insetsSize=Insets{left=0, top=0, right=0, bottom=0}}
12-19 18:21:06.286  1237  1775 V WindowManager:         InsetsFrameProvider: {id=#7fe60005, index=0, type=mandatorySystemGestures, source=FRAME, flags=[], insetsSize=Insets{left=0, top=0, right=0, bottom=90}}
12-19 18:21:06.286  1237  1775 V WindowManager:         InsetsFrameProvider: {id=#7fe60004, index=0, type=systemGestures, source=DISPLAY, flags=[], insetsSize=Insets{left=0, top=0, right=0, bottom=0}, mMinimalInsetsSizeInDisplayCutoutSafe=Insets{left=0, top=0, right=0, bottom=0}}
12-19 18:21:06.286  1237  1775 V WindowManager:         InsetsFrameProvider: {id=#7fe60024, index=1, type=systemGestures, source=DISPLAY, flags=[], insetsSize=Insets{left=0, top=0, right=0, bottom=0}, mMinimalInsetsSizeInDisplayCutoutSafe=Insets{left=0, top=0, right=0, bottom=0}} naviIconColor=0}
12-19 18:21:06.286  1237  1775 V WindowManager:     ROTATION_90={(0,0)(135xfill) gr=RIGHT CENTER_HORIZONTAL layoutInDisplayCutoutMode=always ty=NAVIGATION_BAR fmt=TRANSLUCENT
12-19 18:21:06.286  1237  1775 V WindowManager:       fl=20840028
12-19 18:21:06.286  1237  1775 V WindowManager:       pfl=31001000
12-19 18:21:06.286  1237  1775 V WindowManager:       bhv=DEFAULT
12-19 18:21:06.286  1237  1775 V WindowManager:       providedInsets:
12-19 18:21:06.286  1237  1775 V WindowManager:         InsetsFrameProvider: {id=#7fe60001, index=0, type=navigationBars, source=FRAME, flags=[SUPPRESS_SCRIM], insetsSize=Insets{left=0, top=0, right=42, bottom=0}, insetsSizeOverrides=[TypedInsetsSize: {windowType=INPUT_METHOD, insetsSize=Insets{left=0, top=0, right=42, bottom=0}}]}
12-19 18:21:06.286  1237  1775 V WindowManager:         InsetsFrameProvider: {id=#7fe60006, index=0, type=tappableElement, source=FRAME, flags=[], insetsSize=Insets{left=0, top=0, right=0, bottom=0}}
12-19 18:21:06.286  1237  1775 V WindowManager:         InsetsFrameProvider: {id=#7fe60005, index=0, type=mandatorySystemGestures, source=FRAME, flags=[], insetsSize=Insets{left=0, top=0, right=90, bottom=0}}
12-19 18:21:06.286  1237  1775 V WindowManager:         InsetsFrameProvider: {id=#7fe60004, index=0, type=systemGestures, source=DISPLAY, flags=[], insetsSize=Insets{left=0, top=0, right=0, bottom=0}, mMinimalInsetsSizeInDisplayCutoutSafe=Insets{left=0, top=0, right=0, bottom=0}}
12-19 18:21:06.286  1237  1775 V WindowManager:         InsetsFrameProvider: {id=#7fe60024, index=1, type=systemGestures, source=DISPLAY, flags=[], insetsSize=Insets{left=0, top=0, right=0, bottom=0}, mMinimalInsetsSizeInDisplayCutoutSafe=Insets{left=0, top=0, right=0, bottom=0}} naviIconColor=0}
12-19 18:21:06.286  1237  1775 V WindowManager:     ROTATION_180={(0,0)(fillx135) gr=BOTTOM CENTER_VERTICAL layoutInDisplayCutoutMode=always ty=NAVIGATION_BAR fmt=TRANSLUCENT
12-19 18:21:06.286  1237  1775 V WindowManager:       fl=20840028
12-19 18:21:06.286  1237  1775 V WindowManager:       pfl=31001000
12-19 18:21:06.286  1237  1775 V WindowManager:       bhv=DEFAULT
12-19 18:21:06.286  1237  1775 V WindowManager:       providedInsets:
12-19 18:21:06.287  1237  1775 V WindowManager:         InsetsFrameProvider: {id=#7fe60001, index=0, type=navigationBars, source=FRAME, flags=[SUPPRESS_SCRIM], insetsSize=Insets{left=0, top=0, right=0, bottom=42}, insetsSizeOverrides=[TypedInsetsSize: {windowType=INPUT_METHOD, insetsSize=null}]}
12-19 18:21:06.287  1237  1775 V WindowManager:         InsetsFrameProvider: {id=#7fe60006, index=0, type=tappableElement, source=FRAME, flags=[], insetsSize=Insets{left=0, top=0, right=0, bottom=0}}
12-19 18:21:06.287  1237  1775 V WindowManager:         InsetsFrameProvider: {id=#7fe60005, index=0, type=mandatorySystemGestures, source=FRAME, flags=[], insetsSize=Insets{left=0, top=0, right=0, bottom=90}}
12-19 18:21:06.287  1237  1775 V WindowManager:         InsetsFrameProvider: {id=#7fe60004, index=0, type=systemGestures, source=DISPLAY, flags=[], insetsSize=Insets{left=0, top=0, right=0, bottom=0}, mMinimalInsetsSizeInDisplayCutoutSafe=Insets{left=0, top=0, right=0, bottom=0}}
12-19 18:21:06.287  1237  1775 V WindowManager:         InsetsFrameProvider: {id=#7fe60024, index=1, type=systemGestures, source=DISPLAY, flags=[], insetsSize=Insets{left=0, top=0, right=0, bottom=0}, mMinimalInsetsSizeInDisplayCutoutSafe=Insets{left=0, top=0, right=0, bottom=0}} naviIconColor=0}
12-19 18:21:06.287  1237  1775 V WindowManager:     ROTATION_270={(0,0)(135xfill) gr=LEFT CENTER_HORIZONTAL layoutInDisplayCutoutMode=always ty=NAVIGATION_BAR fmt=TRANSLUCENT
12-19 18:21:06.287  1237  1775 V WindowManager:       fl=20840028
12-19 18:21:06.287  1237  1775 V WindowManager:       pfl=31001000
12-19 18:21:06.287  1237  1775 V WindowManager:       bhv=DEFAULT
12-19 18:21:06.287  1237  1775 V WindowManager:       providedInsets:
12-19 18:21:06.287  1237  1775 V WindowManager:         InsetsFrameProvider: {id=#7fe60001, index=0, type=navigationBars, source=FRAME, flags=[SUPPRESS_SCRIM], insetsSize=Insets{left=42, top=0, right=0, bottom=0}, insetsSizeOverrides=[TypedInsetsSize: {windowType=INPUT_METHOD, insetsSize=Insets{left=42, top=0, right=0, bottom=0}}]}
12-19 18:21:06.287  1237  1775 V WindowManager:         InsetsFrameProvider: {id=#7fe60006, index=0, type=tappableElement, source=FRAME, flags=[], insetsSize=Insets{left=0, top=0, right=0, bottom=0}}
12-19 18:21:06.287  1237  1775 V WindowManager:         InsetsFrameProvider: {id=#7fe60005, index=0, type=mandatorySystemGestures, source=FRAME, flags=[], insetsSize=Insets{left=90, top=0, right=0, bottom=0}}
12-19 18:21:06.287  1237  1775 V WindowManager:         InsetsFrameProvider: {id=#7fe60004, index=0, type=systemGestures, source=DISPLAY, flags=[], insetsSize=Insets{left=0, top=0, right=0, bottom=0}, mMinimalInsetsSizeInDisplayCutoutSafe=Insets{left=0, top=0, right=0, bottom=0}}
12-19 18:21:06.287  1237  1775 V WindowManager:         InsetsFrameProvider: {id=#7fe60024, index=1, type=systemGestures, source=DISPLAY, flags=[], insetsSize=Insets{left=0, top=0, right=0, bottom=0}, mMinimalInsetsSizeInDisplayCutoutSafe=Insets{left=0, top=0, right=0, bottom=0}} naviIconColor=0} naviIconColor=0}
12-19 18:21:06.289 21444 21444 I InsetsSourceConsumer: applyRequestedVisibilityToControl: visible=true, type=statusBars, host=com.android.chrome/org.chromium.chrome.browser.customtabs.CustomTabActivity
12-19 18:21:06.289 27033 27033 I d.chrome_zygote: Using CollectorTypeCMC GC.
12-19 18:21:06.290 21444 21444 V ViewRootImpl@7d57351[CustomTabActivity]: updateAppliedLetterboxDirection, direction=4, Caller=android.view.ViewRootImpl.handleDispatchLetterboxDirectionChanged:14139
12-19 18:21:06.290 26709 26719 W ng.android.lool: ApkAssets: Deleting an ApkAssets object '<empty> and /data/app/~~C9nL_rQM_r1Gm3sik9Q-DQ==/com.shubhumm.hospitalfinder-qHtlKuObYoAkY4kzQGTjQQ==/split_config.arm64_v8a.apk' with 1 weak references
12-19 18:21:06.290 26709 26719 W ng.android.lool: ApkAssets: Deleting an ApkAssets object '<empty> and /data/app/~~C9nL_rQM_r1Gm3sik9Q-DQ==/com.shubhumm.hospitalfinder-qHtlKuObYoAkY4kzQGTjQQ==/split_config.en.apk' with 1 weak references
12-19 18:21:06.290 21444 21444 I cr_CompositorSurfaceMgr: SurfaceState : detach from parent : 0
12-19 18:21:06.291 21444 21444 I SurfaceView@776d2fc: onWindowVisibilityChanged(8) false android.view.SurfaceView{776d2fc V.E...... ........ 0,0-1080,2221} of ViewRootImpl@7d57351[CustomTabActivity]
12-19 18:21:06.291 21444 21444 I SurfaceView: 125227772 Changes: creating=false format=false size=false visible=true alpha=false hint=false visible=true left=false top=false z=false attached=true lifecycleStrategy=false
12-19 18:21:06.291 26709 26719 W ng.android.lool: ApkAssets: Deleting an ApkAssets object '<empty> and /data/app/~~C9nL_rQM_r1Gm3sik9Q-DQ==/com.shubhumm.hospitalfinder-qHtlKuObYoAkY4kzQGTjQQ==/split_config.xxhdpi.apk' with 1 weak references
12-19 18:21:06.291 21444 21444 I SurfaceView@776d2fc: 125227772 Cur surface: Surface(name=null)/@0x1af3c6d
12-19 18:21:06.291 21444 21444 I SurfaceView: 125227772 surfaceDestroyed
12-19 18:21:06.291 21444 21444 I SurfaceView@776d2fc: surfaceDestroyed callback.size 1 #2 android.view.SurfaceView{776d2fc V.E...... ........ 0,0-1080,2221}
12-19 18:21:06.291 21444 21444 E cr_CompositorSurfaceMgr: surfaceDestroyed format : 0
12-19 18:21:06.291 21444 21444 I SurfaceView@776d2fc: updateSurface: mVisible = false mSurface.isValid() = true
12-19 18:21:06.291 21444 21444 I SurfaceView@776d2fc: releaseSurfaces: viewRoot = ViewRootImpl@7d57351[CustomTabActivity]
12-19 18:21:06.291 21444 21444 V SurfaceView@776d2fc: Layout: x=0 y=0 w=1080 h=2221, frame=Rect(0, 0 - 1080, 2221)
12-19 18:21:06.291 21444 21444 I SurfaceView: 125227772 Detaching SV
12-19 18:21:06.291 21444 21444 I SurfaceView: 125227772 Changes: creating=false format=false size=false visible=false alpha=false hint=false visible=false left=false top=false z=false attached=false lifecycleStrategy=false
12-19 18:21:06.291 21444 21444 I SurfaceView@776d2fc: onDetachedFromWindow: tryReleaseSurfaces()
12-19 18:21:06.291 21444 21444 I SurfaceView@776d2fc: releaseSurfaces: viewRoot = ViewRootImpl@7d57351[CustomTabActivity]
12-19 18:21:06.292 26709 27042 I MemoryLowService: Received action com.samsung.android.sm.ACTION_SVC_HANDLE_SYSTEM_MEM_LOW_BR
12-19 18:21:06.295 21444 21444 I ViewRootImpl@7d57351[CustomTabActivity]: registerCallbackForPendingTransactions
12-19 18:21:06.295  1678  1849 D NativeCustomFrequencyManager: [NativeCFMS] BpCustomFrequencyManager::BpCustomFrequencyManager()
12-19 18:21:06.296 21444 21489 D SurfaceView: 53300157 windowPositionLost, frameNr = 3
12-19 18:21:06.297 21444 21583 I ViewRootImpl@7d57351[CustomTabActivity]: mWNT: t=0xb4000071ff6b2c70 mBlastBufferQueue=0xb40000713f6d2510 fn= 3 mRenderHdrSdrRatio=1.0 caller= android.view.ViewRootImpl$6.onFrameDraw:5635 android.view.ViewRootImpl$2.onFrameDraw:2146 android.view.ThreadedRenderer$1.onFrameDraw:792

12-19 18:21:06.312  1678  1849 I BLASTBufferQueue: [bbq-adapter#2223](f:0,a:0,s:0) onFrameAvailable the first frame is available
12-19 18:21:06.313  1678  1849 D OpenGLRenderer: CFMS:: SetUp Pid : 1678    Tid : 1849
12-19 18:21:06.316   925   925 I Layer   : Layer [SurfaceView[com.android.chrome/org.chromium.chrome.browser.customtabs.CustomTabActivity]@0#50728] hidden!! flag(0)
12-19 18:21:06.316   925   925 I Layer   : Layer [SurfaceView[com.android.chrome/org.chromium.chrome.browser.customtabs.CustomTabActivity]@0#50715] hidden!! flag(0)
12-19 18:21:06.316   925   925 I Layer   : Layer [Background for SurfaceView[com.android.chrome/org.chromium.chrome.browser.customtabs.CustomTabActivity]@0#50717] hidden!! flag(0)
12-19 18:21:06.318  1678  1733 V WindowManagerShell:  animated by com.android.wm.shell.transition.DefaultTransitionHandler@a27cfd8
12-19 18:21:06.320  1678  1733 D ShellTaskOrganizer: removeStartingWindow, removalInfo=StartingWindowRemovalInfo{taskId=429 frame=Rect(0, 77 - 1080, 2340) playRevealAnimation=true roundedCornerRadius=0.0 deferRemoveForImeMode=0 windowlessSurface=false removeImmediately=false}
12-19 18:21:06.321  1237  1313 I AppZygote: Starting application preload.
12-19 18:21:06.326   925  1150 I SurfaceFlinger: id=50732 createSurf, flag=44000, com.android.chrome/ChromeNativeWindowSurface#50732
12-19 18:21:06.330 27033 27033 I AppZygoteInit: Beginning application preload for com.android.chrome
12-19 18:21:06.332   925   925 I Layer   : Layer [Top Edge Extension#50725] hidden!! flag(0)
12-19 18:21:06.332   925   925 I Layer   : id=50716 removeFromCurrentState SurfaceView[com.android.chrome/org.chromium.chrome.browser.customtabs.CustomTabActivity]@0(BLAST)#50716 (156)
12-19 18:21:06.333   925   925 I Layer   : id=50715 removeFromCurrentState SurfaceView[com.android.chrome/org.chromium.chrome.browser.customtabs.CustomTabActivity]@0#50715 (156)
12-19 18:21:06.333   925   925 I Layer   : id=50717 removeFromCurrentState Background for SurfaceView[com.android.chrome/org.chromium.chrome.browser.customtabs.CustomTabActivity]@0#50717 (156)
12-19 18:21:06.333   925   925 I Layer   : id=50717 removeFromCurrentState Background for SurfaceView[com.android.chrome/org.chromium.chrome.browser.customtabs.CustomTabActivity]@0#50717 (156)
12-19 18:21:06.335  1678  2422 I ViewRootImpl@9b23163[chrome]: mWNT: t=0xb4000071ff749150 mBlastBufferQueue=0xb40000713f7429f0 fn= 2 mRenderHdrSdrRatio=1.0 caller= android.view.SyncRtSurfaceTransactionApplier.applyTransaction:96 android.view.SyncRtSurfaceTransactionApplier.lambda$scheduleApply$0:69 android.view.SyncRtSurfaceTransactionApplier.$r8$lambda$SgowXC58rj3PR958kHUfRgLZmvE:0
12-19 18:21:06.335  1678  2422 I ViewRootImpl@9b23163[chrome]: mWNT: t=0xb4000071ff6b7290 mBlastBufferQueue=0xb40000713f7429f0 fn= 2 mRenderHdrSdrRatio=1.0 caller= android.view.SyncRtSurfaceTransactionApplier.applyTransaction:96 android.view.SyncRtSurfaceTransactionApplier.lambda$scheduleApply$0:69 android.view.SyncRtSurfaceTransactionApplier.$r8$lambda$SgowXC58rj3PR958kHUfRgLZmvE:0
12-19 18:21:06.336 27033 27033 W ziparchive: Unable to open '/data/app/~~5yXPsFNWFn5MgpT4Ghk7kw==/com.google.android.trichromelibrary_677813533-qvN3S1XgGC2lzpy_CJnM5w==/base.dm': No such file or directory
12-19 18:21:06.336 27033 27033 W ziparchive: Unable to open '/data/app/~~5yXPsFNWFn5MgpT4Ghk7kw==/com.google.android.trichromelibrary_677813533-qvN3S1XgGC2lzpy_CJnM5w==/base.dm': No such file or directory
12-19 18:21:06.340   925  2713 I SurfaceFlinger: id=50716 Removed SurfaceView[com.android.chrome/org.chromium.chrome.browser.customtabs.CustomTabActivity]@0(BLAST)#50716 (156)
12-19 18:21:06.340   925  2713 I SurfaceFlinger: id=50715 Removed SurfaceView[com.android.chrome/org.chromium.chrome.browser.customtabs.CustomTabActivity]@0#50715 (156)
12-19 18:21:06.340   925  2713 I SurfaceFlinger: id=50717 Removed Background for SurfaceView[com.android.chrome/org.chromium.chrome.browser.customtabs.CustomTabActivity]@0#50717 (156)
12-19 18:21:06.341 27033 27033 W d.chrome_zygote: Entry not found
12-19 18:21:06.341  1237  1303 D DmaBufLeakDetector: system:           222428 kB
12-19 18:21:06.341  1237  1303 D DmaBufLeakDetector: system-uncached:  215268 kB
12-19 18:21:06.342  1237  1303 I DmaBufLeakDetector: DmaBuf : 437696 KB
12-19 18:21:06.345 27033 27033 D nativeloader: Configuring clns-4 for other apk /data/app/~~5yXPsFNWFn5MgpT4Ghk7kw==/com.google.android.trichromelibrary_677813533-qvN3S1XgGC2lzpy_CJnM5w==/base.apk. target_sdk_version=34, uses_libraries=ALL, library_path=/data/app/~~W9saJqIomnX2lm6HFhzUPQ==/com.android.chrome-MMhy90xjMDpfFUZjKU-0ew==/lib/arm64:/data/app/~~W9saJqIomnX2lm6HFhzUPQ==/com.android.chrome-MMhy90xjMDpfFUZjKU-0ew==/base.apk!/lib/arm64-v8a:/data/app/~~5yXPsFNWFn5MgpT4Ghk7kw==/com.google.android.trichromelibrary_677813533-qvN3S1XgGC2lzpy_CJnM5w==/base.apk!/lib/arm64-v8a, permitted_path=/data:/mnt/expand
12-19 18:21:06.345 27033 27033 D nativeloader: Extending system_exposed_libraries: libhumantracking.arcsoft.so:libPortraitDistortionCorrection.arcsoft.so:libPortraitDistortionCorrectionCali.arcsoft.so:libface_landmark.arcsoft.so:libFacialStickerEngine.arcsoft.so:libveengine.arcsoft.so:liblow_light_hdr.arcsoft.so:libhigh_dynamic_range.arcsoft.so:libobjectcapture_jni.arcsoft.so:libobjectcapture.arcsoft.so:libFacialAttributeDetection.arcsoft.so:libaudiomirroring_jni.audiomirroring.samsung.so:libBeauty_v4.camera.samsung.so:libexifa.camera.samsung.so:libjpega.camera.samsung.so:libOpenCv.camera.samsung.so:libImageScreener.camera.samsung.so:libMyFilter.camera.samsung.so:libtensorflowLite.myfilter.camera.samsung.so:libtensorflowlite_inference_api.myfilter.camera.samsung.so:libHIDTSnapJNI.camera.samsung.so:libSmartScan.camera.samsung.so:libRectify.camera.samsung.so:libDocRectifyWrapper.camera.samsung.so:libUltraWideDistortionCorrection.camera.samsung.so:libFace_Landmark_API.camera.samsung.so:libHpr_RecGAE_cvFeature_v1.0.camera.samsung.so:libHprFace_GAE_api.camera
12-19 18:21:06.349  1237  1303 I ActivityTaskManager: Displayed com.android.chrome/org.chromium.chrome.browser.customtabs.CustomTabActivity for user 0: +224ms
12-19 18:21:06.349  1237  1303 I Pageboost: Launch time gathered : pid 21444 com.android.chrome 224
12-19 18:21:06.349  1237  1303 W Looper  : Slow dispatch took 164ms android.fg h=android.os.Handler c=com.android.server.wm.ActivityMetricsLogger$$ExternalSyntheticLambda4@1616cea m=0
12-19 18:21:06.349   925   925 I Layer   : id=50715 Destroyed SurfaceView[com.android.chrome/org.chromium.chrome.browser.customtabs.CustomTabActivity]@0#50715
12-19 18:21:06.349   925   925 I Layer   : id=50716 Destroyed SurfaceView[com.android.chrome/org.chromium.chrome.browser.customtabs.CustomTabActivity]@0(BLAST)#50716
12-19 18:21:06.349   925   925 I Layer   : id=50717 Destroyed Background for SurfaceView[com.android.chrome/org.chromium.chrome.browser.customtabs.CustomTabActivity]@0#50717
12-19 18:21:06.351  2674  2674 E pageboostd: Received HALT command code 2
12-19 18:21:06.352  1678  2421 I ViewRootImpl@9b23163[chrome]: mWNT: t=0xb4000071ff6b7290 mBlastBufferQueue=0xb40000713f7429f0 fn= 3 mRenderHdrSdrRatio=1.0 caller= android.view.SyncRtSurfaceTransactionApplier.applyTransaction:96 android.view.SyncRtSurfaceTransactionApplier.lambda$scheduleApply$0:69 android.view.SyncRtSurfaceTransactionApplier.$r8$lambda$SgowXC58rj3PR958kHUfRgLZmvE:0
12-19 18:21:06.356 27033 27033 D nativeloader: Configuring clns-5 for other apk /data/app/~~W9saJqIomnX2lm6HFhzUPQ==/com.android.chrome-MMhy90xjMDpfFUZjKU-0ew==/base.apk. target_sdk_version=34, uses_libraries=, library_path=/data/app/~~W9saJqIomnX2lm6HFhzUPQ==/com.android.chrome-MMhy90xjMDpfFUZjKU-0ew==/lib/arm64:/data/app/~~W9saJqIomnX2lm6HFhzUPQ==/com.android.chrome-MMhy90xjMDpfFUZjKU-0ew==/base.apk!/lib/arm64-v8a:/data/app/~~5yXPsFNWFn5MgpT4Ghk7kw==/com.google.android.trichromelibrary_677813533-qvN3S1XgGC2lzpy_CJnM5w==/base.apk!/lib/arm64-v8a, permitted_path=/data:/mnt/expand
12-19 18:21:06.365 27033 27033 I cr_ZygotePreload: version=131.0.6778.135 (677813533) minSdkVersion=29 isBundle=true
12-19 18:21:06.371  1678  2422 I ViewRootImpl@9b23163[chrome]: mWNT: t=0xb4000071ff77e5d0 mBlastBufferQueue=0xb40000713f7429f0 fn= 4 mRenderHdrSdrRatio=1.0 caller= android.view.SyncRtSurfaceTransactionApplier.applyTransaction:96 android.view.SyncRtSurfaceTransactionApplier.lambda$scheduleApply$0:69 android.view.SyncRtSurfaceTransactionApplier.$r8$lambda$SgowXC58rj3PR958kHUfRgLZmvE:0
12-19 18:21:06.371  1237  1775 D InputDispatcher: Focus entered window (0): e47c0f4 com.android.chrome/org.chromium.chrome.browser.customtabs.CustomTabActivity
12-19 18:21:06.371 21444 21444 I ViewRootImpl@7d57351[CustomTabActivity]: handleWindowFocusChanged: 1 0 call from android.view.ViewRootImpl.-$$Nest$mhandleWindowFocusChanged:0
12-19 18:21:06.372 21444 21444 D ViewRootImpl@7d57351[CustomTabActivity]: mThreadedRenderer.initializeIfNeeded()#2 mSurface={isValid=true 0xb40000729f6f3290}
12-19 18:21:06.374 21444 21444 D InputMethodManagerUtils: startInputInner - Id : 0
12-19 18:21:06.374 21444 21444 I InputMethodManager: startInputInner - IInputMethodManagerGlobalInvoker.startInputOrWindowGainedFocus
12-19 18:21:06.374   925   925 D SurfaceFlinger: Display 4633128672291735931 HWC layers:
12-19 18:21:06.374   925   925 D SurfaceFlinger:      CLIENT | 0xb400007929b47e90 | 0102 | RGBA_8888    |    0.0    0.0 1080.0    8.0 |    0 2332 1080 2340 | bbq-wrapper#50723
12-19 18:21:06.374   925   925 D SurfaceFlinger:      CLIENT | 0xb400007929b8b110 | 0102 | RGBA_8888    |    0.0    8.0 1080.0 2340.0 |    0    0 1080 2332 | com.shubhumm.hospitalfinder/com.shub[...]italfinder.MainActivity$_26843#50682
12-19 18:21:06.374   925   925 D SurfaceFlinger:      CLIENT | 0xb400007929b5ee10 | 0102 | RGBA_8888    |    0.0   49.0 1080.0  438.0 |    0    0 1080  389 | bbq-wrapper#50731
12-19 18:21:06.374   925   925 D SurfaceFlinger:      CLIENT |              | 0000 |  Unknown  |    0.0    0.0    0.0    0.0 |    0    0 1080 2340 | DimTransitionLayer for Surface(name=Task=429)/@0xb0e6824#50724
12-19 18:21:06.374   925   925 D SurfaceFlinger:  SOLID_COLOR |              | 0000 |  Unknown  |    0.0    0.0    0.0    0.0 |    0  389 1080  466 | Letterbox - top#50713
12-19 18:21:06.374   925   925 D SurfaceFlinger:      DEVICE | 0xb400007929b45650 | 0100 | RGBA_8888    |    0.0    0.0 1080.0 1874.0 |    0  466 1080 2340 | com.android.chrome/org.chromium.chro[...]mtabs.CustomTabActivity$_21444#50710
12-19 18:21:06.374   925   925 D SurfaceFlinger:      DEVICE | 0xb400007929b37490 | 0100 | RGBA_8888    |    0.0    0.
12-19 18:21:06.374   925   925 D SurfaceFlinger: 0 1080.0 1874.0 |    0  466 1080 2340 | Splash Screen com.android.chrome$_1678#50708
12-19 18:21:06.374   925   925 D SurfaceFlinger:      DEVICE | 0xb400007929b5e390 | 0100 | RGBA_8888    |    0.0    0.0 1080.0   77.0 |    0    0 1080   77 | StatusBar$_1678#91
12-19 18:21:06.374   925   925 D SurfaceFlinger:      DEVICE | 0xb400007929b6b050 | 0100 | RGBA_8888    |    0.0    0.0   67.0  342.0 | 1013  587 1080  929 | com.sec.android.app.launcher/com.sam[...].edge.CocktailBarService$_2218#50389
12-19 18:21:06.374   925   925 D SurfaceFlinger:      DEVICE | 0xb400007929b76f10 | 0100 | RGBA_8888    |    0.0    0.0  388.0   90.0 |  692 2250 1080 2340 | SGestureOverlayWindow$_2218#50386
12-19 18:21:06.374   925   925 D SurfaceFlinger:      DEVICE | 0xb400007929b83f50 | 0100 | RGBA_8888    |    0.0    0.0 1080.0  135.0 |    0 2205 1080 2340 | NavigationBar0$_1678#87
12-19 18:21:06.374   925   925 D SurfaceFlinger:
12-19 18:21:06.375  1237  1292 D CompatibilityChangeReporter: Compat change id reported: 214016041; UID 10231; state: ENABLED
12-19 18:21:06.375  1237  1292 D InputMethodManagerService: setWindowStateInner, windowToken=android.os.BinderProxy@53ac2c7, state=ImeTargetWindowState{ imeToken null imeFocusChanged true hasEditorFocused false requestedImeVisible false imeDisplayId 0 softInputModeState STATE_UNSPECIFIED|ADJUST_RESIZE|IS_FORWARD_NAVIGATION isStartInputByGainFocus true}
12-19 18:21:06.375  1237  1292 V InputMethodManagerService: Unspecified window will hide input
12-19 18:21:06.375  1237  1292 V InputMethodManagerService: applyImeVisibility state=6
12-19 18:21:06.375  1237  1292 I ImeTracker: com.android.chrome:5ad31076: onRequestHide at ORIGIN_SERVER_HIDE_INPUT reason HIDE_UNSPECIFIED_WINDOW
12-19 18:21:06.375  1237  1292 D InputMethodManagerService: setWindowStateInner, windowToken=android.os.BinderProxy@53ac2c7, state=ImeTargetWindowState{ imeToken android.os.Binder@393ac90 imeFocusChanged true hasEditorFocused false requestedImeVisible false imeDisplayId 0 softInputModeState STATE_UNSPECIFIED|ADJUST_RESIZE|IS_FORWARD_NAVIGATION isStartInputByGainFocus true}
12-19 18:21:06.375  1237  1292 I ImeTracker: com.android.chrome:5ad31076: onCancelled at PHASE_SERVER_SHOULD_HIDE
12-19 18:21:06.375  1237  1292 V InputMethodManagerService: hideCurrentInputLocked : canceled, shouldHideSoftInput=false, mInputShown=false, mImeWindowVis=0
12-19 18:21:06.375  1237  1292 D InputMethodManagerService: mDesktopModeManager null!
12-19 18:21:06.375  1237  1292 V InputMethodManagerService: getDisplayIdOfInputMethodWindowToBeAdded: displayId=0
12-19 18:21:06.375 27033 27033 I cr_LibraryLoader: Loading monochrome_64 from within /data/app/~~W9saJqIomnX2lm6HFhzUPQ==/com.android.chrome-MMhy90xjMDpfFUZjKU-0ew==/base.apk
12-19 18:21:06.376 27033 27033 I cr_Linker: loadLibraryImplLocked: monochrome_64, relroMode=1
12-19 18:21:06.377  1237  1292 D InputMethodManagerService: isImeSwitcherDisabledPackage : false
12-19 18:21:06.377  1237  1292 D InputMethodManagerService: checkDisplayOfStartInputAndUpdateKeyboard: displayId=0, mFocusedDisplayId=0
12-19 18:21:06.377  1237  1292 D InputTransport: Input channel constructed: 'ClientS', fd=1144
12-19 18:21:06.378  1237  1292 D InputTransport: Input channel destroyed: 'ClientS', fd=1144
12-19 18:21:06.380  1237  2194 D RestrictionPolicy: isScreenCaptureEnabled : ret=true userId=0
12-19 18:21:06.380  4473  4473 D InputMethodService: unregisterCompatOnBackInvokedCallback return because registered : false
12-19 18:21:06.380  4473  4473 D InputMethodService: updateClientDisplayId: displayId=0, mClientDisplayId=0
12-19 18:21:06.381  1237  2194 I WindowManager: Cancelling animation restarting=true, leash=Surface(name=Surface(name=c062606 InputMethod)/@0x10d4af4 - animation-leash of insets_animation)/@0x20ae51e
12-19 18:21:06.381  1237  2194 I WindowManager: Reparenting to original parent: Surface(name=WindowToken{8459601 type=2011 android.os.Binder@557bfe8})/@0xc37721d, destroy=false, surface=Surface(name=c062606 InputMethod)/@0x10d4af4
12-19 18:21:06.382  1237  2194 I WindowManager: Reparenting to leash, surface=Surface(name=c062606 InputMethod)/@0x10d4af4, leashParent=Surface(name=WindowToken{8459601 type=2011 android.os.Binder@557bfe8})/@0xc37721d
12-19 18:21:06.382 26843 26843 D InputTransport: Input channel destroyed: 'ClientS', fd=141
12-19 18:21:06.385   925   971 I SurfaceFlinger: id=50733 createSurf, flag=24004, Surface(name=c062606 InputMethod)/@0x10d4af4 - animation-leash of insets_animation#50733
12-19 18:21:06.389  4473  4473 W I       : onStartInput event aborted
12-19 18:21:06.389  4473  4473 W I       : Am.E: could not obtain extracted text
12-19 18:21:06.389  4473  4473 W I       :      at Am.a0.I(SourceFile:325)
12-19 18:21:06.389  4473  4473 W I       :      at zj.y.q(SourceFile:327)
12-19 18:21:06.389  4473  4473 W I       :      at zj.H0.q(SourceFile:3)
12-19 18:21:06.389  4473  4473 W I       :      at com.touchtype.KeyboardService.onStartInput(SourceFile:12)
12-19 18:21:06.389  4473  4473 W I       :      at android.inputmethodservice.InputMethodService.doStartInput(InputMethodService.java:3604)
12-19 18:21:06.389  4473  4473 W I       :      at android.inputmethodservice.InputMethodService$InputMethodImpl.startInput(InputMethodService.java:854)
12-19 18:21:06.389  4473  4473 W I       :      at android.inputmethodservice.InputMethodService$InputMethodImpl.dispatchStartInput(InputMethodService.java:883)
12-19 18:21:06.389  4473  4473 W I       :      at android.inputmethodservice.IInputMethodWrapper.executeMessage(IInputMethodWrapper.java:202)
12-19 18:21:06.389  4473  4473 W I       :      at com.android.internal.os.HandlerCaller$MyHandler.handleMessage(HandlerCaller.java:44)
12-19 18:21:06.389  4473  4473 W I       :      at android.os.Handler.dispatchMessage(Handler.java:106)
12-19 18:21:06.389  4473  4473 W I       :      at android.os.Looper.loopOnce(Looper.java:230)
12-19 18:21:06.389  4473  4473 W I       :      at android.os.Looper.loop(Looper.java:319)
12-19 18:21:06.389  4473  4473 W I       :      at android.app.ActivityThread.main(ActivityThread.java:8919)
12-19 18:21:06.389  4473  4473 W I       :      at java.lang.reflect.Method.invoke(Native Method)
12-19 18:21:06.389  4473  4473 W I       :      at com.android.internal.os.RuntimeInit$MethodAndArgsCaller.run(RuntimeInit.java:578)
12-19 18:21:06.389  4473  4473 W I       :      at com.android.internal.os.ZygoteInit.main(ZygoteInit.java:1103)
12-19 18:21:06.390 14336 17659 I SyncManager: (REDACTED) Executing sync(type=%s%s)
12-19 18:21:06.391  1237  2194 D WindowManager: makeSurface duration=7 leash=Surface(name=Surface(name=c062606 InputMethod)/@0x10d4af4 - animation-leash of insets_animation)/@0xb5271cb
12-19 18:21:06.392  1237  2194 D InsetsSourceProvider: updateControlForTarget: control=InsetsSourceControl: {3 mType=ime mSurfacePosition=Point(77, 68) mInsetsHint=Insets{left=0, top=0, right=0, bottom=937}}, target=Window{e47c0f4 u0 com.android.chrome/org.chromium.chrome.browser.customtabs.CustomTabActivity}, from=com.android.server.wm.ImeInsetsSourceProvider.updateControlForTarget:165 com.android.server.wm.InsetsStateController.onControlTargetChanged:358 com.android.server.wm.InsetsStateController.onImeControlTargetChanged:302 com.android.server.wm.DisplayContent.updateImeControlTarget:5727 com.android.server.wm.DisplayContent.updateImeInputAndControlTarget:5687
12-19 18:21:06.397   925  1780 I SurfaceFlinger: id=50734 createSurf, flag=44000, com.android.chrome/ChromeChildSurface#50734
12-19 18:21:06.402  1237  2314 V WindowManager: Relayout Window{2d5cf3d u0 Splash Screen com.android.chrome}: viewVisibility=8 req=1080x2263 ty=3 d0
12-19 18:21:06.403   925   925 I Layer   : Layer [com.android.chrome/ChromeChildSurface#50734] hidden!! flag(258)
12-19 18:21:06.404   925   925 I Layer   : id=50702 removeFromCurrentState Surface(name=c062606 InputMethod)/@0x10d4af4 - animation-leash of insets_animation#50702 (155)
12-19 18:21:06.406   925   925 I SurfaceFlinger: id=50702 Removed Surface(name=c062606 InputMethod)/@0x10d4af4 - animation-leash of insets_animation#50702 (155)
12-19 18:21:06.407 21444 21444 I InsetsSourceConsumer: applyRequestedVisibilityToControl: visible=false, type=ime, host=com.android.chrome/org.chromium.chrome.browser.customtabs.CustomTabActivity
12-19 18:21:06.407  1237  5203 D InputMethodManagerService: isImeSwitcherDisabledPackage : false
12-19 18:21:06.409  1237  2314 V WindowManager: Relayout hash=2d5cf3d, pid=1678, syncId=-1: mAttrs={(0,0)(fillxfill) sim={adjust=pan} ty=APPLICATION_STARTING fmt=TRANSLUCENT wanim=0x1030303 alpha=0.0
12-19 18:21:06.409  1237  2314 V WindowManager:   fl=81030118
12-19 18:21:06.409  1237  2314 V WindowManager:   pfl=16000010
12-19 18:21:06.409  1237  2314 V WindowManager:   bhv=DEFAULT
12-19 18:21:06.409  1237  2314 V WindowManager:   fitSides= naviIconColor=0}
12-19 18:21:06.409  1034  4971 I CameraService: onUidStateChanged: uid=10046, procState is changed. (1 -> 0)
12-19 18:21:06.410  1678  1745 I ViewRootImpl@9b23163[chrome]: Relayout returned: old=(0,77,1080,2340) new=(0,77,1080,2340) relayoutAsync=false req=(1080,2263)8 dur=19 res=0x200402 s={false 0x0} ch=true seqId=0
12-19 18:21:06.410  1678  1745 I ViewRootImpl@9b23163[chrome]: dispatchDetachedFromWindow
12-19 18:21:06.410  1237  1292 D WindowManager: Starting window removed Window{2d5cf3d u0 Splash Screen com.android.chrome EXITING}
12-19 18:21:06.410  1237  1292 I WindowManager: Cancelling animation restarting=false, leash=Surface(name=Surface(name=e47c0f4 com.android.chrome/org.chromium.chrome.browser.customtabs.CustomTabActivity)/@0xb73771a - animation-leash of starting_reveal)/@0x2d07541
12-19 18:21:06.410  1237  1292 I WindowManager: Reparenting to original parent: Surface(name=ActivityRecord{8d727ce u0 com.android.chrome/org.chromium.chrome.browser.customtabs.CustomTabActivity t429})/@0xfe4c805, destroy=false, surface=Surface(name=e47c0f4 com.android.chrome/org.chromium.chrome.browser.customtabs.CustomTabActivity)/@0xb73771a
12-19 18:21:06.410  1237  1292 D InputTransport: Input channel destroyed: '2d5cf3d', fd=1022
12-19 18:21:06.410  1237  1292 W InputManager-JNI: Input channel object '2d5cf3d Splash Screen com.android.chrome (client)' was disposed without first being removed with the input manager!
12-19 18:21:06.410  1237  1292 D InputTransport: Input channel destroyed: '2d5cf3d', fd=1042
12-19 18:21:06.411  1237  1292 V WindowManager: Remove Window{2d5cf3d u0 Splash Screen com.android.chrome EXITING}: mSurfaceController=Surface(name=Splash Screen com.android.chrome$_1678)/@0x51d4f43 mAnimatingExit=true mRemoveOnExit=false mHasSurface=true surfaceShowing=true animating=false app-animation=false mDisplayFrozen=false callers=com.android.server.wm.WindowManagerService.removeWindow:2148 com.android.server.wm.Session.remove:257 android.view.IWindowSession$Stub.onTransact:747 com.android.server.wm.Session.onTransact:204 android.os.Binder.execTransactInternal:1375 android.os.Binder.execTransact:1311
12-19 18:21:06.411 27033 27033 I AppZygoteInit: Application preload done
12-19 18:21:06.412  4473  4473 I InputMethodService: scheduleImeSurfaceRemoval: removeImeSurface is posted.
12-19 18:21:06.413  1237  1313 I AppZygote: Application preload done.
12-19 18:21:06.413  1678  1678 D NavigationBar: setImeWindowStatus displayId=0 vis=0 backDisposition=0 showImeSwitcher=false imeShown=false
12-19 18:21:06.416  1678  1745 D InputTransport: Input channel destroyed: '2d5cf3d', fd=523
12-19 18:21:06.420   925   925 D SurfaceFlinger: Display 4633128672291735931 HWC layers:
12-19 18:21:06.420   925   925 D SurfaceFlinger:      DEVICE | 0xb400007929b47e90 | 0102 | RGBA_8888    |    0.0    0.0 1080.0   32.0 |    0 2308 1080 2340 | bbq-wrapper#50723
12-19 18:21:06.420   925   925 D SurfaceFlinger:      DEVICE | 0xb400007929b8b110 | 0102 | RGBA_8888    |    0.0   32.0 1080.0 2340.0 |    0    0 1080 2308 | com.shubhumm.hospitalfinder/com.shub[...]italfinder.MainActivity$_26843#50682
12-19 18:21:06.420   925   925 D SurfaceFlinger:      DEVICE | 0xb400007929b5ee10 | 0102 | RGBA_8888    |    0.0  192.0 1080.0  438.0 |    0    0 1080  246 | bbq-wrapper#50731
12-19 18:21:06.420   925   925 D SurfaceFlinger:  SOLID_COLOR |              | 0000 |  Unknown  |    0.0    0.0    0.0    0.0 |    0    0 1080 2340 | DimTransitionLayer for Surface(name=Task=429)/@0xb0e6824#50724
12-19 18:21:06.420   925   925 D SurfaceFlinger:  SOLID_COLOR |              | 0000 |  Unknown  |    0.0    0.0    0.0    0.0 |    0  246 1080  323 | Letterbox - top#50713
12-19 18:21:06.420   925   925 D SurfaceFlinger:      DEVICE | 0xb400007929b84f10 | 0102 | RGBA_8888    |    0.0    0.0 1080.0 2017.0 |    0  323 1080 2340 | com.android.chrome/ChromeChildSurface#50734
12-19 18:21:06.420   925   925 D SurfaceFlinger:      DEVICE | 0xb400007929b41c90 | 0100 | RGBA_8888    |    0.0    0.0 1080.0 2017.0 |    0  323 1080
12-19 18:21:06.420   925   925 D SurfaceFlinger: 2340 | com.android.chrome/org.chromium.chro[...]mtabs.CustomTabActivity$_21444#50710
12-19 18:21:06.420   925   925 D SurfaceFlinger:      CLIENT | 0xb400007929b2ec10 | 0100 | RGBA_8888    |    0.0    0.0 1080.0 2017.0 |    0  323 1080 2340 | Splash Screen com.android.chrome$_1678#50708
12-19 18:21:06.420   925   925 D SurfaceFlinger:      CLIENT | 0xb400007929b5e390 | 0100 | RGBA_8888    |    0.0    0.0 1080.0   77.0 |    0    0 1080   77 | StatusBar$_1678#91
12-19 18:21:06.420   925   925 D SurfaceFlinger:      CLIENT | 0xb400007929b6b050 | 0100 | RGBA_8888    |    0.0    0.0   67.0  342.0 | 1013  587 1080  929 | com.sec.android.app.launcher/com.sam[...].edge.CocktailBarService$_2218#50389
12-19 18:21:06.420   925   925 D SurfaceFlinger:      CLIENT | 0xb400007929b76f10 | 0100 | RGBA_8888    |    0.0    0.0  388.0   90.0 |  692 2250 1080 2340 | SGestureOverlayWindow$_2218#50386
12-19 18:21:06.420   925   925 D SurfaceFlinger:      CLIENT | 0xb400007929b83f50 | 0100 | RGBA_8888    |    0.0    0.0 1080.0  135.0 |    0 2205 1080 2340 | NavigationBar0$_1678#87
12-19 18:21:06.420   925   925 D SurfaceFlinger:
12-19 18:21:06.420  2218  2218 I Edge.TrayVisibilityController: getComputedTrayVisible : keyguardState = 1
12-19 18:21:06.420  2218  2218 I Edge.TrayVisibilityController: updateTrayVisible: State=1 visible=1 mCurrentVisible=1 specificMode=0
12-19 18:21:06.420  2218  2218 I Edge.TrayStateController: onNotifyUpdateTray: state=0
12-19 18:21:06.420   925   925 I Layer   : id=50726 removeFromCurrentState Surface(name=e47c0f4 com.android.chrome/org.chromium.chrome.browser.customtabs.CustomTabActivity)/@0xb73771a - animation-leash of starting_reveal#50726 (155)
12-19 18:21:06.421   925   925 I Layer   : id=50702 Destroyed Surface(name=c062606 InputMethod)/@0x10d4af4 - animation-leash of insets_animation#50702
12-19 18:21:06.425 21444 21444 I SurfaceView: 35796975 finishedDrawing
12-19 18:21:06.428 14336 17659 I SyncManager: (REDACTED) Executing sync(type=%s) finished in %s
12-19 18:21:06.431 14336 17659 I SyncManager: (REDACTED) Executing sync(type=%s%s)
12-19 18:21:06.432 14336 17659 I SyncManager: (REDACTED) Executing sync(type=%s) finished in %s
12-19 18:21:06.434   925   925 D SurfaceFlinger: Display 4633128672291735931 HWC layers:
12-19 18:21:06.434   925   925 D SurfaceFlinger:      DEVICE | 0xb400007929b47e90 | 0102 | RGBA_8888    |    0.0    0.0 1080.0   43.0 |    0 2297 1080 2340 | bbq-wrapper#50723
12-19 18:21:06.434   925   925 D SurfaceFlinger:      DEVICE | 0xb400007929b8b110 | 0102 | RGBA_8888    |    0.0   43.0 1080.0 2340.0 |    0    0 1080 2297 | com.shubhumm.hospitalfinder/com.shub[...]italfinder.MainActivity$_26843#50682
12-19 18:21:06.434   925   925 D SurfaceFlinger:      DEVICE | 0xb400007929b5ee10 | 0102 | RGBA_8888    |    0.0  259.0 1080.0  438.0 |    0    0 1080  179 | bbq-wrapper#50731
12-19 18:21:06.434   925   925 D SurfaceFlinger:  SOLID_COLOR |              | 0000 |  Unknown  |    0.0    0.0    0.0    0.0 |    0    0 1080 2340 | DimTransitionLayer for Surface(name=Task=429)/@0xb0e6824#50724
12-19 18:21:06.434   925   925 D SurfaceFlinger:  SOLID_COLOR |              | 0000 |  Unknown  |    0.0    0.0    0.0    0.0 |    0  179 1080  256 | Letterbox - top#50713
12-19 18:21:06.434   925   925 D SurfaceFlinger:      DEVICE | 0xb400007929b84f10 | 0102 | RGBA_8888    |    0.0    0.0 1080.0 2084.0 |    0  256 1080 2340 | com.android.chrome/ChromeChildSurface#50734
12-19 18:21:06.434   925   925 D SurfaceFlinger:      DEVICE | 0xb400007929b5ce90 | 0100 | RGBA_8888    |    0.0    0.0 1080.0 2084.0 |    0  256 1080
12-19 18:21:06.435   925   925 D SurfaceFlinger: 2340 | com.android.chrome/org.chromium.chro[...]mtabs.CustomTabActivity$_21444#50710
12-19 18:21:06.435   925   925 D SurfaceFlinger:      CLIENT | 0xb400007929b5e390 | 0100 | RGBA_8888    |    0.0    0.0 1080.0   77.0 |    0    0 1080   77 | StatusBar$_1678#91
12-19 18:21:06.435   925   925 D SurfaceFlinger:      CLIENT | 0xb400007929b6b050 | 0100 | RGBA_8888    |    0.0    0.0   67.0  342.0 | 1013  587 1080  929 | com.sec.android.app.launcher/com.sam[...].edge.CocktailBarService$_2218#50389
12-19 18:21:06.435   925   925 D SurfaceFlinger:      CLIENT | 0xb400007929b76f10 | 0100 | RGBA_8888    |    0.0    0.0  388.0   90.0 |  692 2250 1080 2340 | SGestureOverlayWindow$_2218#50386
12-19 18:21:06.435   925   925 D SurfaceFlinger:      CLIENT | 0xb400007929b83f50 | 0100 | RGBA_8888    |    0.0    0.0 1080.0  135.0 |    0 2205 1080 2340 | NavigationBar0$_1678#87
12-19 18:21:06.435   925   925 D SurfaceFlinger:
12-19 18:21:06.441 27033 27033 I Zygote  : Entering forkRepeatedly native zygote loop
12-19 18:21:06.444  1237  2314 I ActivityManager: Flag disabled. Ignoring finishAttachApplication from uid: 10146. pid: 27009
12-19 18:21:06.458 27033 27033 D Zygote  : Forked child process 27052
12-19 18:21:06.461  1237  1313 W ActivityManager: Slow operation: 247ms so far, now at startProcess: returned from zygote!
12-19 18:21:06.461  1237  1313 W ActivityManager: Slow operation: 247ms so far, now at startProcess: done updating battery stats
12-19 18:21:06.461  1237  1313 W ActivityManager: Slow operation: 247ms so far, now at startProcess: building log message
12-19 18:21:06.461  1237  1313 I ActivityManager: Start proc 27052:com.android.chrome:sandboxed_process0:org.chromium.content.app.SandboxedProcessService0:17/u0ai0 for  {com.android.chrome/org.chromium.content.app.SandboxedProcessService0:17}
12-19 18:21:06.462  1237  1313 W ActivityManager: Slow operation: 247ms so far, now at startProcess: starting to update pids map
12-19 18:21:06.462  1237  1313 W ActivityManager: Slow operation: 247ms so far, now at startProcess: done updating pids map
